10-01 11:28:21.266  1457  1943 I chatty  : uid=1000(system) FLP Service Cal expire 10 lines
10-01 11:28:21.274   709  1150 D MTService: Response OK, size: 64
10-01 11:28:21.274   709  1150 D QSEECOMAPI: QSEECom_dealloc_memory 
10-01 11:28:21.274   709  1150 D QSEECOMAPI: QSEECom_shutdown_app, app_id = 720898
10-01 11:28:21.282  2373  2682 W PushService: 2018-10-01 11:28:21,282 - [WARN::PushService] - [Thread:80] SMACK: channel bind succeeded, chid=5
10-01 11:28:21.285  2373  2682 W PushService: 2018-10-01 11:28:21,283 - [WARN::PushService] - [Thread:80] Perf_code  packetType  1009  length 227
10-01 11:28:21.285  1457  1457 V PerfShielderService: Miui performance service connected!
10-01 11:28:21.285  2373  2682 W PushService: 2018-10-01 11:28:21,285 - [WARN::PushService] - [Thread:80] try send mi push message. packagename:com.xiaomi.xmsf action:Notification
10-01 11:28:21.286  2373  2682 W PushService: 2018-10-01 11:28:21,286 - [WARN::PushService] - [Thread:80] Perf_code  packetType  1010  length 227
10-01 11:28:21.287  2373  2682 W PushService: 2018-10-01 11:28:21,287 - [WARN::PushService] - [Thread:80] try send mi push message. packagename:com.xiaomi.xmsf action:Command
10-01 11:28:21.288  2373  2682 W PushService: 2018-10-01 11:28:21,288 - [WARN::PushService] - [Thread:80] Perf_code  packetType  1009  length 260
10-01 11:28:21.292  2373  2682 W PushService: 2018-10-01 11:28:21,291 - [WARN::PushService] - [Thread:80] try send mi push message. packagename:com.xiaomi.finddevice action:Notification
10-01 11:28:21.295  2373  2682 W PushService: 2018-10-01 11:28:21,295 - [WARN::PushService] - [Thread:80] Perf_code  packetType  1010  length 300
10-01 11:28:21.295  3175  3175 I         : Never hook EnableMethodTracing
10-01 11:28:21.295  3175  3175 I         : Never hook DisableMethodTracing
10-01 11:28:21.295  3175  3175 I         : sConfigureStubsHookFlag is 0x3, so we must hook ConfigureStubs for methodtracing
10-01 11:28:21.295  3175  3175 I         : Hook ConfigureStubs
10-01 11:28:21.296  3175  3175 I         : create_mem miui-classproxy page:0x7fa1db1000, size:4096
10-01 11:28:21.301  2373  2682 W PushService: 2018-10-01 11:28:21,300 - [WARN::PushService] - [Thread:80] try send mi push message. packagename:com.xiaomi.finddevice action:Command
10-01 11:28:21.303  2373  2682 W PushService: 2018-10-01 11:28:21,303 - [WARN::PushService] - [Thread:80] update the client 5 status. binding->binded OPEN ERROR_OK null null
10-01 11:28:21.305   709  1150 D IMTService: sign length: 128
10-01 11:28:21.306  2373  2682 W PushService: 2018-10-01 11:28:21,306 - [WARN::PushService] - [Thread:80] JOB: notify job
10-01 11:28:21.309  2861  3277 D NetworkSecurityConfig: No Network Security Config specified, using platform default
10-01 11:28:21.318  2144  2144 I QImsService: ImsServiceAutoboot : org.codeaurora.ims.ImsService is already running. android.intent.action.LOCKED_BOOT_COMPLETED ignored. 
10-01 11:28:21.319  2555  3307 I chatty  : uid=1000(system) com.miui.daemon expire 10 lines
10-01 11:28:21.334  2652  3266 I art     : WaitForGcToComplete blocked for 76.257ms for cause DisableMovingGc
10-01 11:28:21.334  2652  3266 I art     : Starting a blocking GC DisableMovingGc
10-01 11:28:21.339  2652  3266 W System.err: java.lang.SecurityException: getDeviceId: Neither user 10119 nor current process has android.permission.READ_PHONE_STATE.
10-01 11:28:21.339  2652  3266 W System.err: 	at android.os.Parcel.readException(Parcel.java:1684)
10-01 11:28:21.339  2652  3266 W System.err: 	at android.os.Parcel.readException(Parcel.java:1637)
10-01 11:28:21.339  2652  3266 W System.err: 	at com.android.internal.telephony.ITelephony$Stub$Proxy.getDeviceId(ITelephony.java:4665)
10-01 11:28:21.339  2652  3266 W System.err: 	at android.telephony.TelephonyManager.getDeviceId(TelephonyManager.java:851)
10-01 11:28:21.339  2652  3266 W System.err: 	at com.miui.internal.server.DataUpdateManager.hA(SourceFile:266)
10-01 11:28:21.339  2652  3266 W System.err: 	at com.miui.internal.server.DataUpdateManager.hF(SourceFile:164)
10-01 11:28:21.339  2652  3266 W System.err: 	at com.miui.internal.server.DataUpdateManager.update(SourceFile:118)
10-01 11:28:21.339  2652  3266 W System.err: 	at com.miui.internal.server.CoreJobService$UnmerteredNetworkJob.run(SourceFile:111)
10-01 11:28:21.339  2652  3266 W System.err: 	at java.lang.Thread.run(Thread.java:760)
10-01 11:28:21.351  2605  3007 E Analytics-Api-SysAnalytics: getVersionName exception:
10-01 11:28:21.351  2605  3007 E Analytics-Api-SysAnalytics: java.lang.NullPointerException: null receiver
10-01 11:28:21.351  2605  3007 E Analytics-Api-SysAnalytics: 	at java.lang.reflect.Method.invoke(Native Method)
10-01 11:28:21.351  2605  3007 E Analytics-Api-SysAnalytics: 	at com.xiaomi.analytics.internal.a.a.getVersionName()
10-01 11:28:21.351  2605  3007 E Analytics-Api-SysAnalytics: 	at com.xiaomi.analytics.internal.a.a.getVersion()
10-01 11:28:21.351  2605  3007 E Analytics-Api-SysAnalytics: 	at com.xiaomi.analytics.internal.i.run()
10-01 11:28:21.351  2605  3007 E Analytics-Api-SysAnalytics: 	at java.util.concurrent.ThreadPoolExecutor.runWorker(ThreadPoolExecutor.java:1133)
10-01 11:28:21.351  2605  3007 E Analytics-Api-SysAnalytics: 	at java.util.concurrent.ThreadPoolExecutor$Worker.run(ThreadPoolExecutor.java:607)
10-01 11:28:21.351  2605  3007 E Analytics-Api-SysAnalytics: 	at java.lang.Thread.run(Thread.java:760)
10-01 11:28:21.370  1968  1986 D IccSmsInterfaceManager: [IccSmsInterfaceManager] Added GSM cell broadcast subscription for MID range 4384 to 4385 from client com.android.cellbroadcastreceiver
10-01 11:28:21.370  1968  1986 D IccSmsInterfaceManager: [IccSmsInterfaceManager] Calling setCellBroadcastActivation(true)
10-01 11:28:21.396  2373  2682 W PushService: 2018-10-01 11:28:21,395 - [WARN::PushService] - [Thread:80] receive a message, appid=1000271, msgid= rnsJ2
10-01 11:28:21.396  2373  2682 W PushService: 2018-10-01 11:28:21,396 - [WARN::PushService] - [Thread:80] Perf_code  packetType  1010  length 315
10-01 11:28:21.397  1968  1986 D IccSmsInterfaceManager: [IccSmsInterfaceManager] Calling setGsmBroadcastConfig with 5 configurations
10-01 11:28:21.422  2833  2833 D CallLogProvider: onCreate: shadow true
10-01 11:28:21.423  2833  2833 D ProviderUtils: isFbeEnabled(): false
10-01 11:28:21.476  3002  3002 D Analytics-Core-AnalyticsApp: onCreate pid:3002, tid:3002
10-01 11:28:21.477  2833  2833 D MultiUsers: isPrimaryUser: owner user
10-01 11:28:21.478  2833  2833 D CallLogProvider: registerAccountListener(): this = com.android.providers.contacts.ShadowCallLogProvider@3c8cac8, isShadow = true, isPrimary = true
10-01 11:28:21.485  2605  2605 I Analytics-Api-SysAnalytics: onServiceConnected com.miui.analytics.ICore$Stub$Proxy@ad848d0, pid:2605, tid:2605
10-01 11:28:21.487  2605  2605 I Analytics-Api-SysAnalytics: onServiceConnected com.miui.analytics.ICore$Stub$Proxy@52690c9, pid:2605, tid:2605
10-01 11:28:21.504  2466  2932 I DateTimeVariableUpdater: init with accuracy:Second
10-01 11:28:21.510  2892  2892 I SystemUpdate-LoginManager: account has login
10-01 11:28:21.523  3282  3282 I art     : Starting a blocking GC AddRemoveAppImageSpace
10-01 11:28:21.531  2833  2833 V ExtraCallsProvider: registerAccountListener
10-01 11:28:21.531  2833  2833 D CallLogProvider: onCreate: shadow false
10-01 11:28:21.532  2833  2833 D ProviderUtils: isFbeEnabled(): false
10-01 11:28:21.549  2833  2833 D MultiUsers: isPrimaryUser: owner user
10-01 11:28:21.549  2833  2833 D CallLogProvider: registerAccountListener(): this = com.android.providers.contacts.CallLogProvider@9365112, isShadow = false, isPrimary = true
10-01 11:28:21.894  3327  3327 W pool-1-thread-3: type=1400 audit(0.0:127): avc: denied { read } for name="u:object_r:deviceid_prop:s0" dev="tmpfs" ino=1310 scontext=u:r:platform_app:s0:c512,c768 tcontext=u:object_r:deviceid_prop:s0 tclass=file permissive=0
10-01 11:28:21.894  3327  3327 W pool-1-thread-3: type=1400 audit(0.0:128): avc: denied { read } for name="u:object_r:deviceid_prop:s0" dev="tmpfs" ino=1310 scontext=u:r:platform_app:s0:c512,c768 tcontext=u:object_r:deviceid_prop:s0 tclass=file permissive=0
10-01 11:28:21.904  3320  3320 W pool-1-thread-1: type=1400 audit(0.0:129): avc: denied { read } for name="u:object_r:deviceid_prop:s0" dev="tmpfs" ino=1310 scontext=u:r:platform_app:s0:c512,c768 tcontext=u:object_r:deviceid_prop:s0 tclass=file permissive=0
10-01 11:28:21.904  3320  3320 W pool-1-thread-1: type=1400 audit(0.0:130): avc: denied { read } for name="u:object_r:deviceid_prop:s0" dev="tmpfs" ino=1310 scontext=u:r:platform_app:s0:c512,c768 tcontext=u:object_r:deviceid_prop:s0 tclass=file permissive=0
10-01 11:28:21.602  1968  1986 D IccSmsInterfaceManager: [IccSmsInterfaceManager] Added GSM cell broadcast subscription for MID range 4386 to 4391 from client com.android.cellbroadcastreceiver
10-01 11:28:21.602  1968  1986 D IccSmsInterfaceManager: [IccSmsInterfaceManager] Calling setCellBroadcastActivation(true)
10-01 11:28:21.621  1968  1986 D IccSmsInterfaceManager: [IccSmsInterfaceManager] Calling setGsmBroadcastConfig with 5 configurations
10-01 11:28:21.660  3238  3238 D miuisdk : current sdk level is 14
10-01 11:28:21.660  3238  3238 D         : InitMiuiSdkHookClasses
10-01 11:28:21.676  3238  3238 I         : create_mem miui-classproxy page:0x7fa215c000, size:4096
10-01 11:28:21.685  3238  3238 I         : Never hook EnableMethodTracing
10-01 11:28:21.685  3238  3238 I         : Never hook DisableMethodTracing
10-01 11:28:21.685  3238  3238 I         : sConfigureStubsHookFlag is 0x3, so we must hook ConfigureStubs for methodtracing
10-01 11:28:21.685  3238  3238 I         : Hook ConfigureStubs
10-01 11:28:21.685  3238  3238 I         : create_mem miui-classproxy page:0x7fa215b000, size:4096
10-01 11:28:21.753  3313  3313 I chatty  : uid=1000(system) /system/bin/dex2oat expire 9 lines
10-01 11:28:21.773  2466  2474 I art     : Do partial code cache collection, code=61KB, data=59KB
10-01 11:28:21.783  3175  3175 I miuisdk : loading module: com.xiaomi.micloud.sdk
10-01 11:28:21.785  2892  3343 I SystemUpdate-LocalAppManager: load local apps from system : begin
10-01 11:28:21.820  1968  1986 D IccSmsInterfaceManager: [IccSmsInterfaceManager] Added GSM cell broadcast subscription for MID range 4392 to 4392 from client com.android.cellbroadcastreceiver
10-01 11:28:21.820  1968  1986 D IccSmsInterfaceManager: [IccSmsInterfaceManager] Calling setCellBroadcastActivation(true)
10-01 11:28:21.825  3002  3320 I Analytics-Core-AnalyticsApp: startJobScheduler goes with code 1
10-01 11:28:21.827  3238  3238 I MiPicks-App: 
10-01 11:28:21.827  3238  3238 I MiPicks-App: 
10-01 11:28:21.827  3238  3238 I MiPicks-App: Process create: com.xiaomi.mipicks ------------------
10-01 11:28:21.859  2833  3318 D ProviderUtils: isFbeEnabled(): false
10-01 11:28:21.859  2833  3318 D CallLogProvider: syncEntriesFromShadow(): bail for no fbe
10-01 11:28:21.870  2833  2833 W System  : ClassLoader referenced unknown path: /system/priv-app/BlockedNumberProvider/lib/arm64
10-01 11:28:21.871  2833  3329 D ProviderUtils: isFbeEnabled(): false
10-01 11:28:21.871  2833  3329 D CallLogProvider: syncEntriesFromShadow(): bail for no fbe
10-01 11:28:21.871  2833  3318 D MultiUsers: hasUserRestriction(): false
10-01 11:28:21.871  2833  3318 D CallLogProvider: syncEntriesFromPrimaryUser(): bail for shadow provider
10-01 11:28:21.874  2435  2435 V NativeCrypto: Registering com/google/android/gms/org/conscrypt/NativeCrypto's 284 native methods...
10-01 11:28:21.875  2833  2833 D ApplicationLoaders: ignored Vulkan layer search path /system/priv-app/BlockedNumberProvider/lib/arm64:/system/lib64:/vendor/lib64 for namespace 0x7fa6ef6160
10-01 11:28:21.876  2892  3343 I SystemUpdate-LocalAppManager: load local apps from system : finish
10-01 11:28:21.881  3072  3072 V NativeCrypto: Registering com/google/android/gms/org/conscrypt/NativeCrypto's 284 native methods...
10-01 11:28:21.905  3002  3327 E libc    : Access denied finding property "persist.radio.meid"
10-01 11:28:21.906  3002  3327 E libc    : Access denied finding property "ro.ril.oem.meid"
10-01 11:28:21.911  2833  3329 D MultiUsers: hasUserRestriction(): false
10-01 11:28:21.911  2833  3329 D MultiUsers: isPrimaryUser: owner user
10-01 11:28:21.911  2833  3329 D CallLogProvider: syncEntriesFromPrimaryUser(): bail for primary user
10-01 11:28:21.915  1968  1986 D IccSmsInterfaceManager: [IccSmsInterfaceManager] Failed to remove GSM cell broadcast subscription for MID range 4393 to 4395 from client com.android.cellbroadcastreceiver
10-01 11:28:21.918  3002  3320 E libc    : Access denied finding property "persist.radio.meid"
10-01 11:28:21.918  3002  3320 E libc    : Access denied finding property "ro.ril.oem.meid"
10-01 11:28:21.919  3002  3346 D NetworkSecurityConfig: No Network Security Config specified, using platform default
10-01 11:28:21.923  2373  2682 W PushService: 2018-10-01 11:28:21,923 - [WARN::PushService] - [Thread:80] receive a message, appid=2882303761517374554, msgid= mEau2
10-01 11:28:21.924  2373  2682 W PushService: 2018-10-01 11:28:21,923 - [WARN::PushService] - [Thread:80] Perf_code  packetType  1010  length 405
10-01 11:28:21.934  1968  1986 D IccSmsInterfaceManager: [IccSmsInterfaceManager] Calling setGsmBroadcastConfig with 5 configurations
10-01 11:28:21.944  3002  3002 I Analytics-Core-JobSchedulerService: onStartJob
10-01 11:28:21.970  2833  2833 W System  : ClassLoader referenced unknown path: /system/app/UserDictionaryProvider/lib/arm64
10-01 11:28:21.975  2833  2833 D ApplicationLoaders: ignored Vulkan layer search path /system/app/UserDictionaryProvider/lib/arm64:/system/lib64:/vendor/lib64 for namespace 0x7fa6ef61d0
10-01 11:28:21.975  3175  3175 D miuisdk : process com.xiaomi.micloud.sdk successful
10-01 11:28:21.975  3175  3175 D miuisdk : process modules finished
10-01 11:28:21.980  2892  3355 I SystemUpdate-AutoUpdateScheduler: [Update] scheduleAutoUpdateOnAppStart
10-01 11:28:21.980  3046  3046 D PowerKeeper.FrozenApp: mKernelThawedFrozenEnabled = false
10-01 11:28:21.996  3238  3238 I MiPicks-ManualUpdateScheduler: [Update] job 150 manualUpdateTimer onStart
10-01 11:28:22.001  2833  2862 D ProviderUtils: isFbeEnabled(): false
10-01 11:28:22.013  3175  3175 I LoadedApk: No resource references to update in package com.xiaomi.account
10-01 11:28:22.018  2466  2722 W art     : Long monitor contention with owner AsyncTask #2 (2932) at boolean android.os.BinderProxy.transactNative(int, android.os.Parcel, android.os.Parcel, int)(Binder.java:-2) waiters=0 in void android.view.Display.getMetrics(android.util.DisplayMetrics) for 448ms
10-01 11:28:22.027  2466  2474 I art     : After code cache collection, code=58KB, data=58KB
10-01 11:28:22.027  2466  2474 I art     : Increasing code cache capacity to 256KB
10-01 11:28:22.028  3238  3351 I MI_STAT : Initializing SDK: com.xiaomi.mipicks, 2882303761517492428, , true
10-01 11:28:22.029  1629  1629 D wpa_supplicant: wlan0: Control interface command 'SIGNAL_POLL'
10-01 11:28:22.032  1629  1629 D wpa_supplicant: CTRL-DEBUG: global_ctrl_sock-sendto: sock=8 sndbuf=212992 outq=0 send_len=48
10-01 11:28:22.045  3072  3072 D NetworkSecurityConfig: Using Network Security Config from resource network_security_config debugBuild: false
10-01 11:28:22.049  2435  2435 D NetworkSecurityConfig: Using Network Security Config from resource network_security_config debugBuild: false
10-01 11:28:22.067  3072  3072 I ProviderInstaller: Installed default security provider GmsCore_OpenSSL
10-01 11:28:22.069  3046  3070 I chatty  : uid=1000(system) Binder:3046_3 expire 4 lines
10-01 11:28:22.071  2435  2435 I ProviderInstaller: Installed default security provider GmsCore_OpenSSL
10-01 11:28:22.118  2562  3037 D CloudTelephonyManager: blockingGetDeviceId is called by com.xiaomi.finddevice with timeout: 60000
10-01 11:28:22.143  1968  1986 D IccSmsInterfaceManager: [IccSmsInterfaceManager] Added GSM cell broadcast subscription for MID range 50 to 50 from client com.android.cellbroadcastreceiver
10-01 11:28:22.143  1968  1986 D IccSmsInterfaceManager: [IccSmsInterfaceManager] Calling setCellBroadcastActivation(true)
10-01 11:28:22.146  3238  3351 I MI_STAT : The initialization consumes 119 ms.
10-01 11:28:22.172  1968  1986 D IccSmsInterfaceManager: [IccSmsInterfaceManager] Failed to remove GSM cell broadcast subscription for MID range 60 to 60 from client com.android.cellbroadcastreceiver
10-01 11:28:22.182  2058  2455 D CellBroadcastOtherChannelsManager: No additional channels configured. subId = 1
10-01 11:28:22.187  3175  3364 W art     : Class com.xiaomi.smack.util.TrafficUtils failed lock verification and will run slower.
10-01 11:28:22.187  3175  3364 W art     : Common causes for lock verification issues are non-optimized dex code
10-01 11:28:22.187  3175  3364 W art     : and incorrect proguard optimizations.
10-01 11:28:22.189  2466  2932 D ScreenElementRoot: findResource: ScaleMetrics sw:720 den:320 sizeType:0 scale:0.7059 path:
10-01 11:28:22.192  3175  3364 V xiaomi  : [Thread:186] Perf_code  packetType  2037  length 257
10-01 11:28:22.196  1968  1986 D IccSmsInterfaceManager: [IccSmsInterfaceManager] Calling setGsmBroadcastConfig with 6 configurations
10-01 11:28:22.207  2466  2932 D ScreenElementRoot: findScale: ScaleMetrics sw:720 den:320 sizeType:0 scale:0.7083
10-01 11:28:22.207  2466  2932 I ScreenElementRoot: set scale: 0.7083
10-01 11:28:22.218  2373  2682 W PushService: 2018-10-01 11:28:22,218 - [WARN::PushService] - [Thread:80] JOB: Handle intent action = com.xiaomi.mipush.SEND_MESSAGE
10-01 11:28:22.219  2373  2682 W PushService: 2018-10-01 11:28:22,219 - [WARN::PushService] - [Thread:80] Perf_code  packetType  1009  length 257
10-01 11:28:22.220  2373  2682 W PushService: 2018-10-01 11:28:22,219 - [WARN::PushService] - [Thread:80] try send mi push message. packagename:com.xiaomi.account action:Notification
10-01 11:28:22.261  2466  2482 W art     : Suspending all threads took: 8.329ms
10-01 11:28:22.282  2466  2482 I art     : Background sticky concurrent mark sweep GC freed 44270(2MB) AllocSpace objects, 60(2MB) LOS objects, 18% free, 19MB/24MB, paused 11.335ms total 111.346ms
10-01 11:28:22.317  3175  3384 I DynamicDumpReceiver: Dynamic receiver registered
10-01 11:28:22.367  2955  3131 D NetworkSecurityConfig: No Network Security Config specified, using platform default
10-01 11:28:22.385  3175  3384 D CloudTelephonyManager: blockingGetDeviceId is called by com.xiaomi.account with timeout: 30000
10-01 11:28:22.391  2373  2682 W PushService: 2018-10-01 11:28:22,391 - [WARN::PushService] - [Thread:80] JOB: Handle intent action = com.xiaomi.mipush.SEND_MESSAGE
10-01 11:28:22.392  2373  2682 W PushService: 2018-10-01 11:28:22,392 - [WARN::PushService] - [Thread:80] Perf_code  packetType  1009  length 198
10-01 11:28:22.393  2373  2682 W PushService: 2018-10-01 11:28:22,392 - [WARN::PushService] - [Thread:80] try send mi push message. packagename:com.xiaomi.account action:Notification
10-01 11:28:22.409  1968  1986 D IccSmsInterfaceManager: [IccSmsInterfaceManager] Added GSM cell broadcast subscription for MID range 0 to 1 from client com.android.cellbroadcastreceiver
10-01 11:28:22.409  1968  1986 D IccSmsInterfaceManager: [IccSmsInterfaceManager] Calling setCellBroadcastActivation(true)
10-01 11:28:22.421  3282  3385 D AccessibilityManager: current package=com.google.android.googlequicksearchbox, accessibility manager mIsFinalEnabled=false, mOptimizeEnabled=true, mIsUiAutomationEnabled=false, mIsInterestedPackage=false
10-01 11:28:22.427  3282  3385 I HotwordHelper: hasHotwordEverywhere-true
10-01 11:28:22.435  2514  2514 I HwDetectorWithState: #performNextHotwordAction action: 3
10-01 11:28:22.437  3072  3072 E art     : The String#value field is not present on Android versions >= 6.0
10-01 11:28:22.442  2435  2435 E art     : The String#value field is not present on Android versions >= 6.0
10-01 11:28:22.450  2373  2682 W PushService: 2018-10-01 11:28:22,450 - [WARN::PushService] - [Thread:80] JOB: Handle intent action = action_cr_config
10-01 11:28:22.453  2514  2514 I GsaVoiceInteractionSrv: Creating AOHD: Keyphrase - X Google, Locale - en-GB/en-GB
10-01 11:28:22.454  2514  2514 W KeyphraseEnrollmentInfo: No Enrollment application supports the given keyphrase/locale
10-01 11:28:22.472  3238  3238 I MiPicks-UpdateLevelManager: update level inited: 400
10-01 11:28:22.519  3238  3373 D NetworkSecurityConfig: No Network Security Config specified, using platform default
10-01 11:28:22.549  3238  3238 I MiPicks-LoginManager: account has login
10-01 11:28:22.560  3238  3401 I MiPicks-LocalAppManager: load local apps from system : begin
10-01 11:28:22.590  3238  3407 I MiPicks-AutoUpdateScheduler: [Update] scheduleAutoUpdateOnAppStart
10-01 11:28:22.597  2435  2435 W Primes  : Primes not initialized, returning default (no-op) Primes instance which will ignore all calls. Please call Primes.initialize(...) before using any Primes API.
10-01 11:28:22.598  3072  3072 W Primes  : Primes not initialized, returning default (no-op) Primes instance which will ignore all calls. Please call Primes.initialize(...) before using any Primes API.
10-01 11:28:22.616  3238  3405 I MiPicks-WakeLockManager: acquire wakeLock: CheckUpdateService for 30000
10-01 11:28:22.618  3238  3405 I MiPicks-LocalAppManager: query update apps from server : begin
10-01 11:28:22.635  3282  3393 I OpaEligibilityChecker: send OpaEligibilityChange broadcast to CommonBroadcastReceiver
10-01 11:28:22.647  1457  2726 V LocationPolicy: updateLocationRulesLocked()
10-01 11:28:22.647  1457  2726 V LocationPolicy: updateNotificationsLocked()
10-01 11:28:22.647  1457  2726 V LocationPolicy: writePolicyLocked()
10-01 11:28:22.664  2562  2803 D CloudTelephonyManager: blockingGetDeviceId is called by com.xiaomi.finddevice with timeout: 60000
10-01 11:28:22.664  2562  3037 W art     : Long monitor contention with owner QueueTaskManager[PersistentAppTaskManager[PeriodicUpdateTaskTaskManager]] (2803) at void com.xiaomi.finddevice.v2.DeviceCredentialManagerUnion.updateDeviceCredential(android.content.Context, com.xiaomi.finddevice.v2.IDeviceCredentialManager$IUpdateDeviceCredentialHandler)(DeviceCredentialManagerUnion.java:-1) waiters=0 in com.xiaomi.finddevice.v2.IDeviceCredential com.xiaomi.finddevice.v2.DeviceCredentialManagerUnion.get(android.content.Context) for 545ms
10-01 11:28:22.671  2562  2803 D CloudTelephonyManager: blockingGetDeviceId is called by com.xiaomi.finddevice with timeout: 60000
10-01 11:28:22.679  2861  3277 W ActivateService: Activate RemoteException 
10-01 11:28:22.679  2861  3277 W ActivateService: error:FAILED com.xiaomi.activate.exception.ActivateException: server code: -1; desc: Unexpected NeedNotificationException
10-01 11:28:22.679  2861  3277 W ActivateService: com.xiaomi.accountsdk.request.InvalidResponseException
10-01 11:28:22.679  2861  3277 W ActivateService: 	at com.xiaomi.activate.ActivateServiceBinder$8.doWork(ActivateServiceBinder.java:351)
10-01 11:28:22.679  2861  3277 W ActivateService: 	at com.xiaomi.activate.ActivateServiceBinder$AsbTask.doWork(ActivateServiceBinder.java:492)
10-01 11:28:22.679  2861  3277 W ActivateService: 	at com.xiaomi.activate.ActivateServiceBinder$AsbTaskBase.excute(ActivateServiceBinder.java:530)
10-01 11:28:22.679  2861  3277 W ActivateService: 	at com.xiaomi.activate.ActivateServiceBinder$AsbTaskBase$1.run(ActivateServiceBinder.java:543)
10-01 11:28:22.679  2861  3277 W ActivateService: 	at java.util.concurrent.ThreadPoolExecutor.runWorker(ThreadPoolExecutor.java:1133)
10-01 11:28:22.679  2861  3277 W ActivateService: 	at java.util.concurrent.ThreadPoolExecutor$Worker.run(ThreadPoolExecutor.java:607)
10-01 11:28:22.679  2861  3277 W ActivateService: 	at java.lang.Thread.run(Thread.java:760)
10-01 11:28:22.679  2861  3277 W ActivateService: Caused by: server code: -1; desc: Unexpected NeedNotificationException
10-01 11:28:22.679  2861  3277 W ActivateService: com.xiaomi.accountsdk.request.InvalidResponseException
10-01 11:28:22.679  2861  3277 W ActivateService: 	at com.xiaomi.accountsdk.account.XMPassport.loginByPassToken(XMPassport.java:483)
10-01 11:28:22.679  2861  3277 W ActivateService: 	at com.xiaomi.accountsdk.account.XMPassport.loginByPassToken(XMPassport.java:452)
10-01 11:28:22.679  2861  3277 W ActivateService: 	at com.xiaomi.activate.ActivateHttp.getMXPhoneTicket(ActivateHttp.java:80)
10-01 11:28:22.679  2861  3277 W ActivateService: 	at com.xiaomi.activate.ActivateServiceBinder$8.doWork(ActivateServiceBinder.java:342)
10-01 11:28:22.679  2861  3277 W ActivateService: 	... 6 more
10-01 11:28:22.680  2861  3277 I ActivateService: uid:9810 pid:2562 m:getMXPhoneTicket slotId:0 subId:1 ts:48678 onError FAILED msg null
10-01 11:28:22.699  2562  2952 W ActivateSdkHelper: internalGetResult caught Exception and will re-throw
10-01 11:28:22.699  2562  2952 W ActivateSdkHelper: java.util.concurrent.ExecutionException: com.xiaomi.accountsdk.activate.CloudServiceFailureException
10-01 11:28:22.699  2562  2952 W ActivateSdkHelper: 	at java.util.concurrent.FutureTask.report(FutureTask.java:94)
10-01 11:28:22.699  2562  2952 W ActivateSdkHelper: 	at java.util.concurrent.FutureTask.get(FutureTask.java:164)
10-01 11:28:22.699  2562  2952 W ActivateSdkHelper: 	at com.xiaomi.accountsdk.activate.ActivateSdkHelper$AmTaskSession.internalGetResult(ActivateSdkHelper.java:366)
10-01 11:28:22.699  2562  2952 W ActivateSdkHelper: 	at com.xiaomi.accountsdk.activate.ActivateSdkHelper$AmTaskSession.getResult(ActivateSdkHelper.java:404)
10-01 11:28:22.699  2562  2952 W ActivateSdkHelper: 	at com.xiaomi.accountsdk.activate.ActivateSdkHelper$AmTaskSession.getResult(ActivateSdkHelper.java:402)
10-01 11:28:22.699  2562  2952 W ActivateSdkHelper: 	at com.xiaomi.finddevice.v2.update.PhoneInfoUpdateTask$UploadPhoneInfoIfFindDeviceOpenSubTask.run(PhoneInfoUpdateTask.java:297)
10-01 11:28:22.699  2562  2952 W ActivateSdkHelper: 	at com.xiaomi.finddevice.common.task.PersistentAppTaskBuilder$2.run(PersistentAppTaskBuilder.java:104)
10-01 11:28:22.699  2562  2952 W ActivateSdkHelper: 	at com.xiaomi.finddevice.common.task.PersistentAppTaskManager.doRunTask(PersistentAppTaskManager.java:368)
10-01 11:28:22.699  2562  2952 W ActivateSdkHelper: 	at com.xiaomi.finddevice.common.task.PersistentAppTaskManager.onRunTask(PersistentAppTaskManager.java:328)
10-01 11:28:22.699  2562  2952 W ActivateSdkHelper: 	at com.xiaomi.finddevice.common.task.PersistentAppTaskManager.-wrap2(PersistentAppTaskManager.java)
10-01 11:28:22.699  2562  2952 W ActivateSdkHelper: 	at com.xiaomi.finddevice.common.task.PersistentAppTaskManager$1.run(PersistentAppTaskManager.java:601)
10-01 11:28:22.699  2562  2952 W ActivateSdkHelper: 	at com.xiaomi.finddevice.common.task.QueueTaskManager.runTaskLoop(QueueTaskManager.java:296)
10-01 11:28:22.699  2562  2952 W ActivateSdkHelper: 	at com.xiaomi.finddevice.common.task.QueueTaskManager.-wrap1(QueueTaskManager.java)
10-01 11:28:22.699  2562  2952 W ActivateSdkHelper: 	at com.xiaomi.finddevice.common.task.QueueTaskManager$1.run(QueueTaskManager.java:199)
10-01 11:28:22.699  2562  2952 W ActivateSdkHelper: 	at java.lang.Thread.run(Thread.java:760)
10-01 11:28:22.699  2562  2952 W ActivateSdkHelper: Caused by: com.xiaomi.accountsdk.activate.CloudServiceFailureException
10-01 11:28:22.699  2562  2952 W ActivateSdkHelper: 	at com.xiaomi.accountsdk.activate.ActivateSdkHelper$AmTaskSession.convertErrorCodeToException(ActivateSdkHelper.java:423)
10-01 11:28:22.699  2562  2952 W ActivateSdkHelper: 	at com.xiaomi.accountsdk.activate.ActivateSdkHelper$AmTaskSession.-wrap0(ActivateSdkHelper.java)
10-01 11:28:22.699  2562  2952 W ActivateSdkHelper: 	at com.xiaomi.accountsdk.activate.ActivateSdkHelper$AmTaskSession$2.onError(ActivateSdkHelper.java:332)
10-01 11:28:22.699  2562  2952 W ActivateSdkHelper: 	at com.xiaomi.accountsdk.activate.IActivateServiceResponse$Stub.onTransact(IActivateServiceResponse.java:65)
10-01 11:28:22.699  2562  2952 W ActivateSdkHelper: 	at android.os.Binder.execTransact(Binder.java:567)
10-01 11:28:22.723  2562  2952 D CloudTelephonyManager: blockingGetDeviceId is called by com.xiaomi.finddevice with timeout: 60000
10-01 11:28:22.725  2562  2952 D CloudTelephonyManager: blockingGetDeviceId is called by com.xiaomi.finddevice with timeout: 60000
10-01 11:28:22.807  3238  3401 I MiPicks-LocalAppManager: load local apps from system : finish
10-01 11:28:22.814  3046  3419 I chatty  : uid=1000(system) NativePowerKeep expire 7 lines
10-01 11:28:22.816  2605  2925 I SmartPhoneTag_l: get the sleep mode status is false
10-01 11:28:22.911  1457  3402 I chatty  : uid=1000 system_server expire 1 line
10-01 11:28:22.920  3282  3282 I SearchServiceCore: Event Bus thread is disabled; marking main thread as EventBus
10-01 11:28:22.931  2466  2466 D Launcher.ClockGadgetDelegate: updateActualGadget backup: /data/user/0/com.miui.home/app_clock_bak/clock_2x4_6
10-01 11:28:22.968  2466  2466 I DateTimeVariableUpdater: init with accuracy:Minute
10-01 11:28:22.973  2466  2466 D ScreenElementRoot: findResource: ScaleMetrics sw:1080 den:480 sizeType:0 scale:1.0 path:null
10-01 11:28:22.973  2466  2466 D ScreenElementRoot: findScale: ScaleMetrics sw:1080 den:480 sizeType:0 scale:-1.0
10-01 11:28:22.973  2466  2466 I ScreenElementRoot: set scale: 0.6666667
10-01 11:28:23.022  3002  3320 W art     : Long monitor contention with owner pool-1-thread-3 (3327) at void java.lang.Object.wait!(long, int)(Object.java:-2) waiters=0 in java.lang.String com.miui.analytics.internal.util.aa.t(android.content.Context) for 1.101s
10-01 11:28:23.048  2435  2435 I DynamiteModule: Considering local module com.google.android.gms.googlecertificates:4 and remote module com.google.android.gms.googlecertificates:4
10-01 11:28:23.048  2435  2435 I DynamiteModule: Selected local version of com.google.android.gms.googlecertificates
10-01 11:28:23.059  2605  2605 I WhetstoneProvider_PersistManager: I MyServiceConnection onServiceConnected info:Comp:ComponentInfo{com.miui.powerkeeper/com.miui.powerkeeper.PowerKeeperBackgroundService},hasConnected:false,rstart:true,autoStart:true
10-01 11:28:23.090  2833  3301 D ContactsDatabaseHelper: insertMimeType: vnd.android.cursor.item/email_v2
10-01 11:28:23.108  2466  2932 D ScreenElementRoot: load finished, spent 2057 ms
10-01 11:28:23.122  2466  2722 W ResourceType: ResTable_typeSpec entry count inconsistent: given 17, previously 25
10-01 11:28:23.128  3046  3422 I chatty  : uid=1000(system) PowerKeeperConf expire 21 lines
10-01 11:28:23.134  2466  2466 D ScreenElementRoot: load finished, spent 168 ms
10-01 11:28:23.154  3282  3393 I ModelDownloadListener: Schdedule model download
10-01 11:28:23.196  2833  3301 D ContactsDatabaseHelper: insertMimeType: vnd.android.cursor.item/im
10-01 11:28:23.248  3282  3282 W art     : Before Android 4.1, method double java.util.concurrent.ThreadLocalRandom.internalNextDouble(double, double) would have incorrectly overridden the package-private method in java.util.Random
10-01 11:28:23.248  3282  3282 W art     : Before Android 4.1, method int java.util.concurrent.ThreadLocalRandom.internalNextInt(int, int) would have incorrectly overridden the package-private method in java.util.Random
10-01 11:28:23.248  3282  3282 W art     : Before Android 4.1, method long java.util.concurrent.ThreadLocalRandom.internalNextLong(long, long) would have incorrectly overridden the package-private method in java.util.Random
10-01 11:28:23.253  2466  2932 D ScreenElementRoot: init
10-01 11:28:23.253  2466  2932 D FramerateTokenList: createToken: miui.maml.ScreenElementRoot@613f721
10-01 11:28:23.254  2466  2932 W LanguageHelper: no available string resources to load.
10-01 11:28:23.254  2466  2466 D ScreenElementRoot: init
10-01 11:28:23.258  2466  3452 I RenderThread: RenderThread started
10-01 11:28:23.262  2466  2466 I NotifierManager: acquireNotifier:TimeChanged  miui.maml.data.DateTimeVariableUpdater@7bb1e34
10-01 11:28:23.262  2466  2466 I NotifierManager: createNotifier:TimeChanged
10-01 11:28:23.264  2466  2466 I NotifierManager: onRegister: miui.maml.NotifierManager$MultiBroadcastNotifier@4aec1d2
10-01 11:28:23.264  2466  3450 I RenderThread: RenderThread started
10-01 11:28:23.269  2833  3301 D ContactsDatabaseHelper: insertMimeType: vnd.android.cursor.item/nickname
10-01 11:28:23.274  2466  2466 I ResourceManager: load image weather/weather_0.png
10-01 11:28:23.278  2466  2466 D ScreenElementRoot: resume
10-01 11:28:23.287  1457  2726 D Boost   : hostingType=content provider, hostingName=com.miui.weather2/.providers.WeatherProvider, callerPackage=com.miui.home, isSystem=true, isBoostNeeded=false.
10-01 11:28:23.287  1457  2726 I ActivityManager: Start proc 3456:com.miui.weather2/u0a45 for content provider com.miui.weather2/.providers.WeatherProvider caller=com.miui.home
10-01 11:28:23.299  3046  3437 I chatty  : uid=1000(system) PowerCheckerSer expire 2 lines
10-01 11:28:23.303  3046  3046 D PowerCheckerService: enable slog the cpu usage
10-01 11:28:23.305  3456  3456 D TidaProvider: TidaProvider()
10-01 11:28:23.318  3456  3456 W ReflectionUtils: 
10-01 11:28:23.318  3456  3456 W ReflectionUtils: java.lang.NoSuchMethodException: android.os.MessageQueue#enableMonitor()#bestmatch
10-01 11:28:23.318  3456  3456 W ReflectionUtils: 	at miui.util.ReflectionUtils.findMethodBestMatch(ReflectionUtils.java:338)
10-01 11:28:23.318  3456  3456 W ReflectionUtils: 	at miui.util.ReflectionUtils.findMethodBestMatch(ReflectionUtils.java:375)
10-01 11:28:23.318  3456  3456 W ReflectionUtils: 	at miui.util.ReflectionUtils.callMethod(ReflectionUtils.java:800)
10-01 11:28:23.318  3456  3456 W ReflectionUtils: 	at miui.util.ReflectionUtils.tryCallMethod(ReflectionUtils.java:818)
10-01 11:28:23.318  3456  3456 W ReflectionUtils: 	at android.os.BaseLooper.enableMonitor(BaseLooper.java:47)
10-01 11:28:23.318  3456  3456 W ReflectionUtils: 	at android.os.Looper.prepareMainLooper(Looper.java:112)
10-01 11:28:23.318  3456  3456 W ReflectionUtils: 	at android.app.ActivityThread.main(ActivityThread.java:6211)
10-01 11:28:23.318  3456  3456 W ReflectionUtils: 	at java.lang.reflect.Method.invoke(Native Method)
10-01 11:28:23.318  3456  3456 W ReflectionUtils: 	at com.android.internal.os.ZygoteInit$MethodAndArgsCaller.run(ZygoteInit.java:904)
10-01 11:28:23.318  3456  3456 W ReflectionUtils: 	at com.android.internal.os.ZygoteInit.main(ZygoteInit.java:794)
10-01 11:28:23.318  3456  3456 V BoostFramework: BoostFramework() : mPerf = com.qualcomm.qti.Performance@7b7f5b0
10-01 11:28:23.273  2833  3301 D ContactsDatabaseHelper: insertMimeType: vnd.android.cursor.item/organization
10-01 11:28:23.351  1457  1935 D Boost   : hostingType=content provider, hostingName=com.google.android.partnersetup/.RlzAppProvider, callerPackage=com.google.android.googlequicksearchbox, isSystem=true, isBoostNeeded=false.
10-01 11:28:23.351  1457  1935 I ActivityManager: Start proc 3476:com.google.android.partnersetup/u0a21 for content provider com.google.android.partnersetup/.RlzAppProvider caller=com.google.android.googlequicksearchbox
10-01 11:28:23.380  3476  3476 D TidaProvider: TidaProvider()
10-01 11:28:23.388  3456  3456 I art     : Starting a blocking GC AddRemoveAppImageSpace
10-01 11:28:23.401  3456  3456 W System  : ClassLoader referenced unknown path: /system/priv-app/Weather/lib/arm64
10-01 11:28:23.405  3476  3476 W ReflectionUtils: 
10-01 11:28:23.405  3476  3476 W ReflectionUtils: java.lang.NoSuchMethodException: android.os.MessageQueue#enableMonitor()#bestmatch
10-01 11:28:23.405  3476  3476 W ReflectionUtils: 	at miui.util.ReflectionUtils.findMethodBestMatch(ReflectionUtils.java:338)
10-01 11:28:23.405  3476  3476 W ReflectionUtils: 	at miui.util.ReflectionUtils.findMethodBestMatch(ReflectionUtils.java:375)
10-01 11:28:23.405  3476  3476 W ReflectionUtils: 	at miui.util.ReflectionUtils.callMethod(ReflectionUtils.java:800)
10-01 11:28:23.405  3476  3476 W ReflectionUtils: 	at miui.util.ReflectionUtils.tryCallMethod(ReflectionUtils.java:818)
10-01 11:28:23.405  3476  3476 W ReflectionUtils: 	at android.os.BaseLooper.enableMonitor(BaseLooper.java:47)
10-01 11:28:23.405  3476  3476 W ReflectionUtils: 	at android.os.Looper.prepareMainLooper(Looper.java:112)
10-01 11:28:23.405  3476  3476 W ReflectionUtils: 	at android.app.ActivityThread.main(ActivityThread.java:6211)
10-01 11:28:23.405  3476  3476 W ReflectionUtils: 	at java.lang.reflect.Method.invoke(Native Method)
10-01 11:28:23.405  3476  3476 W ReflectionUtils: 	at com.android.internal.os.ZygoteInit$MethodAndArgsCaller.run(ZygoteInit.java:904)
10-01 11:28:23.405  3476  3476 W ReflectionUtils: 	at com.android.internal.os.ZygoteInit.main(ZygoteInit.java:794)
10-01 11:28:23.406  3476  3476 V BoostFramework: BoostFramework() : mPerf = com.qualcomm.qti.Performance@7b7f5b0
10-01 11:28:23.424  2833  3301 D ContactsDatabaseHelper: insertMimeType: vnd.android.cursor.item/phone_v2
10-01 11:28:23.451  3456  3456 D miuisdk : current sdk level is 14
10-01 11:28:23.451  3456  3456 D         : InitMiuiSdkHookClasses
10-01 11:28:23.452  3456  3456 I         : create_mem miui-classproxy page:0x7fa711a000, size:4096
10-01 11:28:23.455  3456  3456 I         : Never hook EnableMethodTracing
10-01 11:28:23.456  3456  3456 I         : Never hook DisableMethodTracing
10-01 11:28:23.456  3456  3456 I         : sConfigureStubsHookFlag is 0x3, so we must hook ConfigureStubs for methodtracing
10-01 11:28:23.456  3456  3456 I         : Hook ConfigureStubs
10-01 11:28:23.456  3456  3456 I         : create_mem miui-classproxy page:0x7fa70a0000, size:4096
10-01 11:28:23.495  3282  3295 I HotwordHelper: hasHotwordEverywhere-true
10-01 11:28:23.496  3456  3456 I miuisdk : loading module: com.miui.system
10-01 11:28:23.497  2833  3301 D ContactsDatabaseHelper: insertMimeType: vnd.android.cursor.item/sip_address
10-01 11:28:23.511  2514  2514 I HwDetectorWithState: #performNextHotwordAction action: 3
10-01 11:28:23.519  3456  3456 D miuisdk : process com.miui.system successful
10-01 11:28:23.519  3456  3456 D miuisdk : process modules finished
10-01 11:28:23.533  2466  2932 I NotifierManager: acquireNotifier:TimeChanged  miui.maml.data.DateTimeVariableUpdater@6c309a2
10-01 11:28:23.556  3476  3476 I art     : Starting a blocking GC AddRemoveAppImageSpace
10-01 11:28:23.557  3476  3476 W System  : ClassLoader referenced unknown path: /system/priv-app/GooglePartnerSetup/lib/arm64
10-01 11:28:23.572  3456  3456 D Wth2:MiStatHelper: init()
10-01 11:28:23.581  3456  3456 D MI_STAT : initialize com.miui.weather2, 2882303761517411749, default channel, false
10-01 11:28:23.596  2466  2482 I art     : Background partial concurrent mark sweep GC freed 29546(1854KB) AllocSpace objects, 51(2MB) LOS objects, 40% free, 21MB/35MB, paused 4.211ms total 283.277ms
10-01 11:28:23.599  3456  3505 D Wth2:WeatherApplication: base.getFilesDir()=/data/user/0/com.miui.weather2/files
10-01 11:28:23.601  2833  3301 D ContactsDatabaseHelper: insertMimeType: vnd.android.cursor.item/name
10-01 11:28:23.603  2833  3301 D ContactsDatabaseHelper: insertMimeType: vnd.android.cursor.item/postal-address_v2
10-01 11:28:23.604  2833  3301 D ContactsDatabaseHelper: insertMimeType: vnd.android.cursor.item/identity
10-01 11:28:23.605  2833  3301 D ContactsDatabaseHelper: insertMimeType: vnd.android.cursor.item/photo
10-01 11:28:23.607  2833  3301 D ContactsDatabaseHelper: insertMimeType: vnd.android.cursor.item/group_membership
10-01 11:28:23.607  3046  3046 I Power.NonUI: create NonUiModeController
10-01 11:28:23.643  1457  1457 V BackupManagerService: Connected to transport ComponentInfo{com.google.android.gms/com.google.android.gms.backup.BackupTransportService}
10-01 11:28:23.644  1457  1457 V BackupManagerService: Registering transport com.google.android.gms/.backup.BackupTransportService::com.google.android.gms/.backup.BackupTransportService = com.android.internal.backup.IBackupTransport$Stub$Proxy@92275c5
10-01 11:28:23.648  3456  3505 D Wth2:WeatherApplication: Move the DataBaseFile and SharedPrefFile, When app attachBaseContext()
10-01 11:28:23.651  3046  3510 I chatty  : uid=1000(system) PowerStateMachi expire 6 lines
10-01 11:28:23.654  2833  3301 D ContactsDatabaseHelper: insertMimeType: vnd.android.cursor.item/note
10-01 11:28:23.655  2833  3301 D ContactsDatabaseHelper: insertMimeType: vnd.android.cursor.item/contact_event
10-01 11:28:23.657  2833  3301 D ContactsDatabaseHelper: insertMimeType: vnd.android.cursor.item/website
10-01 11:28:23.658  2833  3301 D ContactsDatabaseHelper: insertMimeType: vnd.android.cursor.item/relation
10-01 11:28:23.660  2833  3301 D ContactsDatabaseHelper: insertMimeType: vnd.com.google.cursor.item/contact_misc
10-01 11:28:23.662  2833  3301 D ContactsDatabaseHelper: insertMimeType: vnd.com.miui.cursor.item/lunarBirthday
10-01 11:28:23.673  3456  3512 D Wth2:WeatherApplicationDelegate: APPInitAsyncTask doInBackground()
10-01 11:28:23.673  3456  3512 D Wth2:UserNoticeUtil: initJobsWhenHaveUserNoticeAgreed()
10-01 11:28:23.673  3456  3512 D Wth2:ABTestHelper: register()
10-01 11:28:23.736  1457  1481 I PowerManagerService: Going to sleep due to screen timeout (uid 1000)...
10-01 11:28:23.738  1457  1457 I WindowManager: Started going to sleep... (why=3)
10-01 11:28:23.752  1457  1481 I chatty  : uid=1000(system) PowerManagerSer expire 10 lines
10-01 11:28:23.763  3046  3046 D PowerKeeper.Thermal: ThermalLog: false 45 43 300000 600000 4 2 20 10 60000 120000 false
10-01 11:28:23.779  3456  3512 W MI_STAT : ABTest is NOT allow to register in background running
10-01 11:28:23.782  2804  3511 I chatty  : uid=1000(system) com.miui.securitycenter.remote expire 2 lines
10-01 11:28:23.795  2804  3518 I chatty  : uid=1000(system) Binder:2804_3 expire 10 lines
10-01 11:28:23.811  2292  2350 I chatty  : uid=1000(system) Binder:2292_1 expire 93 lines
10-01 11:28:23.833  3046  3046 D PowerKeeper.Thermal: ThermalLog: false 45 43 300000 600000 4 2 20 10 60000 120000 false
10-01 11:28:23.847  1663  1923 I chatty  : uid=1000(system) Binder:1663_4 expire 5 lines
10-01 11:28:23.858  3046  3510 D PowerKeeper.Extreme: setExtremePower, enable = false
10-01 11:28:23.876  2804  2817 I chatty  : uid=1000(system) Binder:2804_1 expire 12 lines
10-01 11:28:23.898  1457  1481 D AutomaticBrightnessController: luxvalue = 143.0
10-01 11:28:23.899  1457  1481 D DisplayPowerController: getScreenDarkenRate: brighten rate=50
10-01 11:28:23.905  2466  2722 D Launcher.Model: component:ComponentInfo{com.android.stk/com.android.stk.StkMenuActivity} returned because user: UserHandle{0} contains: false
10-01 11:28:23.948  2466  2722 D Launcher.Model: component:ComponentInfo{com.miui.virtualsim/com.miui.virtualsim.ui.MainActivity} returned because user: UserHandle{0} contains: false
10-01 11:28:23.952  2466  2722 D Launcher.Model: Setting thread priority to BACKGROUND
10-01 11:28:23.953  2466  2466 D Launcher.Model: bind workspace in 6653ms
10-01 11:28:23.958  1457  2916 D Boost   : hostingType=service, hostingName=com.miui.msa.global/com.miui.systemAdSolution.landingPage.LandingPageService, callerPackage=com.miui.weather2, isSystem=true, isBoostNeeded=false.
10-01 11:28:23.958  1457  2916 I ActivityManager: Start proc 3526:com.miui.msa.global/u0a107 for service com.miui.msa.global/com.miui.systemAdSolution.landingPage.LandingPageService caller=com.miui.weather2
10-01 11:28:23.974  2466  2722 D Launcher.Model: step 3: loading missing icons
10-01 11:28:23.996  3282  3453 W art     : Long monitor contention with owner UserFacing0 (3428) at void java.util.HashMap$HashMapEntry.<init>(int, java.lang.Object, java.lang.Object, java.util.HashMap$HashMapEntry)(HashMap.java:739) waiters=0 in java.lang.Object dagger.internal.DoubleCheck.get() for 660ms
10-01 11:28:23.997  3238  3405 E MiPicks-Connection: create session error : RESULT_ERROR
10-01 11:28:24.007  3238  3405 I FeatureParser: can't find riva.xml in assets/device_features/,it may be in /system/etc/device_features
10-01 11:28:24.011  2466  2645 W art     : Class com.miui.msa.preinstall.v1.PreinstallAdHelper failed lock verification and will run slower.
10-01 11:28:24.011  2466  2645 D PreinstallAdHelper: getPreinstallAdInfos
10-01 11:28:24.015  2466  2645 I RemoteMethodInvoker: package com.miui.msa.preinstall.v1interface com.miui.msa.preinstall.v1.IPreinstallAd
10-01 11:28:24.019  3526  3526 D TidaProvider: TidaProvider()
10-01 11:28:24.022  2466  2932 I ResourceManager: load image bg.png
10-01 11:28:24.022  2466  2932 I ResourceManager: try to load resource from extra resource:  of bg.png
10-01 11:28:24.028  3282  3282 W SessionLifecycleManager: Client : AttachedClient[14435927022945609, ClientConfig[mFlags=[default, headless, launch_external_voice_search_ui, support_transparent_background, legacy_leave_behind_dirty_session_fixme] mSuggestFlags=[0] mClientId=HOTWORD_SERVICE mSessionType=search publicSearchServiceCallerUid=-1]] has no associated SessionController
10-01 11:28:24.028  3282  3282 W SearchServiceCore: Abort, client detached.
10-01 11:28:24.028  3526  3526 W ReflectionUtils: 
10-01 11:28:24.028  3526  3526 W ReflectionUtils: java.lang.NoSuchMethodException: android.os.MessageQueue#enableMonitor()#bestmatch
10-01 11:28:24.028  3526  3526 W ReflectionUtils: 	at miui.util.ReflectionUtils.findMethodBestMatch(ReflectionUtils.java:338)
10-01 11:28:24.028  3526  3526 W ReflectionUtils: 	at miui.util.ReflectionUtils.findMethodBestMatch(ReflectionUtils.java:375)
10-01 11:28:24.028  3526  3526 W ReflectionUtils: 	at miui.util.ReflectionUtils.callMethod(ReflectionUtils.java:800)
10-01 11:28:24.028  3526  3526 W ReflectionUtils: 	at miui.util.ReflectionUtils.tryCallMethod(ReflectionUtils.java:818)
10-01 11:28:24.028  3526  3526 W ReflectionUtils: 	at android.os.BaseLooper.enableMonitor(BaseLooper.java:47)
10-01 11:28:24.028  3526  3526 W ReflectionUtils: 	at android.os.Looper.prepareMainLooper(Looper.java:112)
10-01 11:28:24.028  3526  3526 W ReflectionUtils: 	at android.app.ActivityThread.main(ActivityThread.java:6211)
10-01 11:28:24.028  3526  3526 W ReflectionUtils: 	at java.lang.reflect.Method.invoke(Native Method)
10-01 11:28:24.028  3526  3526 W ReflectionUtils: 	at com.android.internal.os.ZygoteInit$MethodAndArgsCaller.run(ZygoteInit.java:904)
10-01 11:28:24.028  3526  3526 W ReflectionUtils: 	at com.android.internal.os.ZygoteInit.main(ZygoteInit.java:794)
10-01 11:28:24.028  3526  3526 V BoostFramework: BoostFramework() : mPerf = com.qualcomm.qti.Performance@7b7f5b0
10-01 11:28:24.029  3238  3405 D AccessibilityManager: current package=com.xiaomi.mipicks, accessibility manager mIsFinalEnabled=false, mOptimizeEnabled=true, mIsUiAutomationEnabled=false, mIsInterestedPackage=false
10-01 11:28:24.033  3282  3282 I BgTaskExecutorImpl: Starting EXCLUSIVE background task UPDATE_HOTWORD_MODELS.
10-01 11:28:24.037  2804  2821 I chatty  : uid=1000(system) Binder:2804_2 expire 2 lines
10-01 11:28:24.038  1663  2116 D ChargingUtils: isQuickCharging() quickCharging=false
10-01 11:28:24.049  1663  2116 D ChargingUtils: isQuickCharging() quickCharging=false
10-01 11:28:24.074  2466  2722 I Launcher.ScreenUtils: searching DB find item 37 intent: #Intent;action=android.intent.action.MAIN;category=android.intent.category.LAUNCHER;launchFlags=0x10200000;component=com.android.stk/.StkMenuActivity;end serialNumber: 0
10-01 11:28:24.091  1457  2725 E BatteryStatsService: no controller energy info supplied
10-01 11:28:24.091  1457  2725 E BatteryStatsService: no controller energy info supplied
10-01 11:28:24.096  2466  2932 I ResourceManager: load image from extra resource:  of bg.png
10-01 11:28:24.097  2466  2932 D MultipleRenderable: add: miui.maml.FancyDrawable@5e483e1
10-01 11:28:24.097  2466  2932 D RendererCore: add: miui.maml.FancyDrawable@5e483e1 size:1
10-01 11:28:24.097  2466  2932 D ScreenElementRoot: resume
10-01 11:28:24.099  2466  2932 I ResourceManager: load image quietImage.png
10-01 11:28:24.099  2466  2932 I ResourceManager: try to load resource from extra resource:  of quietImage.png
10-01 11:28:24.099  2466  2932 D ResourceLoader: TRY AGAIN to get getPathForLanguage: quietImage.png
10-01 11:28:24.099  2466  2932 E ResourceLoader: fail to get getPathForLanguage: quietImage.png
10-01 11:28:24.099  2466  2932 D ResourceLoader: TRY AGAIN to get getPathForLanguage: quietImage.png
10-01 11:28:24.106  2466  2932 E ResourceLoader: fail to get getPathForLanguage: quietImage.png
10-01 11:28:24.107  2466  2932 E ResourceManager: fail to load image: quietImage.png
10-01 11:28:24.107  2466  2932 I ResourceManager: load image startImage.png
10-01 11:28:24.107  2466  2932 I ResourceManager: try to load resource from extra resource:  of startImage.png
10-01 11:28:24.107  2466  2932 D ResourceLoader: TRY AGAIN to get getPathForLanguage: startImage.png
10-01 11:28:24.107  2466  2932 E ResourceLoader: fail to get getPathForLanguage: startImage.png
10-01 11:28:24.107  2466  2932 D ResourceLoader: TRY AGAIN to get getPathForLanguage: startImage.png
10-01 11:28:24.107  2466  2932 E ResourceLoader: fail to get getPathForLanguage: startImage.png
10-01 11:28:24.107  2466  2932 E ResourceManager: fail to load image: startImage.png
10-01 11:28:24.113  2466  2658 W art     : Long monitor contention with owner AsyncTask #2 (2932) at void java.lang.Thread.nativeCreate(java.lang.Thread, long, boolean)(Thread.java:-2) waiters=0 in miui.maml.util.RendererCoreCache$RendererCoreInfo miui.maml.util.RendererCoreCache.get(java.lang.Object, long) for 1.253s
10-01 11:28:24.114  2466  2951 W art     : Long monitor contention with owner AsyncTask #2 (2932) at void java.lang.Thread.nativeCreate(java.lang.Thread, long, boolean)(Thread.java:-2) waiters=1 in miui.maml.util.RendererCoreCache$RendererCoreInfo miui.maml.util.RendererCoreCache.get(java.lang.Object, long) for 1.225s
