10-01 11:28:13.496  1457  1946 I Telecom : : Sending phone-account registered intent as user: TSI.rPA@ABI
10-01 11:28:13.497  1968  1968 I Telephony: AccountEntry: Registered phoneAccount: [[ ] PhoneAccount: ComponentInfo{com.android.phone/com.android.services.telephony.TelephonyConnectionService}, [356a192b7913b04c54574d18c28d46e6395428ab], UserHandle{0} Capabilities: CallProvider MultiUser PlaceEmerg SimSub  Audio Routes: BESW Schemes: tel voicemail  Extras: null GroupId: [da39a3ee5e6b4b0d3255bfef95601890afd80709]] with handle: ComponentInfo{com.android.phone/com.android.services.telephony.TelephonyConnectionService}, [356a192b7913b04c54574d18c28d46e6395428ab], UserHandle{0}
10-01 11:28:13.498  1968  1968 I Telephony: PstnIncomingCallNotifier: Registering: Handler (com.qualcomm.qti.internal.telephony.QtiGsmCdmaPhone) {ec41eeb}
10-01 11:28:13.507  2236  2236 I AlarmClock: AlarmInitReceiverandroid.intent.action.TIME_SET
10-01 11:28:13.512  1457  1478 I WindowManager: ******** booted=true msg=false haveBoot=false haveApp=false haveWall=false wallEnabled=true haveKeyguard=true
10-01 11:28:13.516   631  2264 E WVMExtractor: Failed to open libwvm.so: dlopen failed: library "libwvm.so" not found
10-01 11:28:13.531  2236  2236 I DynamicDumpReceiver: Dynamic receiver registered
10-01 11:28:13.539  1457  2010 W ActivityManager: Unable to start service Intent { act=android.intent.action.MAIN cmp=com.miui.core/com.miui.internal.server.CoreService } U=0: not found
10-01 11:28:13.546  2236  2267 I AlarmClock: Stopwatch Base adjusted, old base : 1536574590052 , new base : 1536588213318
10-01 11:28:13.547   630  1719 I ExtendedExtractor: QTIParser is prefered .. flags 2
10-01 11:28:13.547   630  1719 D MMParserExtractor: setExtraFlags called with flags 2 for paser instance f42a3be0
10-01 11:28:13.547   630  1719 D MMParserExtractor: using bigger parser buffers
10-01 11:28:13.547   630  1719 I ExtendedExtractor: ExtendedExtractor::create 0xf42a3be0
10-01 11:28:13.550  1968  1968 D CallNotifier: updatePhoneStateListeners: update CF notifications.
10-01 11:28:13.551  1968  1968 D CarrierConfigLoader: mHandler: 0 phoneId: 1
10-01 11:28:13.552  1968  1968 D CarrierSvcBindHelper: mHandler: 0
10-01 11:28:13.552  1968  1968 D CarrierSvcBindHelper: Rebinding if necessary for phoneId: 1
10-01 11:28:13.552  1968  1968 D CarrierSvcBindHelper: No carrier app for: 1
10-01 11:28:13.552  1457  1478 I WindowManager: ******** booted=true msg=false haveBoot=false haveApp=false haveWall=true wallEnabled=true haveKeyguard=true
10-01 11:28:13.553   455  1617 I SurfaceFlinger: Boot is finished (33714 ms)
10-01 11:28:13.555   631  2262 D NuPlayerDriver: notifyListener_l(0xe8c20a80), (1, 0, 0), loop setting(0, 0)
10-01 11:28:13.557  1457  1478 I WindowManager: ******** booted=true msg=false haveBoot=false haveApp=false haveWall=true wallEnabled=true haveKeyguard=true
10-01 11:28:13.561  1457  1478 I WindowManager: ******** booted=true msg=false haveBoot=false haveApp=false haveWall=true wallEnabled=true haveKeyguard=true
10-01 11:28:13.574  1968  1968 D CallNotifier: updatePhoneStateListeners: update CF notifications.
10-01 11:28:13.575  1457  1946 W ActivityManager: Unable to start service Intent { act=android.intent.action.MAIN cmp=com.miui.core/com.miui.internal.server.CoreService } U=0: not found
10-01 11:28:13.577  1968  1968 I Telephony: PstnIncomingCallNotifier: Unregistering: Handler (com.qualcomm.qti.internal.telephony.QtiGsmCdmaPhone) {ec41eeb}
10-01 11:28:13.587  1457  1946 I Telecom : PhoneAccountRegistrar: [ComponentInfo{com.android.phone/com.android.services.telephony.TelephonyConnectionService}, [356a192b7913b04c54574d18c28d46e6395428ab], UserHandle{0}(icon: Icon(typ=BITMAP size=48x48) -> Icon(typ=BITMAP size=48x48))]: TSI.rPA@ABs
10-01 11:28:13.593  1457  1946 I Telecom : : Sending phone-account registered intent as user: TSI.rPA@ABs
10-01 11:28:13.595  1968  1968 I Telephony: AccountEntry: Registered phoneAccount: [[ ] PhoneAccount: ComponentInfo{com.android.phone/com.android.services.telephony.TelephonyConnectionService}, [356a192b7913b04c54574d18c28d46e6395428ab], UserHandle{0} Capabilities: CallProvider MultiUser PlaceEmerg SimSub  Audio Routes: BESW Schemes: tel voicemail  Extras: null GroupId: [da39a3ee5e6b4b0d3255bfef95601890afd80709]] with handle: ComponentInfo{com.android.phone/com.android.services.telephony.TelephonyConnectionService}, [356a192b7913b04c54574d18c28d46e6395428ab], UserHandle{0}
10-01 11:28:13.595  1968  1968 I Telephony: PstnIncomingCallNotifier: Registering: Handler (com.qualcomm.qti.internal.telephony.QtiGsmCdmaPhone) {ec41eeb}
10-01 11:28:13.595   561   571 D BootAnimation: waiting for media player to complete.
10-01 11:28:13.595   561   571 D BootAnimation: media player is completed.
10-01 11:28:13.615   631   857 D NuPlayerDriver: reset(0xe8c20a80) at state 4
10-01 11:28:13.615   631   857 D NuPlayerDriver: notifyListener_l(0xe8c20a80), (8, 0, 0), loop setting(0, 0)
10-01 11:28:13.617   631  2262 W AMessage: failed to post message as target looper for handler 0 is gone.
10-01 11:28:13.617   631  2262 D NuPlayerDriver: notifyResetComplete(0xe8c20a80)
10-01 11:28:13.618   631   857 D NuPlayerDriver: reset(0xe8c20a80) at state 0
10-01 11:28:13.636   631  1770 I ExtendedNuUtils: printFileName fd(10) -> /system/priv-app/MiuiSystemUI/MiuiSystemUI.apk
10-01 11:28:13.668  1663  1663 V FingerprintManager: FingerprintManagerService was null
10-01 11:28:13.678  1968  1968 D MccTable: updateMccMncConfiguration mccmnc='40411' fromServiceState=true
10-01 11:28:13.679   630   630 I ExtendedExtractor: QTIParser is prefered .. flags 2
10-01 11:28:13.679  1968  1968 D MccTable: updateMccMncConfiguration defaultMccMnc=
10-01 11:28:13.679  1968  1968 D MccTable: updateMccMncConfiguration: mcc=404, mnc=11
10-01 11:28:13.679  1968  1968 D MccTable: WIFI_COUNTRY_CODE set to in
10-01 11:28:13.680   630   630 D MMParserExtractor: setExtraFlags called with flags 2 for paser instance f42a3be0
10-01 11:28:13.680   630   630 D MMParserExtractor: using bigger parser buffers
10-01 11:28:13.680   630   630 I ExtendedExtractor: ExtendedExtractor::create 0xf42a3be0
10-01 11:28:13.685  2236  2267 I AlarmClock: Settings, saveNextAlarmTime(), and the timeString is 
10-01 11:28:13.687   631  2270 D NuPlayerDriver: notifyListener_l(0xe8c20a80), (1, 0, 0), loop setting(0, 0)
10-01 11:28:13.689  1457  1935 I WifiService: WifiService trying to set country code to in with persist set to false
10-01 11:28:13.704  1629  1629 D wpa_supplicant: wlan0: Control interface command 'DRIVER COUNTRY IN'
10-01 11:28:13.705  1629  1629 D wpa_supplicant: wpa_driver_nl80211_driver_cmd COUNTRY IN len = 0, 4096
10-01 11:28:13.705  1629  1629 D wpa_supplicant: wlan0: Event CHANNEL_LIST_CHANGED (28) received
10-01 11:28:13.705  1629  1629 I wpa_supplicant: wlan0: CTRL-EVENT-REGDOM-CHANGE init=USER type=COUNTRY alpha2=IN
10-01 11:28:13.705  1629  1629 D wpa_supplicant: CTRL-DEBUG: ctrl_sock-sendmsg: sock=8 sndbuf=212992 outq=0 send_len=57
10-01 11:28:13.706  1629  1629 D wpa_supplicant: CTRL_IFACE monitor sent successfully to /data/misc/wifi/sockets/wpa_ctrl_1457-2\x00
10-01 11:28:13.706  1629  1629 D wpa_supplicant: wlan0: Updating hw mode
10-01 11:28:13.706  1629  1629 D wpa_supplicant: nl80211: Regulatory information - country=IN
10-01 11:28:13.706  1629  1629 D wpa_supplicant: nl80211: 2402-2482 @ 40 MHz 20 mBm
10-01 11:28:13.706  1629  1629 D wpa_supplicant: nl80211: 5170-5330 @ 160 MHz 23 mBm
10-01 11:28:13.706  1629  1629 D wpa_supplicant: nl80211: 5735-5835 @ 80 MHz 30 mBm
10-01 11:28:13.706  1629  1629 D wpa_supplicant: nl80211: Added 802.11b mode based on 802.11g information
10-01 11:28:13.706  1629  1629 D wpa_supplicant: p2p0: Updating hw mode
10-01 11:28:13.707  1629  1629 D wpa_supplicant: nl80211: Regulatory information - country=IN
10-01 11:28:13.707  1629  1629 D wpa_supplicant: nl80211: 2402-2482 @ 40 MHz 20 mBm
10-01 11:28:13.707  1629  1629 D wpa_supplicant: nl80211: 5170-5330 @ 160 MHz 23 mBm
10-01 11:28:13.707  1629  1629 D wpa_supplicant: nl80211: 5735-5835 @ 80 MHz 30 mBm
10-01 11:28:13.707  1629  1629 D wpa_supplicant: nl80211: Added 802.11b mode based on 802.11g information
10-01 11:28:13.707  1629  1629 D wpa_supplicant: wlan0: Determining shared radio frequencies (max len 2)
10-01 11:28:13.707  1629  1629 D wpa_supplicant: wlan0: Shared frequencies (len=0): completed iteration
10-01 11:28:13.707  1629  1629 D wpa_supplicant: P2P: Add operating class 81
10-01 11:28:13.707  1629  1629 D wpa_supplicant: P2P: Channels - hexdump(len=13): 01 02 03 04 05 06 07 08 09 0a 0b 0c 0d
10-01 11:28:13.707  1629  1629 D wpa_supplicant: P2P: Update channel list
10-01 11:28:13.707  1629  1629 D wpa_supplicant: P2P: channels: 81:1,2,3,4,5,6,7,8,9,10,11,12,13
10-01 11:28:13.707  1629  1629 D wpa_supplicant: P2P: cli_channels:
10-01 11:28:13.707  1629  1629 D wpa_supplicant: CTRL-DEBUG: global_ctrl_sock-sendto: sock=8 sndbuf=212992 outq=0 send_len=3
10-01 11:28:13.709  2236  2267 I AlarmClock: Set Shutdown Alarm. System will boot at 1 January, 1970 5:30:00.0
10-01 11:28:13.715  2236  2267 I AlarmClock: AlarmInitReceiver finished
10-01 11:28:13.719  1821  1821 I FeatureParser: can't find riva.xml in assets/device_features/,it may be in /system/etc/device_features
10-01 11:28:13.721  1457  1604 I chatty  : uid=1000(system) SecurityWriteHa expire 7 lines
10-01 11:28:13.729  1457  1478 I WindowManager: ******** booted=true msg=false haveBoot=false haveApp=false haveWall=true wallEnabled=true haveKeyguard=true
10-01 11:28:13.729  1457  1478 I WindowManager: ******************** ENABLING SCREEN!
10-01 11:28:13.735  1457  1478 I SystemServiceManager: Starting phase 1000
10-01 11:28:13.736  2058  2058 D CellBroadcastReceiver: onReceive Intent { act=android.intent.action.SIM_STATE_CHANGED flg=0x4000010 cmp=com.android.cellbroadcastreceiver/.CellBroadcastReceiver (has extras) }
10-01 11:28:13.743  1457  1481 D AutomaticBrightnessController: setLightSensorEnabled enable
10-01 11:28:13.746  1457  1478 V LightsService: realSetLightLocked #3: color=#ffffff00: onMS=0 offMS=0 mode=0
10-01 11:28:13.753  1457  1478 W ContextImpl: Calling a method in the system process without a qualified user: android.app.ContextImpl.bindService:1458 com.android.server.display.DisplayFeatureService.onBootPhase:64 com.android.server.SystemServiceManager.startBootPhase:143 com.android.server.am.ActivityManagerService.finishBooting:7203 com.android.server.am.ActivityManagerService.bootAnimationComplete:7269 
10-01 11:28:13.756  1457  1481 D AutomaticBrightnessController: setProximitySensorEnabled enable
10-01 11:28:13.767  1457  1478 D Boost   : hostingType=service, hostingName=com.qti.service.colorservice/.ColorServiceApp, callerPackage=android, isSystem=true, isBoostNeeded=false.
10-01 11:28:13.767  1457  1478 I ActivityManager: Start proc 2278:com.qti.service.colorservice/1000 for service com.qti.service.colorservice/.ColorServiceApp caller=android
10-01 11:28:13.770  1457  1478 I SystemServiceManager: Starting phase 1000 done
10-01 11:28:13.787  1457  1478 D Boost   : hostingType=on-hold, hostingName=null, callerPackage=android, isSystem=true, isBoostNeeded=false.
10-01 11:28:13.787  1457  1478 I ActivityManager: Start proc 2284:com.google.android.ext.services/u0a17 for on-hold caller=android
10-01 11:28:13.797  1457  1478 D ActivityManager: Finishing user boot 0
10-01 11:28:13.799  1457  1478 D CryptdConnector: SND -> {4 cryptfs prepare_user_storage ! 0 0 2}
10-01 11:28:13.799   364   372 D vold    : e4crypt_prepare_user_storage for volume null, user 0, serial 0, flags 2
10-01 11:28:13.799   364   372 D vold    : Preparing: /data/system_ce/0
10-01 11:28:13.800   364   372 D vold    : Preparing: /data/misc_ce/0
10-01 11:28:13.800   364   372 D vold    : Preparing: /data/media/0
10-01 11:28:13.800   364   372 D vold    : Preparing: /data/data
10-01 11:28:13.800  1457  1569 D CryptdConnector: RCV <- {200 4 Command succeeded}
10-01 11:28:13.809  2278  2278 D TidaProvider: TidaProvider()
10-01 11:28:13.811  1457  1478 V UserManagerService: Found /data/user/0 with serial number 0
10-01 11:28:13.811  1457  1478 V UserManagerService: Found /data/system_ce/0 with serial number 0
10-01 11:28:13.811  1457  1478 V PackageManager: reconcileAppsData for null u0 0x2 migrateAppData=false
10-01 11:28:13.817  2278  2278 W ReflectionUtils: 
10-01 11:28:13.817  2278  2278 W ReflectionUtils: java.lang.NoSuchMethodException: android.os.MessageQueue#enableMonitor()#bestmatch
10-01 11:28:13.817  2278  2278 W ReflectionUtils: 	at miui.util.ReflectionUtils.findMethodBestMatch(ReflectionUtils.java:338)
10-01 11:28:13.817  2278  2278 W ReflectionUtils: 	at miui.util.ReflectionUtils.findMethodBestMatch(ReflectionUtils.java:375)
10-01 11:28:13.817  2278  2278 W ReflectionUtils: 	at miui.util.ReflectionUtils.callMethod(ReflectionUtils.java:800)
10-01 11:28:13.817  2278  2278 W ReflectionUtils: 	at miui.util.ReflectionUtils.tryCallMethod(ReflectionUtils.java:818)
10-01 11:28:13.817  2278  2278 W ReflectionUtils: 	at android.os.BaseLooper.enableMonitor(BaseLooper.java:47)
10-01 11:28:13.817  2278  2278 W ReflectionUtils: 	at android.os.Looper.prepareMainLooper(Looper.java:112)
10-01 11:28:13.817  2278  2278 W ReflectionUtils: 	at android.app.ActivityThread.main(ActivityThread.java:6211)
10-01 11:28:13.817  2278  2278 W ReflectionUtils: 	at java.lang.reflect.Method.invoke(Native Method)
10-01 11:28:13.817  2278  2278 W ReflectionUtils: 	at com.android.internal.os.ZygoteInit$MethodAndArgsCaller.run(ZygoteInit.java:904)
10-01 11:28:13.817  2278  2278 W ReflectionUtils: 	at com.android.internal.os.ZygoteInit.main(ZygoteInit.java:794)
10-01 11:28:13.817  2278  2278 V BoostFramework: BoostFramework() : mPerf = com.qualcomm.qti.Performance@7b7f5b0
10-01 11:28:13.832   626   626 W cutils  : Expected path /data/data/com.truecaller with mode 700 but found 711
10-01 11:28:13.833  2284  2284 D TidaProvider: TidaProvider()
10-01 11:28:13.834  2292  2292 W mcd     : type=1400 audit(0.0:109): avc: denied { getattr } for path="/vendor" dev="rootfs" ino=1110 scontext=u:r:mcd:s0 tcontext=u:object_r:rootfs:s0 tclass=lnk_file permissive=0
10-01 11:28:13.844  2295  2295 W bootstat: type=1400 audit(0.0:110): avc: denied { getattr } for path="/vendor" dev="rootfs" ino=1110 scontext=u:r:bootstat:s0 tcontext=u:object_r:rootfs:s0 tclass=lnk_file permissive=0
10-01 11:28:13.844   626   626 W cutils  : Expected path /data/data/com.milink.service with mode 700 but found 751
10-01 11:28:13.846  2284  2284 W ReflectionUtils: 
10-01 11:28:13.846  2284  2284 W ReflectionUtils: java.lang.NoSuchMethodException: android.os.MessageQueue#enableMonitor()#bestmatch
10-01 11:28:13.846  2284  2284 W ReflectionUtils: 	at miui.util.ReflectionUtils.findMethodBestMatch(ReflectionUtils.java:338)
10-01 11:28:13.846  2284  2284 W ReflectionUtils: 	at miui.util.ReflectionUtils.findMethodBestMatch(ReflectionUtils.java:375)
10-01 11:28:13.846  2284  2284 W ReflectionUtils: 	at miui.util.ReflectionUtils.callMethod(ReflectionUtils.java:800)
10-01 11:28:13.846  2284  2284 W ReflectionUtils: 	at miui.util.ReflectionUtils.tryCallMethod(ReflectionUtils.java:818)
10-01 11:28:13.846  2284  2284 W ReflectionUtils: 	at android.os.BaseLooper.enableMonitor(BaseLooper.java:47)
10-01 11:28:13.846  2284  2284 W ReflectionUtils: 	at android.os.Looper.prepareMainLooper(Looper.java:112)
10-01 11:28:13.846  2284  2284 W ReflectionUtils: 	at android.app.ActivityThread.main(ActivityThread.java:6211)
10-01 11:28:13.846  2284  2284 W ReflectionUtils: 	at java.lang.reflect.Method.invoke(Native Method)
10-01 11:28:13.846  2284  2284 W ReflectionUtils: 	at com.android.internal.os.ZygoteInit$MethodAndArgsCaller.run(ZygoteInit.java:904)
10-01 11:28:13.846  2284  2284 W ReflectionUtils: 	at com.android.internal.os.ZygoteInit.main(ZygoteInit.java:794)
10-01 11:28:13.846  2284  2284 V BoostFramework: BoostFramework() : mPerf = com.qualcomm.qti.Performance@7b7f5b0
10-01 11:28:13.876  2295  2295 I bootstat: Service started: /system/bin/bootstat --record_boot_complete 
10-01 11:28:13.877  2295  2295 I bootstat: Logging histogram: bootstat_mtime_matches_content 1
10-01 11:28:13.879  2295  2295 I bootstat: Logging histogram: bootstat_mtime_matches_content 1
10-01 11:28:13.879  2295  2295 I bootstat: Logging histogram: bootstat_mtime_matches_content 1
10-01 11:28:13.905  1457  1556 I chatty  : uid=1000(system) StartSensorThre expire 10 lines
10-01 11:28:13.914  2317  2317 W bootstat: type=1400 audit(0.0:111): avc: denied { getattr } for path="/vendor" dev="rootfs" ino=1110 scontext=u:r:bootstat:s0 tcontext=u:object_r:rootfs:s0 tclass=lnk_file permissive=0
10-01 11:28:13.957  2317  2317 I bootstat: Service started: /system/bin/bootstat --record_boot_reason 
10-01 11:28:13.958  2317  2317 I bootstat: Unknown boot reason: 
10-01 11:28:13.974  2319  2319 W bootstat: type=1400 audit(0.0:112): avc: denied { getattr } for path="/vendor" dev="rootfs" ino=1110 scontext=u:r:bootstat:s0 tcontext=u:object_r:rootfs:s0 tclass=lnk_file permissive=0
10-01 11:28:13.994  2319  2319 I bootstat: Service started: /system/bin/bootstat --record_time_since_factory_reset 
10-01 11:28:13.994  2319  2319 I bootstat: Logging histogram: factory_reset_current_time 1538373493
10-01 11:28:14.001  2319  2319 I bootstat: Logging histogram: bootstat_mtime_matches_content 1
10-01 11:28:14.001  2319  2319 I bootstat: Logging histogram: factory_reset_record_value 1485009898
10-01 11:28:14.004  2323  2323 W bootstat: type=1400 audit(0.0:113): avc: denied { getattr } for path="/vendor" dev="rootfs" ino=1110 scontext=u:r:bootstat:s0 tcontext=u:object_r:rootfs:s0 tclass=lnk_file permissive=0
10-01 11:28:14.018  1457  1481 D AutomaticBrightnessController: mLightSensorListener mProximity=0 ,time=41617 ,lux=148.0
10-01 11:28:14.022  1457  1481 D AutomaticBrightnessController: setAmbientLux: mAmbientLux=148.0, mBrighteningLuxThreshold=248.0, mDarkeningLuxThreshold=29.599998, brightenLuxThreshold=248.0, darkenLuxThreshold=29.599998, angle_xy2horizon=0.0
10-01 11:28:14.023  1457  1481 D AutomaticBrightnessController: updateAutoBrightness: mScreenAutoBrightness=-1, newScreenAutoBrightness=59
10-01 11:28:14.023  1457  1481 D AutomaticBrightnessController: setAmbientLux: mAmbientLux=148.0, mBrighteningLuxThreshold=248.0, mDarkeningLuxThreshold=29.599998, brightenLuxThreshold=248.0, darkenLuxThreshold=29.599998, angle_xy2horizon=0.0
10-01 11:28:14.029  2323  2323 I bootstat: Service started: /system/bin/bootstat -l 
10-01 11:28:14.040  2323  2323 I bootstat: Logging histogram: bootstat_mtime_matches_content 1
10-01 11:28:14.041  2323  2323 I bootstat: Logging histogram: bootstat_mtime_matches_content 1
10-01 11:28:14.041  2323  2323 I bootstat: Logging histogram: bootstat_mtime_matches_content 1
10-01 11:28:14.041  2323  2323 I bootstat: Logging histogram: bootstat_mtime_matches_content 1
10-01 11:28:14.044  2327  2327 W sh      : type=1400 audit(0.0:114): avc: denied { getattr } for path="/vendor" dev="rootfs" ino=1110 scontext=u:r:mcd:s0 tcontext=u:object_r:rootfs:s0 tclass=lnk_file permissive=0
10-01 11:28:14.050  2323  2323 I bootstat: Logging histogram: bootstat_mtime_matches_content 1
10-01 11:28:14.051  2323  2323 I bootstat: Logging histogram: bootstat_mtime_matches_content 1
10-01 11:28:14.052  2323  2323 I bootstat: Logging histogram: bootstat_mtime_matches_content 1
10-01 11:28:14.052  2323  2323 I bootstat: Logging histogram: bootstat_mtime_matches_content 1
10-01 11:28:14.052  2323  2323 I bootstat: Logging histogram: bootstat_mtime_matches_content 1
10-01 11:28:14.052  2323  2323 I bootstat: Logging histogram: bootstat_mtime_matches_content 1
10-01 11:28:14.052  2323  2323 I bootstat: Logging histogram: bootstat_mtime_matches_content 1
10-01 11:28:14.052  2323  2323 I bootstat: Logging histogram: bootstat_mtime_matches_content 1
10-01 11:28:14.052  2323  2323 I bootstat: Logging histogram: bootstat_mtime_matches_content 1
10-01 11:28:14.052  2323  2323 I bootstat: Logging histogram: bootstat_mtime_matches_content 1
10-01 11:28:14.052  2323  2323 I bootstat: Logging histogram: post_decrypt_time_elapsed 17
10-01 11:28:14.052  2323  2323 I bootstat: Logging histogram: last_boot_time_utc 1538373493
10-01 11:28:14.052  2323  2323 I bootstat: Logging histogram: build_date 1536149228
10-01 11:28:14.052  2323  2323 I bootstat: Logging histogram: boot_decryption_complete 41
10-01 11:28:14.053  2323  2323 I bootstat: Logging histogram: ota_boot_complete_post_decrypt 449
10-01 11:28:14.053  2323  2323 I bootstat: Logging histogram: ota_boot_complete 469
10-01 11:28:14.053  2323  2323 I bootstat: Logging histogram: boot_reason 1
10-01 11:28:14.053  2323  2323 I bootstat: Logging histogram: factory_reset_current_time 1538373493
10-01 11:28:14.053  2323  2323 I bootstat: Logging histogram: factory_reset 1485009898
10-01 11:28:14.053  2323  2323 I bootstat: Logging histogram: time_since_last_boot 13623
10-01 11:28:14.053  2323  2323 I bootstat: Logging histogram: factory_reset_record_value 1485009898
10-01 11:28:14.053  2323  2323 I bootstat: Logging histogram: time_since_factory_reset 53363595
10-01 11:28:14.053  2323  2323 I bootstat: Logging histogram: boot_complete_post_decrypt 24
10-01 11:28:14.053  2323  2323 I bootstat: Logging histogram: boot_complete 41
10-01 11:28:14.054  2289  2289 W sh      : type=1400 audit(0.0:115): avc: denied { write } for name="interactive" dev="sysfs" ino=35489 scontext=u:r:qti_init_shell:s0 tcontext=u:object_r:sysfs:s0 tclass=dir permissive=0
10-01 11:28:14.064  2327  2327 W ps      : type=1400 audit(0.0:116): avc: denied { getattr } for path="/vendor" dev="rootfs" ino=1110 scontext=u:r:mcd:s0 tcontext=u:object_r:rootfs:s0 tclass=lnk_file permissive=0
10-01 11:28:14.072   626   626 W cutils  : Expected path /data/data/com.instagram.android with mode 700 but found 751
10-01 11:28:14.091  1457  2318 I chatty  : uid=1000(system) Binder:1457_9 expire 11 lines
10-01 11:28:14.091  1457  2318 D WindowManager: mKeyguardDelegate.ShowListener.onDrawn.
10-01 11:28:14.091  1457  1473 W WindowManager: Setting mKeyguardDrawComplete
10-01 11:28:14.104  2289  2289 W sh      : type=1400 audit(0.0:117): avc: denied { write } for name="parameters" dev="sysfs" ino=15427 scontext=u:r:qti_init_shell:s0 tcontext=u:object_r:sysfs:s0 tclass=dir permissive=0
10-01 11:28:14.104  2289  2289 W sh      : type=1400 audit(0.0:118): avc: denied { write } for name="parameters" dev="sysfs" ino=15427 scontext=u:r:qti_init_shell:s0 tcontext=u:object_r:sysfs:s0 tclass=dir permissive=0
10-01 11:28:14.131   626   626 W cutils  : Expected path /data/data/com.facebook.services with mode 700 but found 751
10-01 11:28:14.139  1457  1481 D AutomaticBrightnessController: setAmbientLux: mAmbientLux=148.0, mBrighteningLuxThreshold=248.0, mDarkeningLuxThreshold=29.599998, brightenLuxThreshold=248.0, darkenLuxThreshold=29.599998, angle_xy2horizon=0.0
10-01 11:28:14.162  2292  2292 I octvm   : model:Redmi 5A
10-01 11:28:14.162  2292  2292 I octvm   : device:riva
10-01 11:28:14.162  2292  2292 I octvm   : mod_device:riva_global
10-01 11:28:14.162  2292  2292 I octvm   : total memory:2930704
10-01 11:28:14.163  2292  2292 I octvm   : [2292][arg_idx 1]: /system/bin/mcd 
10-01 11:28:14.163  2292  2292 I octvm_runtime: Add default tasks to cgroup sys_critical
10-01 11:28:14.193  2292  2292 I octvm   : task pid 326 have been add to group sys_critical.
10-01 11:28:14.193  2292  2292 I octvm   : [sys_critical]cgroup_add_tasks max single write time: 0ms
10-01 11:28:14.194  2292  2292 I octvm   : [sys_critical]cgroup_add_tasks total time consume: 0ms
10-01 11:28:14.194  2292  2292 I octvm_runtime: def_tasks[1]: uid:root, task_name:/sbin/ueventd
10-01 11:28:14.214   626   626 W cutils  : Expected path /data/data/com.google.android.gms with mode 700 but found 751
10-01 11:28:14.222  2292  2292 I octvm   : task pid 364 have been add to group sys_critical.
10-01 11:28:14.222  2292  2292 I octvm   : [sys_critical]cgroup_add_tasks max single write time: 0ms
10-01 11:28:14.222  2292  2292 I octvm   : [sys_critical]cgroup_add_tasks total time consume: 0ms
10-01 11:28:14.222  2292  2292 I octvm_runtime: def_tasks[1]: uid:root, task_name:/system/bin/vold
10-01 11:28:14.252  2292  2292 I octvm   : task pid 632 have been add to group sys_critical.
10-01 11:28:14.252  2292  2292 I octvm   : [sys_critical]cgroup_add_tasks max single write time: 0ms
10-01 11:28:14.252  2292  2292 I octvm   : [sys_critical]cgroup_add_tasks total time consume: 1ms
10-01 11:28:14.252  2292  2292 I octvm_runtime: def_tasks[1]: uid:root, task_name:/system/bin/netd
10-01 11:28:14.261  2292  2292 I octvm   : task pid 455 have been add to group sys_critical.
10-01 11:28:14.261  2292  2292 I octvm   : [sys_critical]cgroup_add_tasks max single write time: 0ms
10-01 11:28:14.261  2292  2292 I octvm   : [sys_critical]cgroup_add_tasks total time consume: 0ms
10-01 11:28:14.261  2292  2292 I octvm_runtime: def_tasks[1]: uid:system, task_name:/system/bin/surfaceflinger
10-01 11:28:14.270  2292  2292 I octvm   : task pid 454 have been add to group sys_critical.
10-01 11:28:14.270  2292  2292 I octvm   : [sys_critical]cgroup_add_tasks max single write time: 0ms
10-01 11:28:14.270  2292  2292 I octvm   : [sys_critical]cgroup_add_tasks total time consume: 1ms
10-01 11:28:14.270  2292  2292 I octvm_runtime: def_tasks[1]: uid:system, task_name:/system/bin/servicemanager
10-01 11:28:14.270  2292  2292 I chatty  : uid=1000(system) /system/bin/mcd expire 11 lines
10-01 11:28:14.272   626   626 W cutils  : Expected path /data/data/com.ubercab/cache with mode 771 but found 700
10-01 11:28:14.272  2292  2345 I chatty  : uid=1000(system) klo_reporter expire 2 lines
10-01 11:28:14.273  2292  2347 I chatty  : uid=1000(system) native_monitor expire 1 line
10-01 11:28:14.274  2292  2348 I chatty  : uid=1000(system) events_monitor expire 6 lines
10-01 11:28:14.281  2292  2344 I chatty  : uid=1000(system) klo_main expire 10 lines
10-01 11:28:14.281   626   626 W cutils  : Expected path /data/data/com.facebook.katana with mode 700 but found 751
10-01 11:28:14.286   626   626 W cutils  : Expected path /data/data/com.bt.bms with mode 700 but found 751
10-01 11:28:14.301   626   626 W cutils  : Expected path /data/data/com.hexicallabs.devrant with mode 700 but found 751
10-01 11:28:14.304   626   626 W cutils  : Expected path /data/data/com.facebook.orca with mode 700 but found 751
10-01 11:28:14.308   626   626 W cutils  : Expected path /data/data/com.facebook.system with mode 700 but found 751
10-01 11:28:14.379   626   626 W cutils  : Expected path /data/data/com.facebook.appmanager with mode 700 but found 751
10-01 11:28:14.381   626   626 W cutils  : Expected path /data/data/com.xiaomi.discover with mode 700 but found 751
10-01 11:28:14.410   626   626 W cutils  : Expected path /data/data/com.snapchat.android/cache with mode 771 but found 700
10-01 11:28:14.412   374   374 E ANDR-PERF-MPCTL: Boot complete, post boot executed
10-01 11:28:14.414   374   374 E ANDR-PERF-TARGET-INIT: Inside InitializeTarget
10-01 11:28:14.414   374   374 E ANDR-PERF-TARGET-INIT: Init msmGold
10-01 11:28:14.418   374   374 E ANDR-PERF-OPTSDATA: Error: core_ctl_cpu is not initialized for this target
10-01 11:28:14.418   374   374 E ANDR-PERF-OPTSDATA: Error: Core ctl not present
10-01 11:28:14.418   374   374 E ANDR-PERF-OPTSDATA: Error: core_ctl not present or min/max cpu nodes initialization failed
10-01 11:28:14.419   374   374 E ANDR-PERF-OPTSHANDLER: Error: Sched Frequency Aggregation support not present
10-01 11:28:14.419  1457  1478 V PackageManager: reconcileAppsData finished 268 packages
10-01 11:28:14.419  1457  1612 I chatty  : uid=1000(system) miui.fg expire 1 line
10-01 11:28:14.420   374  2362 E ANDR-PERF-MPCTL:  before pthread_cond_wait 1789, chk_core_online_poll
10-01 11:28:14.420   374  2361 E ANDR-PERF-MPCTL: perflock: Workload detect thread created
10-01 11:28:14.420   374  2361 E ANDR-PERF-MPCTL: perflock: iobusy pfd initialized
10-01 11:28:14.420   374  2361 E ANDR-PERF-MPCTL: perflock: mode pfd initialized
10-01 11:28:14.420   374  2361 E ANDR-PERF-MPCTL: perflock: Read file 0: 0
10-01 11:28:14.420   374  2361 E ANDR-PERF-MPCTL: perflock: Read file 1: 0
10-01 11:28:14.420   374  2361 E ANDR-PERF-MPCTL: perflock: Mode change 0
10-01 11:28:14.421  1457  1936 I chatty  : uid=1000(system) Binder:1457_5 expire 11 lines
10-01 11:28:14.421  1457  1472 D BluetoothManagerService: User 0 unlocked
10-01 11:28:14.421  1457  1946 I chatty  : uid=1000(system) Binder:1457_6 expire 10 lines
10-01 11:28:14.421  1457  1472 D MountService: onUnlockUser 0
10-01 11:28:14.421  1457  1477 D BluetoothManagerService: MESSAGE_USER_UNLOCKED
10-01 11:28:14.421  1457  1472 D VoldConnector: SND -> {7 volume user_started 0}
10-01 11:28:14.421  1457  1467 I chatty  : uid=1000(system) Binder:1457_1 expire 12 lines
10-01 11:28:14.422   364   371 D vold    : Linking /storage/emulated/0 to /mnt/user/0/primary
10-01 11:28:14.423  1457  1568 D VoldConnector: RCV <- {200 7 Command succeeded}
10-01 11:28:14.424  1457  1472 D MountService: user have started, start mounting delay volume.
10-01 11:28:14.433  1457  1567 D VoldConnector: SND -> {8 volume mount public:179,64 2 0}
10-01 11:28:14.434   364   371 V vold    : /system/bin/blkid
10-01 11:28:14.434   364   371 V vold    :     -c
10-01 11:28:14.434   364   371 V vold    :     /dev/null
10-01 11:28:14.434   364   371 V vold    :     -s
10-01 11:28:14.434   364   371 V vold    :     TYPE
10-01 11:28:14.434   364   371 V vold    :     -s
10-01 11:28:14.434   364   371 V vold    :     UUID
10-01 11:28:14.434   364   371 V vold    :     -s
10-01 11:28:14.434   364   371 V vold    :     LABEL
10-01 11:28:14.434   364   371 V vold    :     /dev/block/vold/public:179,64
10-01 11:28:14.434  1457  1568 D VoldConnector: RCV <- {651 public:179,64 1}
10-01 11:28:14.454  2368  2368 W subsystem_ramdu: type=1400 audit(0.0:119): avc: denied { search } for name="/" dev="sdcardfs" ino=760321 scontext=u:r:subsystem_ramdump:s0 tcontext=u:object_r:sdcardfs:s0 tclass=dir permissive=0
10-01 11:28:14.454  2368  2368 W subsystem_ramdu: type=1400 audit(0.0:120): avc: denied { search } for name="/" dev="sdcardfs" ino=760321 scontext=u:r:subsystem_ramdump:s0 tcontext=u:object_r:sdcardfs:s0 tclass=dir permissive=0
10-01 11:28:14.464  2368  2368 I subsystem_ramdump: Usage:./system/bin/subsystem_ramdump [arg1] [arg2] [arg3]
10-01 11:28:14.464  2368  2368 I subsystem_ramdump: [arg1]: (1/2) Ramdump location: 1: eMMC: /data/ramdump or 2: SD card: /sdcard/ramdump
10-01 11:28:14.464  2368  2368 I subsystem_ramdump: [arg2]: (1/0) 1: Enable RPM log / 0: Disable RPM log
10-01 11:28:14.464  2368  2368 I subsystem_ramdump: [arg3]: (1/0) 1: Enable qdss ramdump / 0: Disable qdss ramdump
10-01 11:28:14.465  2368  2368 E subsystem_ramdump: Directory /sdcard/ramdump does not exist
10-01 11:28:14.465  2368  2368 I subsystem_ramdump: Attemping to create /sdcard/ramdump
10-01 11:28:14.465  2368  2368 E subsystem_ramdump: Unable to create /sdcard/ramdump
10-01 11:28:14.465  2368  2368 E subsystem_ramdump: Unable to create /sdcard/ramdump
10-01 11:28:14.465  2368  2368 E subsystem_ramdump: Failed to initialize ramdump
10-01 11:28:14.481  1457  2318 D Boost   : hostingType=service, hostingName=com.xiaomi.xmsf/.push.service.StatService, callerPackage=com.android.keyguard, isSystem=true, isBoostNeeded=false.
10-01 11:28:14.481  1457  2318 I ActivityManager: Start proc 2373:com.xiaomi.xmsf/u0a113 for service com.xiaomi.xmsf/.push.service.StatService caller=com.android.keyguard
10-01 11:28:14.505  2373  2373 D TidaProvider: TidaProvider()
10-01 11:28:14.510  1968  1968 D QC_RIL_OEM_HOOK: Received Broadcast Intent ACTION_UNSOL_RESPONSE_OEM_HOOK_RAW
10-01 11:28:14.511  1968  1968 D QC_RIL_OEM_HOOK: Oem ID in QCRILHOOK UNSOL RESP is QOEMHOOK
10-01 11:28:14.511  1968  1968 D QC_RIL_OEM_HOOK: Received Broadcast Intent ACTION_UNSOL_RESPONSE_OEM_HOOK_RAW
10-01 11:28:14.511  1968  1968 D QC_RIL_OEM_HOOK: Oem ID in QCRILHOOK UNSOL RESP is QOEMHOOK
10-01 11:28:14.515  1968  1968 I NotificationMgr: updateMwi(): subId 1 update to false
10-01 11:28:14.520  2373  2373 W ReflectionUtils: 
10-01 11:28:14.520  2373  2373 W ReflectionUtils: java.lang.NoSuchMethodException: android.os.MessageQueue#enableMonitor()#bestmatch
10-01 11:28:14.520  2373  2373 W ReflectionUtils: 	at miui.util.ReflectionUtils.findMethodBestMatch(ReflectionUtils.java:338)
10-01 11:28:14.520  2373  2373 W ReflectionUtils: 	at miui.util.ReflectionUtils.findMethodBestMatch(ReflectionUtils.java:375)
10-01 11:28:14.520  2373  2373 W ReflectionUtils: 	at miui.util.ReflectionUtils.callMethod(ReflectionUtils.java:800)
10-01 11:28:14.520  2373  2373 W ReflectionUtils: 	at miui.util.ReflectionUtils.tryCallMethod(ReflectionUtils.java:818)
10-01 11:28:14.520  2373  2373 W ReflectionUtils: 	at android.os.BaseLooper.enableMonitor(BaseLooper.java:47)
10-01 11:28:14.520  2373  2373 W ReflectionUtils: 	at android.os.Looper.prepareMainLooper(Looper.java:112)
10-01 11:28:14.520  2373  2373 W ReflectionUtils: 	at android.app.ActivityThread.main(ActivityThread.java:6211)
10-01 11:28:14.520  2373  2373 W ReflectionUtils: 	at java.lang.reflect.Method.invoke(Native Method)
10-01 11:28:14.520  2373  2373 W ReflectionUtils: 	at com.android.internal.os.ZygoteInit$MethodAndArgsCaller.run(ZygoteInit.java:904)
10-01 11:28:14.520  2373  2373 W ReflectionUtils: 	at com.android.internal.os.ZygoteInit.main(ZygoteInit.java:794)
10-01 11:28:14.521  1968  1968 I ImsExternalCallTracker: handleVideoCapabilitiesChanged : isVideoCapable = false
10-01 11:28:14.521  1968  1968 D ImsExternalCallTracker: refreshCallPullState
10-01 11:28:14.521  1968  1968 I ImsExternalCallTracker: handleVideoCapabilitiesChanged : isVideoCapable = false
10-01 11:28:14.521  1968  1968 D ImsExternalCallTracker: refreshCallPullState
10-01 11:28:14.521  1968  1968 I ImsExternalCallTracker: handleVideoCapabilitiesChanged : isVideoCapable = false
10-01 11:28:14.521  1968  1968 D ImsExternalCallTracker: refreshCallPullState
10-01 11:28:14.522  2373  2373 V BoostFramework: BoostFramework() : mPerf = com.qualcomm.qti.Performance@7b7f5b0
10-01 11:28:14.539  1457  2318 I Telecom : PhoneAccountRegistrar: [ComponentInfo{com.android.phone/com.android.services.telephony.TelephonyConnectionService}, [356a192b7913b04c54574d18c28d46e6395428ab], UserHandle{0}(icon: Icon(typ=BITMAP size=48x48) -> Icon(typ=BITMAP size=48x48))]: TSI.rPA@ACQ
10-01 11:28:14.542  1457  2318 I Telecom : : Sending phone-account registered intent as user: TSI.rPA@ACQ
10-01 11:28:14.556  1968  1968 D CallNotifier: updatePhoneStateListeners: update CF notifications.
10-01 11:28:14.558  1968  1968 I NotificationMgr: updateMwi(): subId 1 update to false
10-01 11:28:14.559  1968  1968 I Telephony: PstnIncomingCallNotifier: Unregistering: Handler (com.qualcomm.qti.internal.telephony.QtiGsmCdmaPhone) {ec41eeb}
10-01 11:28:14.576  1457  1598 I Telecom : PhoneAccountRegistrar: [ComponentInfo{com.android.phone/com.android.services.telephony.TelephonyConnectionService}, [356a192b7913b04c54574d18c28d46e6395428ab], UserHandle{0}(icon: Icon(typ=BITMAP size=48x48) -> Icon(typ=BITMAP size=48x48))]: TSI.rPA@ACU
10-01 11:28:14.579  1457  1598 I Telecom : : Sending phone-account registered intent as user: TSI.rPA@ACU
10-01 11:28:14.580  1968  1968 I Telephony: AccountEntry: Registered phoneAccount: [[ ] PhoneAccount: ComponentInfo{com.android.phone/com.android.services.telephony.TelephonyConnectionService}, [356a192b7913b04c54574d18c28d46e6395428ab], UserHandle{0} Capabilities: CallProvider MultiUser PlaceEmerg SimSub  Audio Routes: BESW Schemes: tel voicemail  Extras: null GroupId: [da39a3ee5e6b4b0d3255bfef95601890afd80709]] with handle: ComponentInfo{com.android.phone/com.android.services.telephony.TelephonyConnectionService}, [356a192b7913b04c54574d18c28d46e6395428ab], UserHandle{0}
10-01 11:28:14.580  1968  1968 I Telephony: PstnIncomingCallNotifier: Registering: Handler (com.qualcomm.qti.internal.telephony.QtiGsmCdmaPhone) {ec41eeb}
10-01 11:28:14.602  2278  2278 I art     : Starting a blocking GC AddRemoveAppImageSpace
10-01 11:28:14.602  2278  2278 W System  : ClassLoader referenced unknown path: /system/vendor/app/colorservice/lib/arm64
10-01 11:28:14.610  2078  2078 D QcrilMsgTunnelIfaceManager: handleMessage what = 0
10-01 11:28:14.623  2373  2373 W System  : ClassLoader referenced unknown path: /system/app/XiaomiServiceFramework/lib/arm64
10-01 11:28:14.628  2284  2284 W System  : ClassLoader referenced unknown path: /system/priv-app/GoogleExtServices/lib/arm64
10-01 11:28:14.641  1968  1968 I Telephony: PstnIncomingCallNotifier: Unregistering: Handler (com.qualcomm.qti.internal.telephony.QtiGsmCdmaPhone) {ec41eeb}
10-01 11:28:14.663  1457  2318 I Telecom : PhoneAccountRegistrar: [ComponentInfo{com.android.phone/com.android.services.telephony.TelephonyConnectionService}, [356a192b7913b04c54574d18c28d46e6395428ab], UserHandle{0}(icon: Icon(typ=BITMAP size=48x48) -> Icon(typ=BITMAP size=48x48))]: TSI.rPA@AC4
10-01 11:28:14.666  1457  2318 I Telecom : : Sending phone-account registered intent as user: TSI.rPA@AC4
10-01 11:28:14.667  1968  1968 I Telephony: AccountEntry: Registered phoneAccount: [[ ] PhoneAccount: ComponentInfo{com.android.phone/com.android.services.telephony.TelephonyConnectionService}, [356a192b7913b04c54574d18c28d46e6395428ab], UserHandle{0} Capabilities: CallProvider MultiUser PlaceEmerg SimSub  Audio Routes: BESW Schemes: tel voicemail  Extras: null GroupId: [da39a3ee5e6b4b0d3255bfef95601890afd80709]] with handle: ComponentInfo{com.android.phone/com.android.services.telephony.TelephonyConnectionService}, [356a192b7913b04c54574d18c28d46e6395428ab], UserHandle{0}
10-01 11:28:14.667  1968  1968 I Telephony: PstnIncomingCallNotifier: Registering: Handler (com.qualcomm.qti.internal.telephony.QtiGsmCdmaPhone) {ec41eeb}
10-01 11:28:14.668  1457  1598 I ActivityManager: user 0 is still locked. Cannot load recents
10-01 11:28:14.699  2278  2278 D ColorServiceApp: onBind Called
10-01 11:28:14.723  1968  1968 I NotificationMgr: updateNetworkSelection()...state = 0 new network =  slotId = 0 provisionStatus = 1
10-01 11:28:14.725   364   371 V vold    : /dev/block/vold/public:179,64: UUID="1234-5678" TYPE="vfat" 
10-01 11:28:14.725   364   371 V vold    : 
10-01 11:28:14.726   364   371 V vold    : /system/bin/fsck_msdos
10-01 11:28:14.726   364   371 V vold    :     -p
10-01 11:28:14.726   364   371 V vold    :     -f
10-01 11:28:14.726   364   371 V vold    :     /dev/block/vold/public:179,64
10-01 11:28:14.726  1457  1568 D VoldConnector: RCV <- {652 public:179,64 vfat}
10-01 11:28:14.727  1457  1568 D VoldConnector: RCV <- {653 public:179,64 1234-5678}
10-01 11:28:14.728  1457  1568 D VoldConnector: RCV <- {654 public:179,64 }
10-01 11:28:14.730  2278  2278 D ColorServiceApp: Created the service
10-01 11:28:14.766   364   371 I fsck_msdos: ** /dev/block/vold/public:179,64
10-01 11:28:14.768  2373  2373 D miuisdk : current sdk level is 14
10-01 11:28:14.768  2373  2373 D         : InitMiuiSdkHookClasses
10-01 11:28:14.769  2373  2373 I         : create_mem miui-classproxy page:0x7fa7336000, size:4096
10-01 11:28:14.772  2373  2373 I         : Never hook EnableMethodTracing
10-01 11:28:14.772  2373  2373 I         : Never hook DisableMethodTracing
10-01 11:28:14.772  2373  2373 I         : sConfigureStubsHookFlag is 0x3, so we must hook ConfigureStubs for methodtracing
10-01 11:28:14.772  2373  2373 I         : Hook ConfigureStubs
10-01 11:28:14.772   364   371 I fsck_msdos: ** Phase 1 - Read and Compare FATs
10-01 11:28:14.772   364   371 I fsck_msdos: Attempting to allocate 117 KB for FAT
10-01 11:28:14.772  2373  2373 I         : create_mem miui-classproxy page:0x7fa711a000, size:4096
10-01 11:28:14.793  1968  1968 D MccTable: updateMccMncConfiguration mccmnc='40411' fromServiceState=false
10-01 11:28:14.795  1725  1725 D SearchUpdater: start flag 40000000
10-01 11:28:14.796  1968  1968 D MccTable: updateMccMncConfiguration defaultMccMnc=
10-01 11:28:14.796  1968  1968 D MccTable: updateMccMncConfiguration: mcc=404, mnc=11
10-01 11:28:14.796  1725  1725 D SimSelectNotification:  no of slots 2 provision = true
10-01 11:28:14.796  1968  1968 D MccTable: updateMccMncConfiguration updateConfig config={1.0 404mcc11mnc ?localeList ?layoutDir ?swdp ?wdp ?hdp ?density ?lsize ?long ?orien ?uimode ?night ?touch ?keyb/?/? ?nav/? themeChanged=0 themeChangedFlags=0}
10-01 11:28:14.801  1457  2318 I ActivityManager: Config changes=3 {1.0 404mcc11mnc [en_GB] ldltr sw360dp w360dp h616dp 320dpi nrml long port finger -keyb/v/h -nav/h s.5 themeChanged=0 themeChangedFlags=0}
10-01 11:28:14.815   364   371 I fsck_msdos: FAT starts with odd byte sequence (f8ff7fff)
10-01 11:28:14.815   364   371 I fsck_msdos: FIXED
10-01 11:28:14.815   364   371 I fsck_msdos: Attempting to allocate 117 KB for FAT
10-01 11:28:14.865   364   371 I fsck_msdos: FAT starts with odd byte sequence (f8ff7fff)
10-01 11:28:14.865   364   371 I fsck_msdos: FIXED
10-01 11:28:14.865   364   371 I fsck_msdos: ** Phase 2 - Check Cluster Chains
10-01 11:28:14.865   364   371 I fsck_msdos: ** Phase 3 - Checking Directories
10-01 11:28:14.910  2373  2373 I miuisdk : loading module: com.miui.system
10-01 11:28:14.913   455  2199 D PermissionCache: checking android.permission.READ_FRAME_BUFFER for uid=1000 => granted (3752 us)
10-01 11:28:14.930  2373  2373 D miuisdk : process com.miui.system successful
10-01 11:28:14.930  2373  2373 D miuisdk : process modules finished
10-01 11:28:14.935  2144  2144 I QImsService: ImsServiceAutoboot : org.codeaurora.ims.ImsService is already running. android.intent.action.SIM_STATE_CHANGED ignored. 
10-01 11:28:14.952  1968  1968 I ImsExternalCallTracker: handleVideoCapabilitiesChanged : isVideoCapable = false
10-01 11:28:14.952  1968  1968 D ImsExternalCallTracker: refreshCallPullState
10-01 11:28:14.971  1457  1946 D Boost   : hostingType=content provider, hostingName=com.xiaomi.providers.appindex/.AppIndexContentProvider, callerPackage=com.android.settings, isSystem=true, isBoostNeeded=false.
10-01 11:28:14.971  1457  1946 I ActivityManager: Start proc 2413:com.xiaomi.providers.appindex/u0a49 for content provider com.xiaomi.providers.appindex/.AppIndexContentProvider caller=com.android.settings
10-01 11:28:14.994  2413  2413 D TidaProvider: TidaProvider()
10-01 11:28:14.994  1663  2114 I chatty  : uid=1000(system) com.android.systemui expire 2 lines
10-01 11:28:15.001  1457  1472 V BackupManagerService: Starting with transport com.google.android.gms/.backup.BackupTransportService
10-01 11:28:15.001  1457  1472 V BackupManagerService: Found transports: 2
10-01 11:28:15.005  2058  2058 D CellBroadcastReceiver: onReceive Intent { act=android.intent.action.SERVICE_STATE flg=0x10 cmp=com.android.cellbroadcastreceiver/.CellBroadcastReceiver (has extras) }
10-01 11:28:15.005  2058  2058 D CellBroadcastReceiver: Intent: android.intent.action.SERVICE_STATE
10-01 11:28:15.005  2058  2058 D CellBroadcastReceiver: Service state changed! 0 Full: 0 0 voice home data home Vodafone IN Vodafone IN 40411 Vodafone IN Vodafone IN 40411  LTE LTE CSS not supported -1 -1 RoamInd=-1 DefRoamInd=-1 EmergOnly=false IsDataRoamingFromRegistration=false IsUsingCarrierAggregation=false mRilImsRadioTechnology=0 Current state=1
10-01 11:28:15.007  2058  2058 D CellBroadcastReceiver: Start Cell Broadcast configuration.
10-01 11:28:15.008  1968  1968 I ImsExternalCallTracker: handleVideoCapabilitiesChanged : isVideoCapable = false
10-01 11:28:15.008  1968  1968 D ImsExternalCallTracker: refreshCallPullState
10-01 11:28:15.017  2413  2413 W ReflectionUtils: 
10-01 11:28:15.017  2413  2413 W ReflectionUtils: java.lang.NoSuchMethodException: android.os.MessageQueue#enableMonitor()#bestmatch
10-01 11:28:15.017  2413  2413 W ReflectionUtils: 	at miui.util.ReflectionUtils.findMethodBestMatch(ReflectionUtils.java:338)
10-01 11:28:15.017  2413  2413 W ReflectionUtils: 	at miui.util.ReflectionUtils.findMethodBestMatch(ReflectionUtils.java:375)
10-01 11:28:15.017  2413  2413 W ReflectionUtils: 	at miui.util.ReflectionUtils.callMethod(ReflectionUtils.java:800)
10-01 11:28:15.017  2413  2413 W ReflectionUtils: 	at miui.util.ReflectionUtils.tryCallMethod(ReflectionUtils.java:818)
10-01 11:28:15.017  2413  2413 W ReflectionUtils: 	at android.os.BaseLooper.enableMonitor(BaseLooper.java:47)
10-01 11:28:15.017  2413  2413 W ReflectionUtils: 	at android.os.Looper.prepareMainLooper(Looper.java:112)
10-01 11:28:15.017  2413  2413 W ReflectionUtils: 	at android.app.ActivityThread.main(ActivityThread.java:6211)
10-01 11:28:15.017  2413  2413 W ReflectionUtils: 	at java.lang.reflect.Method.invoke(Native Method)
10-01 11:28:15.017  2413  2413 W ReflectionUtils: 	at com.android.internal.os.ZygoteInit$MethodAndArgsCaller.run(ZygoteInit.java:904)
10-01 11:28:15.017  2413  2413 W ReflectionUtils: 	at com.android.internal.os.ZygoteInit.main(ZygoteInit.java:794)
10-01 11:28:15.018  2413  2413 V BoostFramework: BoostFramework() : mPerf = com.qualcomm.qti.Performance@7b7f5b0
10-01 11:28:15.025  1457  2380 V KeyValueBackupJob: Scheduling k/v pass in 249 minutes
10-01 11:28:15.035  1457  1936 I Telecom : PhoneAccountRegistrar: [ComponentInfo{com.android.phone/com.android.services.telephony.TelephonyConnectionService}, [356a192b7913b04c54574d18c28d46e6395428ab], UserHandle{0}(icon: Icon(typ=BITMAP size=48x48) -> Icon(typ=BITMAP size=48x48))]: TSI.rPA@ADc
10-01 11:28:15.038  1457  1936 I Telecom : : Sending phone-account registered intent as user: TSI.rPA@ADc
10-01 11:28:15.038  1457  1472 D Boost   : hostingType=service, hostingName=com.google.android.gms/.backup.BackupTransportService, callerPackage=android, isSystem=true, isBoostNeeded=false.
10-01 11:28:15.038  1457  1472 I ActivityManager: Start proc 2435:com.google.android.gms.persistent/u0a16 for service com.google.android.gms/.backup.BackupTransportService caller=android
10-01 11:28:15.041  1457  1457 V BackupManagerService: Connected to transport ComponentInfo{android/com.android.internal.backup.LocalTransportService}
10-01 11:28:15.041  1457  1457 V BackupManagerService: Registering transport android/com.android.internal.backup.LocalTransportService::android/com.android.internal.backup.LocalTransport = android.app.backup.BackupTransport$TransportImpl@26e8be7
10-01 11:28:15.042  1457  1472 I BackupManagerService: Backup enabled => true
10-01 11:28:15.045  1663  2406 I chatty  : uid=1000(system) com.android.systemui expire 1 line
10-01 11:28:15.054  1725  1725 D FallbackHome: User unlocked and real home found; let's go!
10-01 11:28:15.059  1725  1725 I Timeline: Timeline: Activity_launch_request time:42659 intent:Intent { act=android.intent.action.MAIN cat=[android.intent.category.HOME] }
10-01 11:28:15.063  2435  2435 D TidaProvider: TidaProvider()
10-01 11:28:15.064  1968  1968 D QC_RIL_OEM_HOOK: Received Broadcast Intent ACTION_UNSOL_RESPONSE_OEM_HOOK_RAW
10-01 11:28:15.064  1968  1968 D QC_RIL_OEM_HOOK: Oem ID in QCRILHOOK UNSOL RESP is QOEMHOOK
10-01 11:28:15.065  1457  2318 I ActivityManager: START u0 {act=android.intent.action.MAIN cat=[android.intent.category.HOME] cmp=com.miui.home/.launcher.Launcher} from uid 1000 on display 0
10-01 11:28:15.069  2373  2373 I ConfigureLog4J: log system inited
10-01 11:28:15.075  2236  2236 I AlarmClock: AlarmInitReceiverandroid.intent.action.LOCKED_BOOT_COMPLETED
10-01 11:28:15.077  2435  2435 W ReflectionUtils: 
10-01 11:28:15.077  2435  2435 W ReflectionUtils: java.lang.NoSuchMethodException: android.os.MessageQueue#enableMonitor()#bestmatch
10-01 11:28:15.077  2435  2435 W ReflectionUtils: 	at miui.util.ReflectionUtils.findMethodBestMatch(ReflectionUtils.java:338)
10-01 11:28:15.077  2435  2435 W ReflectionUtils: 	at miui.util.ReflectionUtils.findMethodBestMatch(ReflectionUtils.java:375)
10-01 11:28:15.077  2435  2435 W ReflectionUtils: 	at miui.util.ReflectionUtils.callMethod(ReflectionUtils.java:800)
10-01 11:28:15.077  2435  2435 W ReflectionUtils: 	at miui.util.ReflectionUtils.tryCallMethod(ReflectionUtils.java:818)
10-01 11:28:15.077  2435  2435 W ReflectionUtils: 	at android.os.BaseLooper.enableMonitor(BaseLooper.java:47)
10-01 11:28:15.077  2435  2435 W ReflectionUtils: 	at android.os.Looper.prepareMainLooper(Looper.java:112)
10-01 11:28:15.077  2435  2435 W ReflectionUtils: 	at android.app.ActivityThread.main(ActivityThread.java:6211)
10-01 11:28:15.077  2435  2435 W ReflectionUtils: 	at java.lang.reflect.Method.invoke(Native Method)
10-01 11:28:15.077  2435  2435 W ReflectionUtils: 	at com.android.internal.os.ZygoteInit$MethodAndArgsCaller.run(ZygoteInit.java:904)
10-01 11:28:15.077  2435  2435 W ReflectionUtils: 	at com.android.internal.os.ZygoteInit.main(ZygoteInit.java:794)
10-01 11:28:15.077  2435  2435 V BoostFramework: BoostFramework() : mPerf = com.qualcomm.qti.Performance@7b7f5b0
10-01 11:28:15.081  1663  1663 D PhoneStatusBar: addNotification pkg=android;basepkg=android;id=17040445
10-01 11:28:15.085  2413  2413 I art     : Starting a blocking GC AddRemoveAppImageSpace
10-01 11:28:15.085  2413  2413 W System  : ClassLoader referenced unknown path: /system/app/AppIndexProvider/lib/arm64
10-01 11:28:15.088  2058  2455 D CellBroadcastConfigService: Enable CellBroadcast on sub 1
10-01 11:28:15.103  2413  2413 I LoadedApk: No resource references to update in package com.xiaomi.providers.appindex
10-01 11:28:15.106  2413  2413 V AppIndex.Database: create Database
10-01 11:28:15.123   374  2360 E ANDR-PERF-RESOURCEQS: Failed to apply optimization [4, 0]
10-01 11:28:15.151  1629  1629 D wpa_supplicant: RTM_NEWLINK: ifi_index=11 ifname=rmnet_data6 operstate=0 linkmode=0 ifi_family=0 ifi_flags=0x10041 ([UP][RUNNING][LOWER_UP])
10-01 11:28:15.156  1457  2318 D Boost   : hostingType=activity, hostingName=com.miui.home/.launcher.Launcher, callerPackage=com.android.settings, isSystem=true, isBoostNeeded=false.
