10-01 11:28:24.126  2466  2658 I DateTimeVariableUpdater: init with accuracy:Day
10-01 11:28:24.139  3072  3098 W art     : Long monitor contention with owner Measurement Worker (3434) at boolean android.os.BinderProxy.transactNative(int, android.os.Parcel, android.os.Parcel, int)(Binder.java:-2) waiters=0 in java.util.Map awti.a() for 969ms
10-01 11:28:24.140  2466  2722 D Launcher.AllAppsList: Loaded activity com.android.stk.StkMain at (11, 0) of screen -1 under container 2
10-01 11:28:24.143  2466  2658 D ScreenElementRoot: findResource: ScaleMetrics sw:810 den:360 sizeType:0 scale:1.0 path:null
10-01 11:28:24.144  2466  2658 D ScreenElementRoot: findScale: ScaleMetrics sw:810 den:360 sizeType:0 scale:-1.0
10-01 11:28:24.144  2466  2658 I ScreenElementRoot: set scale: 1.0
10-01 11:28:24.159  1457  1618 D LocalDisplayAdapter: setDisplayState(id=0, state=OFF)
10-01 11:28:24.159  1457  1478 I DisplayManagerService: Display device changed state: "Built-in Screen", OFF
10-01 11:28:24.160   455   455 D SurfaceFlinger: Set power mode=0, type=0 flinger=0x7f91e32000
10-01 11:28:24.171   455   455 I SDM     : HWCDisplay::SetPowerMode: display = 0, mode = 0
10-01 11:28:24.171   455   455 I SDM     : DisplayBase::SetDisplayState: Set state = 0, display 0
10-01 11:28:24.181  2466  2658 D ScreenElementRoot: load finished, spent 66 ms
10-01 11:28:24.181  2466  2658 D ScreenElementRoot: init
10-01 11:28:24.181  2466  2658 W LanguageHelper: no available string resources to load.
10-01 11:28:24.183  2466  2658 I NotifierManager: acquireNotifier:TimeChanged  miui.maml.data.DateTimeVariableUpdater@74ba1f4
10-01 11:28:24.190  2466  2658 I ResourceManager: load image number_1.png
10-01 11:28:24.202  1457  1481 I WindowManager: Screen turned off...
10-01 11:28:24.203  1457  1481 I VrManagerService: VR mode is disallowed
10-01 11:28:24.204  1457  1481 W WakePathChecker: MIUILOG-AutoStart, BindService Reject userId= 0 caller= android callee= com.android.camera classname=com.android.camera.EmptyService action=miui.action.CAMERA_EMPTY_SERVICE wakeType=8
10-01 11:28:24.209  2466  2466 D FancyDrawable: doPause:   [miui.maml.FancyDrawable@5e483e1]
10-01 11:28:24.210  2466  2466 D MultipleRenderable: setPause: true miui.maml.FancyDrawable@5e483e1
10-01 11:28:24.210  2466  2466 D RendererCore: self pause: miui.maml.RendererCore@6b0ce19
10-01 11:28:24.210  2466  2466 D ScreenElementRoot: pause
10-01 11:28:24.210  2466  2466 D LifecycleResourceManager: begin check cache... 
10-01 11:28:24.212  1457  1481 D AutomaticBrightnessController: setLightSensorEnabled disable
10-01 11:28:24.215  1457  1481 D AutomaticBrightnessController: setProximitySensorEnabled disable
10-01 11:28:24.217  3313  3500 I chatty  : uid=1000(system) /system/bin/dex2oat expire 11 lines
10-01 11:28:24.226  2466  2658 D MultipleRenderable: add: miui.maml.FancyDrawable@c2da8bf
10-01 11:28:24.226  2466  2658 D RendererCore: add: miui.maml.FancyDrawable@c2da8bf size:1
10-01 11:28:24.226  2466  2658 D ScreenElementRoot: resume
10-01 11:28:24.227  2466  2658 I ResourceManager: load image quietImage.png
10-01 11:28:24.227  2466  2658 D ResourceLoader: TRY AGAIN to get getPathForLanguage: quietImage.png
10-01 11:28:24.227  2466  2658 E ResourceLoader: fail to get getPathForLanguage: quietImage.png
10-01 11:28:24.227  2466  2658 E ResourceManager: fail to load image: quietImage.png
10-01 11:28:24.228  2466  2658 I ResourceManager: load image startImage.png
10-01 11:28:24.228  2466  2658 D ResourceLoader: TRY AGAIN to get getPathForLanguage: startImage.png
10-01 11:28:24.228  2466  2658 E ResourceLoader: fail to get getPathForLanguage: startImage.png
10-01 11:28:24.228  2466  2658 E ResourceManager: fail to load image: startImage.png
10-01 11:28:24.230  2466  3143 W art     : Long monitor contention with owner AsyncTask #2 (2932) at void java.lang.Thread.nativeCreate(java.lang.Thread, long, boolean)(Thread.java:-2) waiters=3 in miui.maml.util.RendererCoreCache$RendererCoreInfo miui.maml.util.RendererCoreCache.get(java.lang.Object, long) for 214ms
10-01 11:28:24.231  2466  3156 W art     : Long monitor contention with owner AsyncTask #2 (2932) at void java.lang.Thread.nativeCreate(java.lang.Thread, long, boolean)(Thread.java:-2) waiters=5 in miui.maml.util.RendererCoreCache$RendererCoreInfo miui.maml.util.RendererCoreCache.get(java.lang.Object, long) for 214ms
10-01 11:28:24.233  2466  3160 W art     : Long monitor contention with owner AsyncTask #2 (2932) at void java.lang.Thread.nativeCreate(java.lang.Thread, long, boolean)(Thread.java:-2) waiters=6 in miui.maml.util.RendererCoreCache$RendererCoreInfo miui.maml.util.RendererCoreCache.get(java.lang.Object, long) for 214ms
10-01 11:28:24.264  2346  2346 W monitor_input_t: type=1400 audit(0.0:131): avc: denied { search } for name="0" dev="dm-1" ino=760323 scontext=u:r:mcd:s0 tcontext=u:object_r:media_rw_data_file:s0 tclass=dir permissive=0
10-01 11:28:24.234  2466  2722 D Launcher.Model: finish loading using 6985 ms
10-01 11:28:24.236  2466  2466 D Launcher.Model: Finally updating for missing icons
10-01 11:28:24.246  3282  3282 I MicroDetectionWorker: Initializing MicroDataManager InitializeType-1, isForced-false, isActivePhoneEnrollment-false isActiveGoogleHomeEnrollment-false
10-01 11:28:24.286  3282  3282 W SearchServiceCore: Abort, client detached.
10-01 11:28:24.303  2466  2466 D Launcher: add item to launcher when bind apps added
10-01 11:28:24.342  3282  3423 I ModelDownloadController: requestHotwordModelUpdate modelType-OK_HEY_GOOGLE
10-01 11:28:24.352  3313  3501 I chatty  : uid=1000(system) /system/bin/dex2oat expire 10 lines
10-01 11:28:24.364  2466  2466 D FancyDrawable: doPause:   [miui.maml.FancyDrawable@c2da8bf]
10-01 11:28:24.364  2466  2466 D MultipleRenderable: setPause: true miui.maml.FancyDrawable@c2da8bf
10-01 11:28:24.364  2466  2466 D RendererCore: self pause: miui.maml.RendererCore@41ae153
10-01 11:28:24.364  2466  2466 D ScreenElementRoot: pause
10-01 11:28:24.394   374  2360 E ANDR-PERF-TARGET: Error: Invalid logical cluster id 1
10-01 11:28:24.394   374  2360 E ANDR-PERF-MPCTL: invalid request, no optimizations performed
10-01 11:28:24.398  1457  1481 W DreamManagerService: Dream ComponentInfo{com.android.systemui/com.android.systemui.doze.DozeService} does not exist
10-01 11:28:24.398  1457  1481 I PowerManagerService: Sleeping (uid 1000)...
10-01 11:28:24.400  1457  1457 I WindowManager: Finished going to sleep... (why=3)
10-01 11:28:24.406   622  1596 D audio_hw_primary: adev_set_parameters: enter: screen_state=on
10-01 11:28:24.406   622  1596 D audio_hw_extn: audio_extn_set_anc_parameters: anc_enabled:0
10-01 11:28:24.406   622  1596 D audio_hw_spkr_prot: audio_extn_fbsp_set_parameters: Speaker protection disabled
10-01 11:28:24.406   622  1596 D wt_audio_cust: wt_audio_mmi_setparameter: enter: screen_state=on
10-01 11:28:24.406   622  1596 E wt_audio_cust: wt_audio_mmi_setparameter mmi test -2
10-01 11:28:24.406   622  1596 D audio_hw_primary: mmi status = -2
10-01 11:28:24.406   622  1596 D audio_hw_extn: audio_extn_set_anc_parameters: anc_enabled:0
10-01 11:28:24.406   622  1596 D audio_hw_spkr_prot: audio_extn_fbsp_set_parameters: Speaker protection disabled
10-01 11:28:24.409  2605  3118 I SmartPhoneTag_h: getWhetstonePermissionFileInData no check sig, use permission file [/data/system/whetstone/WhetstonePermission.apk]
10-01 11:28:24.410  2605  3118 W SmartPhoneTag_h: getFileContent Exception e:entry
10-01 11:28:24.418  1629  1629 D wpa_supplicant: wlan0: Control interface command 'SIGNAL_POLL'
10-01 11:28:24.421  1629  1629 D wpa_supplicant: CTRL-DEBUG: global_ctrl_sock-sendto: sock=8 sndbuf=212992 outq=0 send_len=48
10-01 11:28:24.422  1629  1629 D wpa_supplicant: wlan0: Control interface command 'DRIVER SETSUSPENDMODE 0'
10-01 11:28:24.422  1629  1629 D wpa_supplicant: wpa_driver_nl80211_driver_cmd SETSUSPENDMODE 0 len = 0, 4096
10-01 11:28:24.422  1629  1629 D wpa_supplicant: CTRL-DEBUG: global_ctrl_sock-sendto: sock=8 sndbuf=212992 outq=0 send_len=3
10-01 11:28:24.433  3238  3405 W System  : Ignoring header Content-Type because its value was null.
10-01 11:28:24.442  2466  3162 W DateTimeVariableUpdater: invalid accuracy tag:null
10-01 11:28:24.442  2466  3162 I DateTimeVariableUpdater: init with accuracy:Minute
10-01 11:28:24.447  2466  3162 D ScreenElementRoot: findResource: ScaleMetrics sw:1214 den:540 sizeType:0 scale:1.0 path:null
10-01 11:28:24.450  2466  3162 D ScreenElementRoot: findScale: ScaleMetrics sw:1214 den:540 sizeType:0 scale:-1.0
10-01 11:28:24.451  2466  3162 I ScreenElementRoot: set scale: 0.6666667
10-01 11:28:24.462  1457  1457 V LocationPolicy: Screen state changed
10-01 11:28:24.491  3282  3282 W SearchServiceCore: Abort, client detached.
10-01 11:28:24.527  3238  3405 I MiPicks-DataParser: [InvalidPackageList] JSON : invalidSystemPackageList list is null
10-01 11:28:24.528  3238  3405 I MiPicks-LocalAppManager: query update apps from server : finish, 0 / 268 to update
10-01 11:28:24.539  3238  3405 I MiPicks-UpdateAppList: update app list do not change, don't notify: pkg (0) = 
10-01 11:28:24.542  3238  3405 I MiPicks-UpdateAppList: update app list do not change, don't notify: pkg (0) = 
10-01 11:28:24.544  3238  3405 I MiPicks-WakeLockManager: release wakeLock: CheckUpdateService
10-01 11:28:24.566  1457  2318 D Boost   : hostingType=broadcast, hostingName=com.lbe.security.miui/com.lbe.security.service.BootReceiver, callerPackage=null, isSystem=true, isBoostNeeded=false.
10-01 11:28:24.566  1457  2318 I ActivityManager: Start proc 3564:com.lbe.security.miui/u0a1 for broadcast com.lbe.security.miui/com.lbe.security.service.BootReceiver caller=null
10-01 11:28:24.584  2466  2466 E Launcher.AnalyticalDataCollectorJobService: onStartJob   jobParameters=android.app.job.JobParameters@a6ebbd9
10-01 11:28:24.587  2833  3301 I T9      : onDatabaseOpen()
10-01 11:28:24.588  2833  3301 I T9      : initialize()
10-01 11:28:24.588  2833  3301 D T9      : mPhoneMimeTypeId=1, mSipMimeTypeId=2
10-01 11:28:24.590  2833  3301 D SyncAccountUtils: getSelectionWritableData(): readonly types: ('com.whatsapp','com.google.android.apps.tachyon','com.truecaller.account')
10-01 11:28:24.595  3564  3564 D TidaProvider: TidaProvider()
10-01 11:28:24.602  2466  3572 I RemoteMethodInvoker: com.miui.msa.preinstall.v1.IPreinstallAd
10-01 11:28:24.604  3564  3564 W ReflectionUtils: 
10-01 11:28:24.604  3564  3564 W ReflectionUtils: java.lang.NoSuchMethodException: android.os.MessageQueue#enableMonitor()#bestmatch
10-01 11:28:24.604  3564  3564 W ReflectionUtils: 	at miui.util.ReflectionUtils.findMethodBestMatch(ReflectionUtils.java:338)
10-01 11:28:24.604  3564  3564 W ReflectionUtils: 	at miui.util.ReflectionUtils.findMethodBestMatch(ReflectionUtils.java:375)
10-01 11:28:24.604  3564  3564 W ReflectionUtils: 	at miui.util.ReflectionUtils.callMethod(ReflectionUtils.java:800)
10-01 11:28:24.604  3564  3564 W ReflectionUtils: 	at miui.util.ReflectionUtils.tryCallMethod(ReflectionUtils.java:818)
10-01 11:28:24.604  3564  3564 W ReflectionUtils: 	at android.os.BaseLooper.enableMonitor(BaseLooper.java:47)
10-01 11:28:24.604  3564  3564 W ReflectionUtils: 	at android.os.Looper.prepareMainLooper(Looper.java:112)
10-01 11:28:24.604  3564  3564 W ReflectionUtils: 	at android.app.ActivityThread.main(ActivityThread.java:6211)
10-01 11:28:24.604  3564  3564 W ReflectionUtils: 	at java.lang.reflect.Method.invoke(Native Method)
10-01 11:28:24.604  3564  3564 W ReflectionUtils: 	at com.android.internal.os.ZygoteInit$MethodAndArgsCaller.run(ZygoteInit.java:904)
10-01 11:28:24.604  3564  3564 W ReflectionUtils: 	at com.android.internal.os.ZygoteInit.main(ZygoteInit.java:794)
10-01 11:28:24.604  3564  3564 V BoostFramework: BoostFramework() : mPerf = com.qualcomm.qti.Performance@7b7f5b0
10-01 11:28:24.611  2466  3572 I RemoteMethodInvoker: mService: com.miui.msa.preinstall.v1.IPreinstallAd$Stub$Proxy@138499e, service: android.os.BinderProxy@999ac7f
10-01 11:28:24.644  2466  3575 E MI_STAT : The length of value is more than 256
10-01 11:28:24.644  2466  3575 E MI_STAT : Value does not meet the specification.
10-01 11:28:24.645  2466  3575 E MI_STAT : The string contains characters out of a-z/A-Z/0-9/Chinese/_.
10-01 11:28:24.645  2466  3575 E MI_STAT : Key does not meet the specification.
10-01 11:28:24.666   622  1596 D audio_hw_primary: adev_set_parameters: enter: screen_state=off
10-01 11:28:24.666   622  1596 D audio_hw_extn: audio_extn_set_anc_parameters: anc_enabled:0
10-01 11:28:24.666   622  1596 D audio_hw_spkr_prot: audio_extn_fbsp_set_parameters: Speaker protection disabled
10-01 11:28:24.666   622  1596 D wt_audio_cust: wt_audio_mmi_setparameter: enter: screen_state=off
10-01 11:28:24.666   622  1596 E wt_audio_cust: wt_audio_mmi_setparameter mmi test -2
10-01 11:28:24.666   622  1596 D audio_hw_primary: mmi status = -2
10-01 11:28:24.666   622  1596 D audio_hw_extn: audio_extn_set_anc_parameters: anc_enabled:0
10-01 11:28:24.666   622  1596 D audio_hw_spkr_prot: audio_extn_fbsp_set_parameters: Speaker protection disabled
10-01 11:28:24.667  3564  3564 I art     : Starting a blocking GC AddRemoveAppImageSpace
10-01 11:28:24.668  3564  3564 W System  : ClassLoader referenced unknown path: /system/priv-app/AuthManager/lib/arm64
10-01 11:28:24.671  1629  1629 D wpa_supplicant: wlan0: Control interface command 'DRIVER SETSUSPENDMODE 1'
10-01 11:28:24.689  1645  1645 I GoogleInputMethod: onReceive() : Action = android.intent.action.SCREEN_OFF
10-01 11:28:24.692  3072  3434 I FA-SVC  : App measurement is starting up, version: 13280
10-01 11:28:24.698  1629  1629 D wpa_supplicant: wpa_driver_nl80211_driver_cmd SETSUSPENDMODE 1 len = 0, 4096
10-01 11:28:24.698  1629  1629 D wpa_supplicant: CTRL-DEBUG: global_ctrl_sock-sendto: sock=8 sndbuf=212992 outq=0 send_len=3
10-01 11:28:24.703  3564  3564 D miuisdk : current sdk level is 14
10-01 11:28:24.703  3564  3564 D         : InitMiuiSdkHookClasses
10-01 11:28:24.703  3564  3564 I         : create_mem miui-classproxy page:0x7fa20f4000, size:4096
10-01 11:28:24.707  3564  3564 I         : Never hook EnableMethodTracing
10-01 11:28:24.709  3564  3564 I         : Never hook DisableMethodTracing
10-01 11:28:24.709  3564  3564 I         : sConfigureStubsHookFlag is 0x3, so we must hook ConfigureStubs for methodtracing
10-01 11:28:24.709  3564  3564 I         : Hook ConfigureStubs
10-01 11:28:24.710  3564  3564 I         : create_mem miui-classproxy page:0x7fa20f3000, size:4096
10-01 11:28:24.711  2833  3301 I T9      : load()
10-01 11:28:24.715  2466  3575 E MI_STAT : The string contains characters out of a-z/A-Z/0-9/Chinese/_.
10-01 11:28:24.715  2466  3575 E MI_STAT : Key does not meet the specification.
10-01 11:28:24.721  2833  2862 W art     : Long monitor contention with owner ContactsProviderWorker (3301) at long android.database.sqlite.SQLiteConnection.nativePrepareStatement(long, java.lang.String)(SQLiteConnection.java:-2) waiters=0 in android.database.sqlite.SQLiteDatabase android.database.sqlite.SQLiteOpenHelper.getReadableDatabase() for 2.719s
10-01 11:28:24.735  3564  3564 D MI_STAT : initialize com.lbe.security.miui, 2882303761517487353, miui, false
10-01 11:28:24.794  3602  3602 W subsystem_ramdu: type=1400 audit(0.0:132): avc: denied { search } for name="/" dev="sdcardfs" ino=760321 scontext=u:r:subsystem_ramdump:s0 tcontext=u:object_r:sdcardfs:s0 tclass=dir permissive=0
10-01 11:28:24.794  3602  3602 W subsystem_ramdu: type=1400 audit(0.0:133): avc: denied { search } for name="/" dev="sdcardfs" ino=760321 scontext=u:r:subsystem_ramdump:s0 tcontext=u:object_r:sdcardfs:s0 tclass=dir permissive=0
10-01 11:28:24.782  2466  2466 D Launcher: is service connected: true
10-01 11:28:24.787  2833  3546 D ProviderUtils: isFbeEnabled(): false
10-01 11:28:24.803  3602  3602 I subsystem_ramdump: Usage:./system/bin/subsystem_ramdump [arg1] [arg2] [arg3]
10-01 11:28:24.803  3602  3602 I subsystem_ramdump: [arg1]: (1/2) Ramdump location: 1: eMMC: /data/ramdump or 2: SD card: /sdcard/ramdump
10-01 11:28:24.803  3602  3602 I subsystem_ramdump: [arg2]: (1/0) 1: Enable RPM log / 0: Disable RPM log
10-01 11:28:24.803  3602  3602 I subsystem_ramdump: [arg3]: (1/0) 1: Enable qdss ramdump / 0: Disable qdss ramdump
10-01 11:28:24.804  3602  3602 E subsystem_ramdump: Directory /sdcard/ramdump does not exist
10-01 11:28:24.804  3602  3602 I subsystem_ramdump: Attemping to create /sdcard/ramdump
10-01 11:28:24.804  3602  3602 E subsystem_ramdump: Unable to create /sdcard/ramdump
10-01 11:28:24.804  3602  3602 E subsystem_ramdump: Unable to create /sdcard/ramdump
10-01 11:28:24.804  3602  3602 E subsystem_ramdump: Failed to initialize ramdump
10-01 11:28:24.832  3564  3564 I com.lbe.security.service.provider.WakePathDatabaseUtil: init:user 999 do not suport wakepath
10-01 11:28:24.837  3526  3540 E AD-PLUGIN-PreinstallImpl: getPreinstallAdInfos->EarlySalary - Instant Salary Advance&iconUrl=http://t2.market.mi-img.com/download/AdCenter/0992a04ec6c28412c3b724f47277568900d33fa6d/icon.png&or info is invalid false!
10-01 11:28:24.837  3526  3540 E AD-PLUGIN-PreinstallImpl: getPreinstallAdInfos->Kotak - 811 & Mobile Banking&iconUrl=http://t3.market.mi-img.com/download/AdCenter/038a53512987e4979241ddd13eb54c9dd44309684/icon.png&or info is invalid false!
10-01 11:28:24.860  3564  3564 I WakePathManager: pushWakePathData
10-01 11:28:24.870  3564  3564 I WakePathManager: pushWakePathConfirmDialogWhiteList
10-01 11:28:24.882  3564  3564 D PermissionManagerProvider: PermissionManagerProvider init
10-01 11:28:24.887  3564  3608 I WakePathManager: get SettingsCloudData from cache
10-01 11:28:24.902  3564  3606 I WakePathManager: pushWakePathData begin
10-01 11:28:24.929  3564  3607 W WakePathManager: UpdateWakePathTask.doInBackground: curtime < (wakepathupdateTime + 3)
10-01 11:28:24.961  3564  3564 D PermissionManagerProvider: PermissionManagerProvider init 50% percent
10-01 11:28:24.962  3564  3606 I com.lbe.security.service.provider.WakePathDatabaseUtil: getWakePathWhiteList: whiteList.size=13
10-01 11:28:24.964  3564  3564 I AppOpsAdapter: AppOpsAdapter constractor
10-01 11:28:24.971  1457  2336 I WakePathChecker: MIUILOG-WAKEPATH pushWakePathWhiteList: userId=0 size=13
10-01 11:28:24.988  1457  2336 D AppOpsServiceState: linkToDeath
10-01 11:28:24.995  3564  3564 D PermissionManagerProvider: PermissionManagerProvider init finish time : 113 userId : 0 needUpdate : false
10-01 11:28:25.005  3564  3564 D SecurityService: setProcessForeground : success
10-01 11:28:25.017  3564  3606 I com.lbe.security.service.provider.WakePathDatabaseUtil: getWakePathRuleList: wakeType=1 wakePathRuleInfos.size=5
10-01 11:28:25.026  3564  3564 I WakePathManager: connectivity updated
10-01 11:28:25.029  1457  1935 I WakePathChecker: MIUILOG-WAKEPATH pushWakePathRuleInfos: wakeType=1 userId=0 size=5
10-01 11:28:25.048  3526  3561 I AD-PLUGIN-SdkConfig: DebugBuild: false
10-01 11:28:25.063  3526  3616 W AD-PLUGIN-CompatibleManager: isInternalBuild: trueisNewPackageName: trueisOldMsaInstalled: falseisExistSystemDir: false
10-01 11:28:25.085  2435  2476 W art     : Long monitor contention with owner lowpool[0] (3614) at boolean android.app.ActivityThread.releaseProvider(android.content.IContentProvider, boolean)(ActivityThread.java:5699) waiters=0 in boolean android.app.ActivityThread.releaseProvider(android.content.IContentProvider, boolean) for 130ms
10-01 11:28:25.139  3564  3606 I com.lbe.security.service.provider.WakePathDatabaseUtil: getWakePathRuleList: wakeType=8 wakePathRuleInfos.size=80
10-01 11:28:25.175  2833  3597 D T9CallLogDepot: updateFirewallItem()
10-01 11:28:25.186  1457  2726 I WakePathChecker: MIUILOG-WAKEPATH pushWakePathRuleInfos: wakeType=8 userId=0 size=80
10-01 11:28:25.201  3564  3606 I com.lbe.security.service.provider.WakePathDatabaseUtil: getWakePathRuleList: wakeType=4 wakePathRuleInfos.size=16
10-01 11:28:25.202  1457  2726 I WakePathChecker: MIUILOG-WAKEPATH pushWakePathRuleInfos: wakeType=4 userId=0 size=16
10-01 11:28:25.204  2695  2715 W art     : Suspending all threads took: 268.393ms
10-01 11:28:25.210  3564  3606 I com.lbe.security.service.provider.WakePathDatabaseUtil: getWakePathRuleList: wakeType=2 wakePathRuleInfos.size=23
10-01 11:28:25.211  1457  1935 I WakePathChecker: MIUILOG-WAKEPATH pushWakePathRuleInfos: wakeType=2 userId=0 size=23
10-01 11:28:25.231  3564  3606 I com.lbe.security.service.provider.WakePathDatabaseUtil: getWakePathRuleList: wakeType=17 wakePathRuleInfos.size=0
10-01 11:28:25.233  1457  2726 I WakePathChecker: MIUILOG-WAKEPATH pushWakePathRuleInfos: wakeType=17 userId=0 size=0
10-01 11:28:25.237  3564  3606 I WakePathManager: pushWakePathData:user 999 do not suport wakepath
10-01 11:28:25.237  3564  3606 I WakePathManager: pushWakePathData end
10-01 11:28:25.254  3564  3619 D PermissionManagerProvider: syncInstallApp time : 250
10-01 11:28:25.258  2373  3211 D SyncNotificationService: SyncStatusObserver: onStatusChanged
10-01 11:28:25.283  2373  3211 E ActivityThread: Failed to find provider info for com.xiaomi.xmsf.provider.MiCloudSettingsProvider
10-01 11:28:25.302  1821  1840 I CloudSettingsProvider: uriMatch : 1
10-01 11:28:25.353  2373  3211 D SyncNotificationService: SyncStatusObserver: onStatusChanged
10-01 11:28:25.371  2373  3211 E ActivityThread: Failed to find provider info for com.xiaomi.xmsf.provider.MiCloudSettingsProvider
10-01 11:28:25.376  1457  2725 V NotificationService: enabling notifications for com.miui.android.fashiongallery
10-01 11:28:25.382  1457  1457 D Boost   : hostingType=broadcast, hostingName=com.android.calendar/.widget.AgendaWidgetProvider, callerPackage=null, isSystem=true, isBoostNeeded=false.
10-01 11:28:25.382  1457  1457 I ActivityManager: Start proc 3625:com.android.calendar/u0a5 for broadcast com.android.calendar/.widget.AgendaWidgetProvider caller=null
10-01 11:28:25.382  2833  3597 D T9      : [loadCallLog] load 627 ms
10-01 11:28:25.392  1457  3624 I chatty  : uid=1000 system_server expire 1 line
10-01 11:28:25.419  1457  3624 I BootReceiver: Copying /proc/last_kmsg to DropBox (SYSTEM_LAST_KMSG)
10-01 11:28:25.432  1457  2318 V NotificationService: enabling notifications for com.mfashiongallery.emag
10-01 11:28:25.448  3625  3625 D TidaProvider: TidaProvider()
10-01 11:28:25.453  2466  2474 I art     : Do full code cache collection, code=114KB, data=118KB
10-01 11:28:25.453  1457  3624 I BootReceiver: Copying /sys/fs/pstore/console-ramoops to DropBox (SYSTEM_LAST_KMSG)
10-01 11:28:25.466  3625  3625 W ReflectionUtils: 
10-01 11:28:25.466  3625  3625 W ReflectionUtils: java.lang.NoSuchMethodException: android.os.MessageQueue#enableMonitor()#bestmatch
10-01 11:28:25.466  3625  3625 W ReflectionUtils: 	at miui.util.ReflectionUtils.findMethodBestMatch(ReflectionUtils.java:338)
10-01 11:28:25.466  3625  3625 W ReflectionUtils: 	at miui.util.ReflectionUtils.findMethodBestMatch(ReflectionUtils.java:375)
10-01 11:28:25.466  3625  3625 W ReflectionUtils: 	at miui.util.ReflectionUtils.callMethod(ReflectionUtils.java:800)
10-01 11:28:25.466  3625  3625 W ReflectionUtils: 	at miui.util.ReflectionUtils.tryCallMethod(ReflectionUtils.java:818)
10-01 11:28:25.466  3625  3625 W ReflectionUtils: 	at android.os.BaseLooper.enableMonitor(BaseLooper.java:47)
10-01 11:28:25.466  3625  3625 W ReflectionUtils: 	at android.os.Looper.prepareMainLooper(Looper.java:112)
10-01 11:28:25.466  3625  3625 W ReflectionUtils: 	at android.app.ActivityThread.main(ActivityThread.java:6211)
10-01 11:28:25.466  3625  3625 W ReflectionUtils: 	at java.lang.reflect.Method.invoke(Native Method)
10-01 11:28:25.466  3625  3625 W ReflectionUtils: 	at com.android.internal.os.ZygoteInit$MethodAndArgsCaller.run(ZygoteInit.java:904)
10-01 11:28:25.466  3625  3625 W ReflectionUtils: 	at com.android.internal.os.ZygoteInit.main(ZygoteInit.java:794)
10-01 11:28:25.466  3625  3625 V BoostFramework: BoostFramework() : mPerf = com.qualcomm.qti.Performance@7b7f5b0
10-01 11:28:25.470  1457  1472 I ActivityManager: Waited long enough for: ServiceRecord{3444fe5 u0 com.android.settings/.wifi.MiuiWifiService}
10-01 11:28:25.503  1457  3624 I BootReceiver: Copying audit failures to DropBox
10-01 11:28:25.508  1457  2336 V NotificationService: enabling notifications for com.miui.virtualsim
10-01 11:28:25.516  1457  3624 I BootReceiver: Copied 14450 worth of audits to DropBox
10-01 11:28:25.523  1457  3624 I BootReceiver: Checking for fsck errors
10-01 11:28:25.555  1457  3624 D Boost   : hostingType=content provider, hostingName=com.android.providers.downloads/.DownloadProvider, callerPackage=android, isSystem=true, isBoostNeeded=false.
10-01 11:28:25.555  1457  3624 I ActivityManager: Start proc 3645:android.process.media/u0a14 for content provider com.android.providers.downloads/.DownloadProvider caller=android
10-01 11:28:25.582  3645  3645 D TidaProvider: TidaProvider()
10-01 11:28:25.589  3645  3645 W ReflectionUtils: 
10-01 11:28:25.589  3645  3645 W ReflectionUtils: java.lang.NoSuchMethodException: android.os.MessageQueue#enableMonitor()#bestmatch
10-01 11:28:25.589  3645  3645 W ReflectionUtils: 	at miui.util.ReflectionUtils.findMethodBestMatch(ReflectionUtils.java:338)
10-01 11:28:25.589  3645  3645 W ReflectionUtils: 	at miui.util.ReflectionUtils.findMethodBestMatch(ReflectionUtils.java:375)
10-01 11:28:25.589  3645  3645 W ReflectionUtils: 	at miui.util.ReflectionUtils.callMethod(ReflectionUtils.java:800)
10-01 11:28:25.589  3645  3645 W ReflectionUtils: 	at miui.util.ReflectionUtils.tryCallMethod(ReflectionUtils.java:818)
10-01 11:28:25.589  3645  3645 W ReflectionUtils: 	at android.os.BaseLooper.enableMonitor(BaseLooper.java:47)
10-01 11:28:25.589  3645  3645 W ReflectionUtils: 	at android.os.Looper.prepareMainLooper(Looper.java:112)
10-01 11:28:25.589  3645  3645 W ReflectionUtils: 	at android.app.ActivityThread.main(ActivityThread.java:6211)
10-01 11:28:25.589  3645  3645 W ReflectionUtils: 	at java.lang.reflect.Method.invoke(Native Method)
10-01 11:28:25.589  3645  3645 W ReflectionUtils: 	at com.android.internal.os.ZygoteInit$MethodAndArgsCaller.run(ZygoteInit.java:904)
10-01 11:28:25.589  3645  3645 W ReflectionUtils: 	at com.android.internal.os.ZygoteInit.main(ZygoteInit.java:794)
10-01 11:28:25.590  3645  3645 V BoostFramework: BoostFramework() : mPerf = com.qualcomm.qti.Performance@7b7f5b0
10-01 11:28:25.592  2466  3162 D ScreenElementRoot: load finished, spent 1173 ms
10-01 11:28:25.592  2466  3162 D ScreenElementRoot: init
10-01 11:28:25.592  2466  3162 D FramerateTokenList: createToken: miui.maml.ScreenElementRoot@b06909f
10-01 11:28:25.657  2466  2474 I art     : Starting a blocking GC JitCodeCache
10-01 11:28:25.657  2466  2474 I art     : After code cache collection, code=98KB, data=86KB
10-01 11:28:25.657  2466  3162 W LanguageHelper: no available string resources to load.
10-01 11:28:25.660  1457  1935 V NotificationService: enabling notifications for com.google.android.apps.inputmethod.hindi
10-01 11:28:25.674  2466  3162 I NotifierManager: acquireNotifier:TimeChanged  miui.maml.data.DateTimeVariableUpdater@c8f21c
10-01 11:28:25.654  2833  3301 I ContactLocale: AddressBook Labels [en_GB]: [, A, B, C, D, E, F, G, H, I, J, K, L, M, N, O, P, Q, R, S, T, U, V, W, X, Y, Z, #, ]
10-01 11:28:25.688  2466  3162 I ResourceManager: load image bg.png
10-01 11:28:25.689  1457  2725 D Boost   : hostingType=content provider, hostingName=com.google.android.gms/.games.provider.NotificationStubContentProvider, callerPackage=com.google.android.gms, isSystem=true, isBoostNeeded=false.
10-01 11:28:25.689  1457  2725 I ActivityManager: Start proc 3665:com.google.android.play.games.ui/u0a16 for content provider com.google.android.gms/.games.provider.NotificationStubContentProvider caller=com.google.android.gms
10-01 11:28:25.692  1457  1457 D BootEventManager: Begin to report boot event
10-01 11:28:25.699  3625  3625 D miuisdk : current sdk level is 14
10-01 11:28:25.699  3625  3625 D         : InitMiuiSdkHookClasses
10-01 11:28:25.699  3625  3625 I         : create_mem miui-classproxy page:0x7fa7336000, size:4096
10-01 11:28:25.704  3665  3665 D TidaProvider: TidaProvider()
10-01 11:28:25.712  3625  3625 I         : Never hook EnableMethodTracing
10-01 11:28:25.712  3625  3625 I         : Never hook DisableMethodTracing
10-01 11:28:25.712  2435  2476 W ConfigurationChimeraPro: Caller is not authorized to access Uri: content://com.google.android.gms.phenotype/com.google.android.gms [CONTEXT service_id=51 ]
10-01 11:28:25.712  3625  3625 I         : sConfigureStubsHookFlag is 0x3, so we must hook ConfigureStubs for methodtracing
10-01 11:28:25.712  3625  3625 I         : Hook ConfigureStubs
10-01 11:28:25.718  3665  3665 W ReflectionUtils: 
10-01 11:28:25.718  3665  3665 W ReflectionUtils: java.lang.NoSuchMethodException: android.os.MessageQueue#enableMonitor()#bestmatch
10-01 11:28:25.718  3665  3665 W ReflectionUtils: 	at miui.util.ReflectionUtils.findMethodBestMatch(ReflectionUtils.java:338)
10-01 11:28:25.718  3665  3665 W ReflectionUtils: 	at miui.util.ReflectionUtils.findMethodBestMatch(ReflectionUtils.java:375)
10-01 11:28:25.718  3665  3665 W ReflectionUtils: 	at miui.util.ReflectionUtils.callMethod(ReflectionUtils.java:800)
10-01 11:28:25.718  3665  3665 W ReflectionUtils: 	at miui.util.ReflectionUtils.tryCallMethod(ReflectionUtils.java:818)
10-01 11:28:25.718  3665  3665 W ReflectionUtils: 	at android.os.BaseLooper.enableMonitor(BaseLooper.java:47)
10-01 11:28:25.718  3665  3665 W ReflectionUtils: 	at android.os.Looper.prepareMainLooper(Looper.java:112)
10-01 11:28:25.718  3665  3665 W ReflectionUtils: 	at android.app.ActivityThread.main(ActivityThread.java:6211)
10-01 11:28:25.718  3665  3665 W ReflectionUtils: 	at java.lang.reflect.Method.invoke(Native Method)
10-01 11:28:25.718  3665  3665 W ReflectionUtils: 	at com.android.internal.os.ZygoteInit$MethodAndArgsCaller.run(ZygoteInit.java:904)
10-01 11:28:25.718  3665  3665 W ReflectionUtils: 	at com.android.internal.os.ZygoteInit.main(ZygoteInit.java:794)
10-01 11:28:25.718  3665  3665 V BoostFramework: BoostFramework() : mPerf = com.qualcomm.qti.Performance@7b7f5b0
10-01 11:28:25.719  2435  3613 W art     : Long monitor contention with owner Binder:2435_3 (2476) at void android.os.Parcel.nativeWriteInterfaceToken(long, java.lang.String)(Parcel.java:-2) waiters=0 in java.util.Map awti.a() for 591ms
10-01 11:28:25.721  3625  3625 I         : create_mem miui-classproxy page:0x7fa711a000, size:4096
10-01 11:28:25.725  1457  2336 V NotificationService: enabling notifications for com.mi.global.bbs
10-01 11:28:25.762  2466  2466 I Launcher: Service 
10-01 11:28:25.772  3645  3645 W System  : ClassLoader referenced unknown path: /system/priv-app/DownloadProvider/lib/arm64
10-01 11:28:25.782  3625  3625 I miuisdk : loading module: com.miui.system
10-01 11:28:25.810  3625  3625 D miuisdk : process com.miui.system successful
10-01 11:28:25.811  3625  3625 D miuisdk : process modules finished
10-01 11:28:25.812  3645  3645 I LoadedApk: No resource references to update in package com.android.providers.downloads
10-01 11:28:25.821  3072  3434 I FA-SVC  : This instance being marked as an uploader
10-01 11:28:25.841  2562  2803 I libfdpp_jni: getPriviledgedProcService: sService != NULL. 
10-01 11:28:25.843  2562  2803 I libfdpp_jni: getPriviledgedProcService: binder alive. 
10-01 11:28:25.845  1457  2336 V NotificationService: enabling notifications for com.mi.global.shop
10-01 11:28:25.848  2562  2803 I libfdpp_jni: getPriviledgedProcService: sService != NULL. 
10-01 11:28:25.848  2562  2803 I libfdpp_jni: getPriviledgedProcService: binder alive. 
10-01 11:28:25.849  2562  2803 I libfdpp_jni: getPriviledgedProcService: sService != NULL. 
10-01 11:28:25.850  2562  2803 I libfdpp_jni: getPriviledgedProcService: binder alive. 
10-01 11:28:25.851  2562  2803 I libfdpp_jni: getPriviledgedProcService: sService != NULL. 
10-01 11:28:25.851  2562  2803 I libfdpp_jni: getPriviledgedProcService: binder alive. 
10-01 11:28:25.855  2562  2952 I art     : Starting a blocking GC Explicit
10-01 11:28:25.856  2562  2803 I libfdpp_jni: getPriviledgedProcService: sService != NULL. 
10-01 11:28:25.856  2562  2803 I libfdpp_jni: getPriviledgedProcService: binder alive. 
10-01 11:28:25.857  2466  2466 W CustomizeUtil: no getRealSize hack method
10-01 11:28:25.858  2562  2803 I libfdpp_jni: getPriviledgedProcService: sService != NULL. 
10-01 11:28:25.858  2562  2803 I libfdpp_jni: getPriviledgedProcService: binder alive. 
10-01 11:28:25.858  2466  2466 I Launcher.ApplicationsMessage: onReceive true
10-01 11:28:25.858  2466  2466 I Launcher.ApplicationsMessage: update android/ to null
10-01 11:28:25.860  2466  2466 I Launcher.ApplicationsMessage: onReceive true
10-01 11:28:25.860  2466  2466 I Launcher.ApplicationsMessage: update android/ to null
10-01 11:28:25.861  2562  2803 I libfdpp_jni: getPriviledgedProcService: sService != NULL. 
10-01 11:28:25.861  2562  2803 I libfdpp_jni: getPriviledgedProcService: binder alive. 
10-01 11:28:25.863  2562  2803 I libfdpp_jni: getPriviledgedProcService: sService != NULL. 
10-01 11:28:25.863  2562  2803 I libfdpp_jni: getPriviledgedProcService: binder alive. 
10-01 11:28:25.864  2562  2803 I libfdpp_jni: getPriviledgedProcService: sService != NULL. 
10-01 11:28:25.864  2562  2803 I libfdpp_jni: getPriviledgedProcService: binder alive. 
10-01 11:28:25.865  2562  2803 I libfdpp_jni: getPriviledgedProcService: sService != NULL. 
10-01 11:28:25.865  2562  2803 I libfdpp_jni: getPriviledgedProcService: binder alive. 
10-01 11:28:25.866  2562  2803 I libfdpp_jni: getPriviledgedProcService: sService != NULL. 
10-01 11:28:25.866  2562  2803 I libfdpp_jni: getPriviledgedProcService: binder alive. 
10-01 11:28:25.890  2562  2952 I art     : Explicit concurrent mark sweep GC freed 55769(4MB) AllocSpace objects, 4(72KB) LOS objects, 53% free, 7MB/15MB, paused 766us total 35.353ms
10-01 11:28:25.893  2562  2952 I art     : Starting a blocking GC Explicit
10-01 11:28:25.908  2804  3562 I chatty  : uid=1000(system) DynamicServiceM expire 1 line
10-01 11:28:25.909  1457  1575 I chatty  : uid=1000(system) NetworkPolicy expire 11 lines
10-01 11:28:25.917  2466  3162 I ResourceManager: load image time/time.png
10-01 11:28:25.918  2466  3162 D ResourceLoader: TRY AGAIN to get getPathForLanguage: time/time.png
10-01 11:28:25.918  2466  3162 E ResourceLoader: fail to get getPathForLanguage: time/time.png
10-01 11:28:25.918  2466  3162 E ResourceManager: fail to load image: time/time.png
10-01 11:28:25.919  2466  3162 I ResourceManager: load image time/time_0.png
10-01 11:28:25.920  2562  2952 I art     : Explicit concurrent mark sweep GC freed 1088(34KB) AllocSpace objects, 0(0B) LOS objects, 53% free, 7MB/15MB, paused 748us total 26.474ms
10-01 11:28:25.933  1457  2916 V NotificationService: enabling notifications for com.duokan.phone.remotecontroller
10-01 11:28:25.952  1457  2916 V NotificationService: enabling notifications for com.facebook.katana
10-01 11:28:25.957  2804  3685 I chatty  : uid=1000(system) com.miui.securitycenter.remote expire 1 line
10-01 11:28:25.961  2804  3686 I chatty  : uid=1000(system) com.miui.securitycenter.remote expire 2 lines
10-01 11:28:25.977  1457  2916 V NotificationService: enabling notifications for com.phonepe.app
10-01 11:28:25.986  2466  3162 I ResourceManager: load image time/time_1.png
10-01 11:28:26.029  3645  3645 D FirebaseApp: com.google.firebase.auth.FirebaseAuth is not linked. Skipping initialization.
10-01 11:28:26.045  1457  2916 V NotificationService: enabling notifications for com.microsoft.office.excel
10-01 11:28:26.063  3645  3645 D FirebaseApp: com.google.firebase.crash.FirebaseCrash is not linked. Skipping initialization.
10-01 11:28:26.069  2466  3162 I ResourceManager: load image time/time_2.png
10-01 11:28:26.072  2466  3162 I ResourceManager: load image time/time_3.png
10-01 11:28:26.076  2466  3162 I ResourceManager: load image time/time_4.png
10-01 11:28:26.091  1457  2336 V NotificationService: enabling notifications for com.microsoft.office.outlook
10-01 11:28:26.102  1457  2336 V NotificationService: enabling notifications for com.microsoft.office.powerpoint
10-01 11:28:26.113  1457  2336 V NotificationService: enabling notifications for com.skype.m2
10-01 11:28:26.125  1457  2318 V NotificationService: enabling notifications for com.microsoft.office.word
10-01 11:28:26.129  2466  3162 I ResourceManager: load image time/time_5.png
10-01 11:28:26.144  1457  2336 V NotificationService: enabling notifications for com.google.android.instantapps.supervisor
10-01 11:28:26.156  1457  2916 V NotificationService: enabling notifications for com.instagram.android
10-01 11:28:26.172  2955  3132 W CrashlyticsCore: Expected method missing: registerOnMeasurementEventListener
10-01 11:28:26.172  2955  3132 W CrashlyticsCore: java.lang.NoSuchMethodException: parameter type is null
10-01 11:28:26.172  2955  3132 W CrashlyticsCore: 	at java.lang.Class.getMethod(Class.java:1973)
10-01 11:28:26.172  2955  3132 W CrashlyticsCore: 	at java.lang.Class.getDeclaredMethod(Class.java:1960)
10-01 11:28:26.172  2955  3132 W CrashlyticsCore: 	at com.crashlytics.android.core.DefaultAppMeasurementEventListenerRegistrar.invoke(DefaultAppMeasurementEventListenerRegistrar.java:89)
10-01 11:28:26.172  2955  3132 W CrashlyticsCore: 	at com.crashlytics.android.core.DefaultAppMeasurementEventListenerRegistrar.register(DefaultAppMeasurementEventListenerRegistrar.java:54)
10-01 11:28:26.172  2955  3132 W CrashlyticsCore: 	at com.crashlytics.android.core.CrashlyticsController.registerAnalyticsEventListener(CrashlyticsController.java:1574)
10-01 11:28:26.172  2955  3132 W CrashlyticsCore: 	at com.crashlytics.android.core.CrashlyticsCore.doInBackground(CrashlyticsCore.java:322)
10-01 11:28:26.172  2955  3132 W CrashlyticsCore: 	at com.crashlytics.android.core.CrashlyticsCore.doInBackground(CrashlyticsCore.java:44)
10-01 11:28:26.172  2955  3132 W CrashlyticsCore: 	at io.fabric.sdk.android.InitializationTask.doInBackground(InitializationTask.java:63)
10-01 11:28:26.172  2955  3132 W CrashlyticsCore: 	at io.fabric.sdk.android.InitializationTask.doInBackground(InitializationTask.java:28)
10-01 11:28:26.172  2955  3132 W CrashlyticsCore: 	at io.fabric.sdk.android.services.concurrency.AsyncTask$2.call(AsyncTask.java:311)
10-01 11:28:26.172  2955  3132 W CrashlyticsCore: 	at java.util.concurrent.FutureTask.run(FutureTask.java:237)
10-01 11:28:26.172  2955  3132 W CrashlyticsCore: 	at java.util.concurrent.Executors$RunnableAdapter.call(Executors.java:428)
10-01 11:28:26.172  2955  3132 W CrashlyticsCore: 	at java.util.concurrent.FutureTask.run(FutureTask.java:237)
10-01 11:28:26.172  2955  3132 W CrashlyticsCore: 	at java.util.concurrent.ThreadPoolExecutor.runWorker(ThreadPoolExecutor.java:1133)
10-01 11:28:26.172  2955  3132 W CrashlyticsCore: 	at java.util.concurrent.ThreadPoolExecutor$Worker.run(ThreadPoolExecutor.java:607)
10-01 11:28:26.172  2955  3132 W CrashlyticsCore: 	at java.lang.Thread.run(Thread.java:760)
10-01 11:28:26.194  3645  3645 I FA      : App measurement is starting up, version: 10298
10-01 11:28:26.194  3645  3645 I FA      : To enable debug logging run: adb shell setprop log.tag.FA VERBOSE
10-01 11:28:26.195  2833  3301 D ContactsDatabaseHelper: insertMimeType: vnd.android.cursor.item/email_v2
10-01 11:28:26.209  3645  3645 I FA      : To enable faster debug mode event logging run:
10-01 11:28:26.209  3645  3645 I FA      :   adb shell setprop debug.firebase.analytics.app com.android.providers.downloads
10-01 11:28:26.222  2562  2803 I libfdpp_jni: getPriviledgedProcService: sService != NULL. 
10-01 11:28:26.222  2562  2803 I libfdpp_jni: getPriviledgedProcService: binder alive. 
10-01 11:28:26.225  2562  2803 I libfdpp_jni: getPriviledgedProcService: sService != NULL. 
10-01 11:28:26.225  2562  2803 I libfdpp_jni: getPriviledgedProcService: binder alive. 
10-01 11:28:26.228  2562  2803 I libfdpp_jni: getPriviledgedProcService: sService != NULL. 
10-01 11:28:26.228  2562  2803 I libfdpp_jni: getPriviledgedProcService: binder alive. 
10-01 11:28:26.245  1457  2336 V NotificationService: enabling notifications for com.bandainamcoent.dblegends_ww
10-01 11:28:26.252  3645  3645 I FirebaseInitProvider: FirebaseApp initialization successful
10-01 11:28:26.253  3625  3625 D Cal:D:AgendaWidgetProvider: onReceive(): intent: Intent { act=android.intent.action.BOOT_COMPLETED flg=0x9000010 cmp=com.android.calendar/.widget.AgendaWidgetProvider (has extras) }
10-01 11:28:26.255  2466  3162 I ResourceManager: load image time/time_6.png
10-01 11:28:26.268  3645  3645 W System  : ClassLoader referenced unknown path: /system/priv-app/MediaProvider/lib/arm64
10-01 11:28:26.269  3645  3645 D ApplicationLoaders: ignored Vulkan layer search path /system/priv-app/MediaProvider/lib/arm64:/system/lib64:/vendor/lib64 for namespace 0x7fa6ef6160
10-01 11:28:26.275  2833  3301 D ContactsDatabaseHelper: insertMimeType: vnd.android.cursor.item/im
10-01 11:28:26.294  3625  3625 D Cal:D:MonthWidgetProvider: onReceive(): action:android.intent.action.BOOT_COMPLETED
10-01 11:28:26.294  3625  3625 D Cal:D:MonthWidgetProvider: resetRunnable():reset to current month
10-01 11:28:26.294  3625  3699 D Cal:D:CacheService: onHandleIntent(): action=action_set_default_values
10-01 11:28:26.302  3665  3665 V NativeCrypto: Registering com/google/android/gms/org/conscrypt/NativeCrypto's 284 native methods...
10-01 11:28:26.307  2466  3162 I ResourceManager: load image time/time_7.png
10-01 11:28:26.309  2466  3162 I ResourceManager: load image time/time_8.png
10-01 11:28:26.316  1457  2726 V NotificationService: enabling notifications for com.whatsapp
10-01 11:28:26.318  2833  3301 D ContactsDatabaseHelper: insertMimeType: vnd.android.cursor.item/nickname
10-01 11:28:26.320  2833  3301 D ContactsDatabaseHelper: insertMimeType: vnd.android.cursor.item/organization
10-01 11:28:26.337  1457  2336 V NotificationService: enabling notifications for com.twitter.android
10-01 11:28:26.342  1457  2916 D Boost   : hostingType=content provider, hostingName=com.android.providers.calendar/.CalendarProvider2, callerPackage=com.android.calendar, isSystem=true, isBoostNeeded=false.
10-01 11:28:26.343  1457  2916 I ActivityManager: Start proc 3705:com.android.providers.calendar/u0a3 for content provider com.android.providers.calendar/.CalendarProvider2 caller=com.android.calendar
10-01 11:28:26.348  1457  1457 V LocationPolicy: Screen state changed
10-01 11:28:26.352  3665  3665 D NetworkSecurityConfig: Using Network Security Config from resource network_security_config debugBuild: false
10-01 11:28:26.359  3665  3665 I ProviderInstaller: Installed default security provider GmsCore_OpenSSL
10-01 11:28:26.362  3705  3705 D TidaProvider: TidaProvider()
10-01 11:28:26.364  1457  2336 V NotificationService: enabling notifications for com.facebook.orca
10-01 11:28:26.370  3705  3705 W ReflectionUtils: 
10-01 11:28:26.370  3705  3705 W ReflectionUtils: java.lang.NoSuchMethodException: android.os.MessageQueue#enableMonitor()#bestmatch
10-01 11:28:26.370  3705  3705 W ReflectionUtils: 	at miui.util.ReflectionUtils.findMethodBestMatch(ReflectionUtils.java:338)
10-01 11:28:26.370  3705  3705 W ReflectionUtils: 	at miui.util.ReflectionUtils.findMethodBestMatch(ReflectionUtils.java:375)
10-01 11:28:26.370  3705  3705 W ReflectionUtils: 	at miui.util.ReflectionUtils.callMethod(ReflectionUtils.java:800)
10-01 11:28:26.370  3705  3705 W ReflectionUtils: 	at miui.util.ReflectionUtils.tryCallMethod(ReflectionUtils.java:818)
10-01 11:28:26.370  3705  3705 W ReflectionUtils: 	at android.os.BaseLooper.enableMonitor(BaseLooper.java:47)
10-01 11:28:26.370  3705  3705 W ReflectionUtils: 	at android.os.Looper.prepareMainLooper(Looper.java:112)
10-01 11:28:26.370  3705  3705 W ReflectionUtils: 	at android.app.ActivityThread.main(ActivityThread.java:6211)
10-01 11:28:26.370  3705  3705 W ReflectionUtils: 	at java.lang.reflect.Method.invoke(Native Method)
10-01 11:28:26.370  3705  3705 W ReflectionUtils: 	at com.android.internal.os.ZygoteInit$MethodAndArgsCaller.run(ZygoteInit.java:904)
10-01 11:28:26.370  3705  3705 W ReflectionUtils: 	at com.android.internal.os.ZygoteInit.main(ZygoteInit.java:794)
10-01 11:28:26.372  3705  3705 V BoostFramework: BoostFramework() : mPerf = com.qualcomm.qti.Performance@7b7f5b0
10-01 11:28:26.419  3705  3705 I art     : Starting a blocking GC AddRemoveAppImageSpace
10-01 11:28:26.428  3705  3705 W System  : ClassLoader referenced unknown path: /system/priv-app/CalendarProvider/lib/arm64
10-01 11:28:26.435  2833  3301 D ContactsDatabaseHelper: insertMimeType: vnd.android.cursor.item/phone_v2
10-01 11:28:26.440  1457  2919 V NotificationService: enabling notifications for com.google.android.apps.youtube.mango
10-01 11:28:26.443  3625  3690 I Cal:D:AdUtils: getActiveAdInfo(): simple ad info json string = 
10-01 11:28:26.443  2892  3355 I SystemUpdate-UpdateLevelManager: update level inited: 300
10-01 11:28:26.447  2833  3301 D ContactsDatabaseHelper: insertMimeType: vnd.android.cursor.item/sip_address
10-01 11:28:26.449  2833  3301 D ContactsDatabaseHelper: insertMimeType: vnd.android.cursor.item/name
10-01 11:28:26.451  2466  3162 I ResourceManager: load image time/time_9.png
10-01 11:28:26.484  2892  3355 I SystemUpdate-AutoUpdateScheduler: should not install update now by network type or update level
10-01 11:28:26.487  3705  3705 D miuisdk : current sdk level is 14
10-01 11:28:26.487  3705  3705 D         : InitMiuiSdkHookClasses
10-01 11:28:26.487  3705  3705 I         : create_mem miui-classproxy page:0x7fa70ba000, size:4096
10-01 11:28:26.502  1457  1467 V NotificationService: enabling notifications for com.truecaller
10-01 11:28:26.502  2466  3162 I ResourceManager: load image time/time_dot.png
10-01 11:28:26.505  3705  3705 I         : Never hook EnableMethodTracing
10-01 11:28:26.505  3705  3705 I         : Never hook DisableMethodTracing
10-01 11:28:26.505  3705  3705 I         : sConfigureStubsHookFlag is 0x3, so we must hook ConfigureStubs for methodtracing
10-01 11:28:26.505  3705  3705 I         : Hook ConfigureStubs
10-01 11:28:26.506  3705  3705 I         : create_mem miui-classproxy page:0x7fa214a000, size:4096
10-01 11:28:26.506  2466  3162 I ResourceManager: load image time/am.png
10-01 11:28:26.518  3705  3705 I LoadedApk: No resource references to update in package com.android.providers.calendar
10-01 11:28:26.530  3238  3407 I MiPicks-AutoUpdateScheduler: [Update] install job not needed
10-01 11:28:26.533  1457  1467 V NotificationService: enabling notifications for com.hexicallabs.devrant
10-01 11:28:26.548  3705  3705 I CalP:D:CalendarProvider2: onCreate()
10-01 11:28:26.550  1457  2726 V NotificationService: enabling notifications for com.nianticlabs.pokemongo
10-01 11:28:26.553  2833  3301 D ContactsDatabaseHelper: insertMimeType: vnd.android.cursor.item/postal-address_v2
10-01 11:28:26.555  2833  3301 D ContactsDatabaseHelper: insertMimeType: vnd.android.cursor.item/identity
10-01 11:28:26.556  2833  3301 D ContactsDatabaseHelper: insertMimeType: vnd.android.cursor.item/photo
10-01 11:28:26.558  2833  3301 D ContactsDatabaseHelper: insertMimeType: vnd.android.cursor.item/group_membership
10-01 11:28:26.567  2373  2682 W PushService: 2018-10-01 11:28:26,567 - [WARN::PushService] - [Thread:80] JOB: Handle intent action = com.xiaomi.mipush.SEND_MESSAGE
10-01 11:28:26.568  2373  2682 W PushService: 2018-10-01 11:28:26,568 - [WARN::PushService] - [Thread:80] Perf_code  packetType  1009  length 259
10-01 11:28:26.568  2373  2682 W PushService: 2018-10-01 11:28:26,568 - [WARN::PushService] - [Thread:80] try send mi push message. packagename:com.miui.powerkeeper action:Notification
10-01 11:28:26.582  2466  3162 D MultipleRenderable: add: miui.maml.FancyDrawable@825455
10-01 11:28:26.582  2466  3162 D RendererCore: add: miui.maml.FancyDrawable@825455 size:1
10-01 11:28:26.582  2466  3162 D ScreenElementRoot: resume
10-01 11:28:26.582  3705  3705 I DynamicDumpReceiver: Dynamic receiver registered
10-01 11:28:26.585  2466  3162 I ResourceManager: load image quietImage.png
10-01 11:28:26.585  2466  3162 D ResourceLoader: TRY AGAIN to get getPathForLanguage: quietImage.png
10-01 11:28:26.585  2466  3162 E ResourceLoader: fail to get getPathForLanguage: quietImage.png
10-01 11:28:26.585  2466  3162 E ResourceManager: fail to load image: quietImage.png
10-01 11:28:26.585  2466  3162 I ResourceManager: load image startImage.png
10-01 11:28:26.585  2466  3162 D ResourceLoader: TRY AGAIN to get getPathForLanguage: startImage.png
10-01 11:28:26.585  2466  3162 E ResourceLoader: fail to get getPathForLanguage: startImage.png
10-01 11:28:26.585  2466  3162 E ResourceManager: fail to load image: startImage.png
10-01 11:28:26.586  1457  1467 V NotificationService: enabling notifications for com.sraoss.dmrc
10-01 11:28:26.592  3625  3690 I DynamicDumpReceiver: Dynamic receiver registered
10-01 11:28:26.603  3046  3734 I chatty  : uid=1000(system) pool-5-thread-1 expire 1 line
10-01 11:28:26.610  2373  2682 W PushService: 2018-10-01 11:28:26,609 - [WARN::PushService] - [Thread:80] JOB: Handle intent action = com.xiaomi.mipush.SEND_MESSAGE
10-01 11:28:26.610  2373  2682 W PushService: 2018-10-01 11:28:26,610 - [WARN::PushService] - [Thread:80] Perf_code  packetType  1009  length 200
10-01 11:28:26.611  2373  2682 W PushService: 2018-10-01 11:28:26,610 - [WARN::PushService] - [Thread:80] try send mi push message. packagename:com.miui.powerkeeper action:Notification
10-01 11:28:26.625  2373  2682 W PushService: 2018-10-01 11:28:26,625 - [WARN::PushService] - [Thread:80] JOB: Handle intent action = action_cr_config
10-01 11:28:26.642  3046  3046 D PowerCheckerService: onStartCommand: Intent { act=android.intent.action.BOOT_COMPLETED cmp=com.miui.powerkeeper/.powerchecker.PowerCheckerService }
