10-01 11:28:19.893  2373  2682 W PushService: 2018-10-01 11:28:19,892 - [WARN::PushService] - [Thread:80] JOB: Handle intent action = com.xiaomi.mipush.SEND_MESSAGE
10-01 11:28:19.896  2373  2373 V SyncNotificationUtils: sendSyncingBroadcast: false
10-01 11:28:19.900  2373  2724 W PushService: 2018-10-01 11:28:19,900 - [WARN::PushService] - [Thread:82] receive an intent from server, action=com.xiaomi.mipush.RECEIVE_MESSAGE
10-01 11:28:19.900  2373  2724 W PushService: 2018-10-01 11:28:19,900 - [WARN::PushService] - receiving an empty message, drop
10-01 11:28:19.905  2373  2682 W PushService: 2018-10-01 11:28:19,905 - [WARN::PushService] - [Thread:80] JOB: Handle intent action = com.xiaomi.mipush.SEND_MESSAGE
10-01 11:28:19.908  2373  2682 W PushService: 2018-10-01 11:28:19,906 - [WARN::PushService] - [Thread:80] JOB: Handle intent action = action_cr_config
10-01 11:28:19.909  2373  2682 W PushService: 2018-10-01 11:28:19,909 - [WARN::PushService] - [Thread:80] JOB: Handle intent action = com.xiaomi.mipush.SEND_MESSAGE
10-01 11:28:19.911  2373  2682 W PushService: 2018-10-01 11:28:19,910 - [WARN::PushService] - [Thread:80] JOB: Handle intent action = com.xiaomi.mipush.SEND_MESSAGE
10-01 11:28:19.912  2373  2682 W PushService: 2018-10-01 11:28:19,912 - [WARN::PushService] - [Thread:80] JOB: Handle intent action = com.xiaomi.mipush.SEND_MESSAGE
10-01 11:28:19.913  2373  2682 W PushService: 2018-10-01 11:28:19,912 - [WARN::PushService] - [Thread:80] JOB: Handle intent action = action_cr_config
10-01 11:28:19.915  2373  2373 V SyncNotificationUtils: sendSyncingBroadcast: false
10-01 11:28:19.921  2373  2373 V SyncNotificationUtils: sendSyncingBroadcast: false
10-01 11:28:19.934  2373  2373 V SyncNotificationUtils: sendSyncingBroadcast: false
10-01 11:28:19.936  2466  2466 D Launcher: bindAppWidget: AppWidget(id=2)
10-01 11:28:19.937  2466  2466 D Launcher: bindAppWidget: id=2 belongs to component ComponentInfo{com.google.android.googlequicksearchbox/com.google.android.googlequicksearchbox.SearchWidgetProvider}
10-01 11:28:19.981  1968  1991 D IccSmsInterfaceManager: [IccSmsInterfaceManager] Added GSM cell broadcast subscription for MID range 4370 to 4370 from client com.android.cellbroadcastreceiver
10-01 11:28:19.981  1968  1991 D IccSmsInterfaceManager: [IccSmsInterfaceManager] Calling setCellBroadcastActivation(true)
10-01 11:28:20.234  3171  3171 W subsystem_ramdu: type=1400 audit(0.0:123): avc: denied { search } for name="/" dev="sdcardfs" ino=760321 scontext=u:r:subsystem_ramdump:s0 tcontext=u:object_r:sdcardfs:s0 tclass=dir permissive=0
10-01 11:28:20.234  3171  3171 W subsystem_ramdu: type=1400 audit(0.0:124): avc: denied { search } for name="/" dev="sdcardfs" ino=760321 scontext=u:r:subsystem_ramdump:s0 tcontext=u:object_r:sdcardfs:s0 tclass=dir permissive=0
10-01 11:28:20.006  2833  2833 I LoadedApk: No resource references to update in package com.android.providers.contacts
10-01 11:28:20.066  2466  2466 D Launcher: bound widget id=2 in 130ms
10-01 11:28:20.070  2562  3037 W art     : Long monitor contention with owner QueueTaskManager[PersistentAppTaskManager[PeriodicUpdateTaskTaskManager]] (2803) at boolean android.os.BinderProxy.transactNative(int, android.os.Parcel, android.os.Parcel, int)(Binder.java:-2) waiters=0 in miui.cloud.net.XHttpClient com.xiaomi.finddevice.common.FindDeviceHttpClient.get() for 1.129s
10-01 11:28:20.089  2562  2803 D miuisdk : current sdk level is 14
10-01 11:28:20.093  2514  2514 I InteractorInitializer: Initialized process com.google.android.googlequicksearchbox:interactor
10-01 11:28:20.100  3002  3002 D miuisdk : current sdk level is 14
10-01 11:28:20.138  2562  2803 D CloudTelephonyManager: blockingGetDeviceId is called by com.xiaomi.finddevice with timeout: 60000
10-01 11:28:20.152  2562  3037 D CloudTelephonyManager: blockingGetDeviceId is called by com.xiaomi.finddevice with timeout: 60000
10-01 11:28:20.163  2562  3172 D NetworkSecurityConfig: No Network Security Config specified, using platform default
10-01 11:28:20.167  1821  2198 I CloudSettingsProvider: uriMatch : 1
10-01 11:28:20.176  1968  1991 D IccSmsInterfaceManager: [IccSmsInterfaceManager] Calling setGsmBroadcastConfig with 4 configurations
10-01 11:28:20.181  2824  2824 W art     : Verification of void com.google.android.accessibility.talkback.TalkBackService.<init>() took 212.771ms
10-01 11:28:20.186  1457  2725 D Boost   : hostingType=service, hostingName=com.xiaomi.account/.XiaomiAccountService, callerPackage=com.xiaomi.finddevice, isSystem=true, isBoostNeeded=false.
10-01 11:28:20.186  1457  2725 I ActivityManager: Start proc 3175:com.xiaomi.account/u0a116 for service com.xiaomi.account/.XiaomiAccountService caller=com.xiaomi.finddevice
10-01 11:28:20.200  2663  3157 D SdcardUtils: need reopen: true
10-01 11:28:20.203  2861  2861 D miuisdk : current sdk level is 14
10-01 11:28:20.203  2861  2861 D         : InitMiuiSdkHookClasses
10-01 11:28:20.204  2861  2861 I         : create_mem miui-classproxy page:0x7fa1ff5000, size:4096
10-01 11:28:20.207  2861  2861 I         : Never hook EnableMethodTracing
10-01 11:28:20.207  2861  2861 I         : Never hook DisableMethodTracing
10-01 11:28:20.207  2861  2861 I         : sConfigureStubsHookFlag is 0x3, so we must hook ConfigureStubs for methodtracing
10-01 11:28:20.207  2861  2861 I         : Hook ConfigureStubs
10-01 11:28:20.207  2861  2861 I         : create_mem miui-classproxy page:0x7fa1d08000, size:4096
10-01 11:28:20.208  2562  3032 W art     : Long monitor contention with owner QueueTaskManager[PersistentAppTaskManager[PeriodicUpdateTaskTaskManager]] (2803) at boolean android.os.BinderProxy.transactNative(int, android.os.Parcel, android.os.Parcel, int)(Binder.java:-2) waiters=0 in com.xiaomi.finddevice.v2.IDeviceCredential com.xiaomi.finddevice.v2.DeviceCredentialManagerUnion.get(android.content.Context) for 1.437s
10-01 11:28:20.210  2562  2952 W art     : Long monitor contention with owner QueueTaskManager[PersistentAppTaskManager[PeriodicUpdateTaskTaskManager]] (2803) at boolean android.os.BinderProxy.transactNative(int, android.os.Parcel, android.os.Parcel, int)(Binder.java:-2) waiters=0 in boolean com.xiaomi.finddevice.v2.FindDeviceStatusManagerInternal.isOpen() for 2.297s
10-01 11:28:20.213  2562  3078 W art     : Long monitor contention with owner QueueTaskManager[PersistentAppTaskManager[PeriodicUpdateTaskTaskManager]] (2803) at boolean android.os.BinderProxy.transactNative(int, android.os.Parcel, android.os.Parcel, int)(Binder.java:-2) waiters=1 in void com.xiaomi.finddevice.v2.AbsDeviceCredentialManager.addOnChangeListener(com.xiaomi.finddevice.v2.IDeviceCredentialManager$OnChangeListener, android.os.Handler) for 1.284s
10-01 11:28:20.214  2562  2991 W art     : Long monitor contention with owner QueueTaskManager[PersistentAppTaskManager[PeriodicUpdateTaskTaskManager]] (2803) at boolean android.os.BinderProxy.transactNative(int, android.os.Parcel, android.os.Parcel, int)(Binder.java:-2) waiters=1 in void com.xiaomi.finddevice.v2.FindDeviceStatusManagerInternal.checkLock(android.content.Context) for 2.100s
10-01 11:28:20.233  2373  2682 W PushService: 2018-10-01 11:28:20,233 - [WARN::PushService] - [Thread:80] JOB: Handle intent action = com.xiaomi.mipush.SEND_MESSAGE
10-01 11:28:20.235  1821  2198 I CloudSettingsProvider: uriMatch : 1
10-01 11:28:20.237  2562  3032 I art     : Starting a blocking GC Explicit
10-01 11:28:20.246  3171  3171 I subsystem_ramdump: Usage:./system/bin/subsystem_ramdump [arg1] [arg2] [arg3]
10-01 11:28:20.246  3171  3171 I subsystem_ramdump: [arg1]: (1/2) Ramdump location: 1: eMMC: /data/ramdump or 2: SD card: /sdcard/ramdump
10-01 11:28:20.246  3171  3171 I subsystem_ramdump: [arg2]: (1/0) 1: Enable RPM log / 0: Disable RPM log
10-01 11:28:20.246  3171  3171 I subsystem_ramdump: [arg3]: (1/0) 1: Enable qdss ramdump / 0: Disable qdss ramdump
10-01 11:28:20.249  3171  3171 E subsystem_ramdump: Directory /sdcard/ramdump does not exist
10-01 11:28:20.249  3171  3171 I subsystem_ramdump: Attemping to create /sdcard/ramdump
10-01 11:28:20.249  3171  3171 E subsystem_ramdump: Unable to create /sdcard/ramdump
10-01 11:28:20.249  3171  3171 E subsystem_ramdump: Unable to create /sdcard/ramdump
10-01 11:28:20.249  3171  3171 E subsystem_ramdump: Failed to initialize ramdump
10-01 11:28:20.253  2562  2952 I art     : Waiting for a blocking GC Explicit
10-01 11:28:20.253  2562  2803 I art     : Waiting for a blocking GC Explicit
10-01 11:28:20.260  1457  1584 D ConnectivityService: Setting DNS servers for network 101 to [/192.168.0.1, /8.8.8.8]
10-01 11:28:20.262  3175  3175 D TidaProvider: TidaProvider()
10-01 11:28:20.266   605   676 D ThermalEngine: sensor_wait: xo_therm Wait done.
10-01 11:28:20.267   605   676 D ThermalEngine: sensor_monitor: xo_therm Reading 40000 .
10-01 11:28:20.268   605   676 I ThermalEngine: Sensor:xo_therm:40000 mC
10-01 11:28:20.268   605   676 D ThermalEngine: update_active_thresh: xo_therm Active(1), Hi(1) 45000, Lo(0) -2147483648, Interval(1) 10000
10-01 11:28:20.268   605   676 D ThermalEngine: sensor_monitor: xo_therm Sensor wait.
10-01 11:28:20.268   605   676 D ThermalEngine: sensor_wait: xo_therm Wait start. 10000ms
10-01 11:28:20.280  2466  2951 D com.miui.home.launcher.gadget.ConfigableGadget: canAutoChange:false hasValidFileInHome:false dst:/data/user/0/com.miui.home/app_clock_bak/clock_2x4_6
10-01 11:28:20.287  3175  3175 W ReflectionUtils: 
10-01 11:28:20.287  3175  3175 W ReflectionUtils: java.lang.NoSuchMethodException: android.os.MessageQueue#enableMonitor()#bestmatch
10-01 11:28:20.287  3175  3175 W ReflectionUtils: 	at miui.util.ReflectionUtils.findMethodBestMatch(ReflectionUtils.java:338)
10-01 11:28:20.287  3175  3175 W ReflectionUtils: 	at miui.util.ReflectionUtils.findMethodBestMatch(ReflectionUtils.java:375)
10-01 11:28:20.287  3175  3175 W ReflectionUtils: 	at miui.util.ReflectionUtils.callMethod(ReflectionUtils.java:800)
10-01 11:28:20.287  3175  3175 W ReflectionUtils: 	at miui.util.ReflectionUtils.tryCallMethod(ReflectionUtils.java:818)
10-01 11:28:20.287  3175  3175 W ReflectionUtils: 	at android.os.BaseLooper.enableMonitor(BaseLooper.java:47)
10-01 11:28:20.287  3175  3175 W ReflectionUtils: 	at android.os.Looper.prepareMainLooper(Looper.java:112)
10-01 11:28:20.287  3175  3175 W ReflectionUtils: 	at android.app.ActivityThread.main(ActivityThread.java:6211)
10-01 11:28:20.287  3175  3175 W ReflectionUtils: 	at java.lang.reflect.Method.invoke(Native Method)
10-01 11:28:20.287  3175  3175 W ReflectionUtils: 	at com.android.internal.os.ZygoteInit$MethodAndArgsCaller.run(ZygoteInit.java:904)
10-01 11:28:20.287  3175  3175 W ReflectionUtils: 	at com.android.internal.os.ZygoteInit.main(ZygoteInit.java:794)
10-01 11:28:20.288  3175  3175 V BoostFramework: BoostFramework() : mPerf = com.qualcomm.qti.Performance@7b7f5b0
10-01 11:28:20.301  2824  2824 W art     : Verification of void com.google.android.accessibility.talkback.TalkBackService.onLockedBootCompletedInternal(com.google.android.accessibility.utils.Performance$EventId) took 119.335ms
10-01 11:28:20.302  2562  2991 I art     : Waiting for a blocking GC Explicit
10-01 11:28:20.302  2562  3066 W art     : Long monitor contention with owner QueueTaskManager[PersistentAppTaskManager[PeriodicUpdateTaskTaskManager]] (2803) at boolean android.os.BinderProxy.transactNative(int, android.os.Parcel, android.os.Parcel, int)(Binder.java:-2) waiters=2 in boolean com.xiaomi.finddevice.v2.FindDeviceStatusManagerInternal.isOpen() for 1.354s
10-01 11:28:20.303  2562  3066 D CloudTelephonyManager: blockingGetDeviceId is called by com.xiaomi.finddevice with timeout: 60000
10-01 11:28:20.308  2562  3066 D CloudTelephonyManager: blockingGetDeviceId is called by com.xiaomi.finddevice with timeout: 60000
10-01 11:28:20.315  2562  3032 I art     : Explicit concurrent mark sweep GC freed 51578(4MB) AllocSpace objects, 17(340KB) LOS objects, 52% free, 7MB/15MB, paused 819us total 72.756ms
10-01 11:28:20.315  2562  2952 I art     : WaitForGcToComplete blocked for 62.146ms for cause Explicit
10-01 11:28:20.315  2562  2952 I art     : Starting a blocking GC Explicit
10-01 11:28:20.320  1457  1584 D ConnectivityService: Switching to new default network: NetworkAgentInfo{ ni{[type: WIFI[], state: CONNECTED/CONNECTED, reason: (unspecified), extra: "ZINKID", failover: false, available: true, roaming: false, metered: false]}  network{101}  nethandle{433808132830}  lp{{InterfaceName: wlan0 LinkAddresses: [fe80::da63:75ff:fef6:c68b/64,192.168.0.54/24,]  Routes: [fe80::/64 -> :: wlan0,192.168.0.0/24 -> 0.0.0.0 wlan0,0.0.0.0/0 -> 192.168.0.1 wlan0,] DnsAddresses: [192.168.0.1,] Domains: Dlink MTU: 0 TcpBufferSizes: 524288,1048576,3670016,262144,524288,3670016}}  nc{[ Transports: WIFI Capabilities: NOT_METERED&INTERNET&NOT_RESTRICTED&TRUSTED&NOT_VPN&FOREGROUND LinkUpBandwidth>=1048576Kbps LinkDnBandwidth>=1048576Kbps SignalStrength: -62]}  Score{60}  everValidated{false}  lastValidated{false}  created{true} lingering{false} explicitlySelected{false} acceptUnvalidated{false} everCaptivePortalDetected{false} lastCaptivePortalDetected{false} }
10-01 11:28:20.320  2562  2803 I art     : Waiting for a blocking GC Explicit
10-01 11:28:20.322  2562  2991 I art     : Waiting for a blocking GC Explicit
10-01 11:28:20.328  3002  3002 D         : InitMiuiSdkHookClasses
10-01 11:28:20.331  3002  3002 I         : create_mem miui-classproxy page:0x7fa702a000, size:4096
10-01 11:28:20.335  2562  3032 I art     : Waiting for a blocking GC Explicit
10-01 11:28:20.353  2562  2952 I art     : Explicit concurrent mark sweep GC freed 2531(145KB) AllocSpace objects, 0(0B) LOS objects, 53% free, 6MB/14MB, paused 853us total 37.311ms
10-01 11:28:20.353  2562  2803 I art     : WaitForGcToComplete blocked for 99.898ms for cause Explicit
10-01 11:28:20.353  2562  2803 I art     : Starting a blocking GC Explicit
10-01 11:28:20.356  3002  3002 I         : Never hook EnableMethodTracing
10-01 11:28:20.356  3002  3002 I         : Never hook DisableMethodTracing
10-01 11:28:20.356  3002  3002 I         : sConfigureStubsHookFlag is 0x3, so we must hook ConfigureStubs for methodtracing
10-01 11:28:20.356  3002  3002 I         : Hook ConfigureStubs
10-01 11:28:20.357  3002  3002 I         : create_mem miui-classproxy page:0x7fa1ff5000, size:4096
10-01 11:28:20.359  2562  2991 I art     : Waiting for a blocking GC Explicit
10-01 11:28:20.359  2562  3032 I art     : Waiting for a blocking GC Explicit
10-01 11:28:20.369  2562  2952 I art     : Waiting for a blocking GC Explicit
10-01 11:28:20.373  1968  1991 D IccSmsInterfaceManager: [IccSmsInterfaceManager] Added GSM cell broadcast subscription for MID range 4371 to 4372 from client com.android.cellbroadcastreceiver
10-01 11:28:20.373  1968  1991 D IccSmsInterfaceManager: [IccSmsInterfaceManager] Calling setCellBroadcastActivation(true)
10-01 11:28:20.384  2562  2803 I art     : Explicit concurrent mark sweep GC freed 65(3KB) AllocSpace objects, 0(0B) LOS objects, 53% free, 6MB/14MB, paused 821us total 30.667ms
10-01 11:28:20.384  2562  2991 I art     : WaitForGcToComplete blocked for 82.380ms for cause Explicit
10-01 11:28:20.384  2562  2991 I art     : Starting a blocking GC Explicit
10-01 11:28:20.390  2562  3032 I art     : Waiting for a blocking GC Explicit
10-01 11:28:20.395  2562  2952 I art     : Waiting for a blocking GC Explicit
10-01 11:28:20.407  2562  3066 I art     : Waiting for a blocking GC Explicit
10-01 11:28:20.409  1968  1991 D IccSmsInterfaceManager: [IccSmsInterfaceManager] Calling setGsmBroadcastConfig with 4 configurations
10-01 11:28:20.409  2562  2803 I art     : Waiting for a blocking GC Explicit
10-01 11:28:20.412  2861  2861 I LoadedApk: No resource references to update in package com.xiaomi.simactivate.service
10-01 11:28:20.415  2892  2892 I SystemUpdate-App: 
10-01 11:28:20.415  2892  2892 I SystemUpdate-App: 
10-01 11:28:20.415  2892  2892 I SystemUpdate-App: Process create: com.xiaomi.discover ------------------
10-01 11:28:20.425  2562  2991 I art     : Explicit concurrent mark sweep GC freed 2391(217KB) AllocSpace objects, 0(0B) LOS objects, 53% free, 6MB/14MB, paused 1.151ms total 40.176ms
10-01 11:28:20.425  2562  3032 I art     : WaitForGcToComplete blocked for 89.840ms for cause Explicit
10-01 11:28:20.425  2562  3032 I art     : Starting a blocking GC Explicit
10-01 11:28:20.430  2562  2952 I art     : Waiting for a blocking GC Explicit
10-01 11:28:20.431  2562  3066 I art     : Waiting for a blocking GC Explicit
10-01 11:28:20.431  2562  2803 I art     : Waiting for a blocking GC Explicit
10-01 11:28:20.437  2562  2991 I art     : Waiting for a blocking GC Explicit
10-01 11:28:20.441   632  1451 V IdletimerController: runCmd(/system/bin/ip6tables -w -W 10000 -t raw -A idletimer_raw_PREROUTING -i wlan0 -j IDLETIMER --timeout 15 --label 1 --send_nl_msg 1) res_ipv4=0, res_ipv6=0
10-01 11:28:20.456  2562  3032 I art     : Explicit concurrent mark sweep GC freed 179(7KB) AllocSpace objects, 0(0B) LOS objects, 53% free, 6MB/14MB, paused 642us total 30.420ms
10-01 11:28:20.456  2562  2952 I art     : WaitForGcToComplete blocked for 86.582ms for cause Explicit
10-01 11:28:20.456  2562  2952 I art     : Starting a blocking GC Explicit
10-01 11:28:20.457  2562  3066 I art     : Waiting for a blocking GC Explicit
10-01 11:28:20.457  2562  2803 I art     : Waiting for a blocking GC Explicit
10-01 11:28:20.457  2562  2991 I art     : Waiting for a blocking GC Explicit
10-01 11:28:20.459  2833  2833 I ContactsProvider: ContactsProvider.onCreate()
10-01 11:28:20.496   632  1451 V IdletimerController: runCmd(/system/bin/ip6tables -w -W 10000 -t mangle -A idletimer_mangle_POSTROUTING -o wlan0 -j IDLETIMER --timeout 15 --label 1 --send_nl_msg 1) res_ipv4=0, res_ipv6=0
10-01 11:28:20.501  2562  2952 I art     : Explicit concurrent mark sweep GC freed 3828(311KB) AllocSpace objects, 0(0B) LOS objects, 53% free, 6MB/14MB, paused 1.665ms total 44.531ms
10-01 11:28:20.501  2562  3066 I art     : WaitForGcToComplete blocked for 93.984ms for cause Explicit
10-01 11:28:20.501  2562  3066 I art     : Starting a blocking GC Explicit
10-01 11:28:20.510  2562  2803 I art     : Waiting for a blocking GC Explicit
10-01 11:28:20.511  2562  2991 I art     : Waiting for a blocking GC Explicit
10-01 11:28:20.525  1457  1615 I chatty  : uid=1000(system) ConnectivityMan expire 2 lines
10-01 11:28:20.527  1663  2026 I chatty  : uid=1000(system) ConnectivityMan expire 1 line
10-01 11:28:20.527  1457  1584 D ConnectivityService: Sending CONNECTED broadcast for type 1 NetworkAgentInfo [WIFI () - 101] isDefaultNetwork=true
10-01 11:28:20.529  1457  1595 I chatty  : uid=1000 system_server expire 5 lines
10-01 11:28:20.532  1958  2007 I chatty  : uid=1000(system) ConnectivityMan expire 13 lines
10-01 11:28:20.535  1457  2020 D Boost   : hostingType=service, hostingName=com.android.keychain/.KeyChainService, callerPackage=android, isSystem=true, isBoostNeeded=false.
10-01 11:28:20.535  1457  2020 I ActivityManager: Start proc 3204:com.android.keychain/u999s1000 for service com.android.keychain/.KeyChainService caller=android
10-01 11:28:20.541  1663  1663 D StatusBar.NetworkController: onReceive, ConnectivityManager.CONNECTIVITY_ACTION network type is 1
10-01 11:28:20.553  1629  1629 D wpa_supplicant: wlan0: Control interface command 'SIGNAL_POLL'
10-01 11:28:20.553  2373  2682 W PushService: 2018-10-01 11:28:20,553 - [WARN::PushService] - [Thread:80] JOB: Handle intent action = android.net.conn.CONNECTIVITY_CHANGE
10-01 11:28:20.555  2373  2682 W PushService: 2018-10-01 11:28:20,554 - [WARN::PushService] - [Thread:80] network changed,[type: WIFI[], state: CONNECTED/CONNECTED
10-01 11:28:20.555  1629  1629 D wpa_supplicant: CTRL-DEBUG: global_ctrl_sock-sendto: sock=8 sndbuf=212992 outq=0 send_len=48
10-01 11:28:20.556  1629  1629 D wpa_supplicant: EAPOL: EAP Session-Id not available
10-01 11:28:20.556  1629  1629 D wpa_supplicant: CTRL-DEBUG: global_ctrl_sock-sendto: sock=8 sndbuf=212992 outq=0 send_len=366
10-01 11:28:20.557  2555  3213 I chatty  : uid=1000(system) com.miui.daemon expire 3 lines
10-01 11:28:20.559   632  1451 E Netd    : netlink response contains error (File exists)
10-01 11:28:20.563  1629  1629 D wpa_supplicant: wlan0: Control interface command 'SIGNAL_POLL'
10-01 11:28:20.565  1629  1629 D wpa_supplicant: CTRL-DEBUG: global_ctrl_sock-sendto: sock=8 sndbuf=212992 outq=0 send_len=48
10-01 11:28:20.566  1629  1629 D wpa_supplicant: EAPOL: EAP Session-Id not available
10-01 11:28:20.567  1629  1629 D wpa_supplicant: CTRL-DEBUG: global_ctrl_sock-sendto: sock=8 sndbuf=212992 outq=0 send_len=366
10-01 11:28:20.584  2373  2682 W PushService: 2018-10-01 11:28:20,583 - [WARN::PushService] - [Thread:80] JOB: do reconnect..
10-01 11:28:20.589  2373  2682 W PushService: 2018-10-01 11:28:20,589 - [WARN::PushService] - [Thread:80] update the connection status. disconnected -> connecting : ERROR_OK 
10-01 11:28:20.603  2663  3187 I XSpaceInitTask: XSpace enabled component : com.android.packageinstaller.permission.ui.GrantPermissionsActivity of com.google.android.packageinstaller
10-01 11:28:20.608  1457  1584 D ConnectivityService: Setting DNS servers for network 101 to [/fe80::a2ab:1bff:fee7:cfe7%wlan0, /192.168.0.1, /8.8.8.8]
10-01 11:28:20.610  3204  3204 D TidaProvider: TidaProvider()
10-01 11:28:20.610  2663  3187 I XSpaceInitTask: XSpace enabled component : com.android.packageinstaller.permission.ui.ManagePermissionsActivity of com.google.android.packageinstaller
10-01 11:28:20.620  2562  3066 I art     : Explicit concurrent mark sweep GC freed 3931(291KB) AllocSpace objects, 0(0B) LOS objects, 52% free, 7MB/15MB, paused 12.583ms total 117.645ms
10-01 11:28:20.620  2562  2803 I art     : WaitForGcToComplete blocked for 211.388ms for cause Explicit
10-01 11:28:20.620  2562  2803 I art     : Starting a blocking GC Explicit
10-01 11:28:20.622  2562  2991 I art     : Waiting for a blocking GC Explicit
10-01 11:28:20.622  1968  1991 D IccSmsInterfaceManager: [IccSmsInterfaceManager] Added GSM cell broadcast subscription for MID range 4373 to 4378 from client com.android.cellbroadcastreceiver
10-01 11:28:20.622  1968  1991 D IccSmsInterfaceManager: [IccSmsInterfaceManager] Calling setCellBroadcastActivation(true)
10-01 11:28:20.622  2562  3066 I art     : Waiting for a blocking GC Explicit
10-01 11:28:20.623  3204  3204 W ReflectionUtils: 
10-01 11:28:20.623  3204  3204 W ReflectionUtils: java.lang.NoSuchMethodException: android.os.MessageQueue#enableMonitor()#bestmatch
10-01 11:28:20.623  3204  3204 W ReflectionUtils: 	at miui.util.ReflectionUtils.findMethodBestMatch(ReflectionUtils.java:338)
10-01 11:28:20.623  3204  3204 W ReflectionUtils: 	at miui.util.ReflectionUtils.findMethodBestMatch(ReflectionUtils.java:375)
10-01 11:28:20.623  3204  3204 W ReflectionUtils: 	at miui.util.ReflectionUtils.callMethod(ReflectionUtils.java:800)
10-01 11:28:20.623  3204  3204 W ReflectionUtils: 	at miui.util.ReflectionUtils.tryCallMethod(ReflectionUtils.java:818)
10-01 11:28:20.623  3204  3204 W ReflectionUtils: 	at android.os.BaseLooper.enableMonitor(BaseLooper.java:47)
10-01 11:28:20.623  3204  3204 W ReflectionUtils: 	at android.os.Looper.prepareMainLooper(Looper.java:112)
10-01 11:28:20.623  3204  3204 W ReflectionUtils: 	at android.app.ActivityThread.main(ActivityThread.java:6211)
10-01 11:28:20.623  3204  3204 W ReflectionUtils: 	at java.lang.reflect.Method.invoke(Native Method)
10-01 11:28:20.623  3204  3204 W ReflectionUtils: 	at com.android.internal.os.ZygoteInit$MethodAndArgsCaller.run(ZygoteInit.java:904)
10-01 11:28:20.623  3204  3204 W ReflectionUtils: 	at com.android.internal.os.ZygoteInit.main(ZygoteInit.java:794)
10-01 11:28:20.641  1968  1991 D IccSmsInterfaceManager: [IccSmsInterfaceManager] Calling setGsmBroadcastConfig with 4 configurations
10-01 11:28:20.642  3204  3204 V BoostFramework: BoostFramework() : mPerf = com.qualcomm.qti.Performance@7b7f5b0
10-01 11:28:20.646  2663  3187 I XSpaceInitTask: XSpace enabled component : com.miui.xspace.receiver.MediaScannerReceiver of com.miui.securitycore
10-01 11:28:20.669  2373  2682 W PushService: 2018-10-01 11:28:20,669 - [WARN::PushService] - [Thread:80] load bucket failure: the host is empty
10-01 11:28:20.673  1629  1629 D wpa_supplicant: wlan0: Control interface command 'SIGNAL_POLL'
10-01 11:28:20.679  1629  1629 D wpa_supplicant: CTRL-DEBUG: global_ctrl_sock-sendto: sock=8 sndbuf=212992 outq=0 send_len=48
10-01 11:28:20.680  1629  1629 D wpa_supplicant: EAPOL: EAP Session-Id not available
10-01 11:28:20.680  1629  1629 D wpa_supplicant: CTRL-DEBUG: global_ctrl_sock-sendto: sock=8 sndbuf=212992 outq=0 send_len=366
10-01 11:28:20.681  2373  2682 W PushService: 2018-10-01 11:28:20,681 - [WARN::PushService] - [Thread:80] begin to connect to idmb-app-chat-global-xiaomi02-1415306822.ap-south-1.elb.amazonaws.com:5222
10-01 11:28:20.686  2562  2803 I art     : Explicit concurrent mark sweep GC freed 3088(278KB) AllocSpace objects, 0(0B) LOS objects, 53% free, 7MB/15MB, paused 1.116ms total 65.424ms
10-01 11:28:20.686  2562  2991 I art     : WaitForGcToComplete blocked for 249.067ms for cause Explicit
10-01 11:28:20.686  2562  2991 I art     : Starting a blocking GC Explicit
10-01 11:28:20.690  2562  3066 I art     : Waiting for a blocking GC Explicit
10-01 11:28:20.702  1457  3080 I chatty  : uid=1000(system) NetworkMonitorN expire 5 lines
10-01 11:28:20.711  2663  3187 I XSpaceInitTask: XSpace enabled component : com.miui.xspace.receiver.InstallShortcutReceiver of com.miui.securitycore
10-01 11:28:20.720  1457  1477 I chatty  : uid=1000(system) android.io expire 2 lines
10-01 11:28:20.723  2892  3233 D MI_STAT : initialize com.xiaomi.discover, 2882303761517644019, , true
10-01 11:28:20.738  2562  2991 I art     : Explicit concurrent mark sweep GC freed 4512(355KB) AllocSpace objects, 0(0B) LOS objects, 53% free, 7MB/15MB, paused 1.883ms total 52.035ms
10-01 11:28:20.738  2562  3066 I art     : WaitForGcToComplete blocked for 115.925ms for cause Explicit
10-01 11:28:20.738  2562  3066 I art     : Starting a blocking GC Explicit
10-01 11:28:20.738   632  1449 I miuiFirewall: miui firewall always allow android
10-01 11:28:20.739   632  1449 I miuiFirewall: miui firewall always allow android
10-01 11:28:20.740   632  1449 I miuiFirewall: miui firewall always allow android
10-01 11:28:20.765  3175  3175 I art     : Starting a blocking GC AddRemoveAppImageSpace
10-01 11:28:20.769  2562  2952 V CloudTelephonyManager: phone type: 1
10-01 11:28:20.693  2824  2824 W art     : Verification of void com.google.android.accessibility.talkback.TalkBackService.resumeInfrastructure() took 392.158ms
10-01 11:28:20.786  1457  1612 D Boost   : hostingType=service, hostingName=com.xiaomi.mipicks/com.xiaomi.market.receiver.ManualUpdateScheduler, callerPackage=android, isSystem=true, isBoostNeeded=false.
10-01 11:28:20.786  1457  1612 I ActivityManager: Start proc 3238:com.xiaomi.mipicks/u0a86 for service com.xiaomi.mipicks/com.xiaomi.market.receiver.ManualUpdateScheduler caller=android
10-01 11:28:20.805   632  1449 I miuiFirewall: miui firewall always allow android
10-01 11:28:20.816  3175  3175 W System  : ClassLoader referenced unknown path: /system/app/XiaomiAccount/lib/arm64
10-01 11:28:20.827  2562  3066 I art     : Explicit concurrent mark sweep GC freed 12763(1161KB) AllocSpace objects, 0(0B) LOS objects, 53% free, 7MB/15MB, paused 1.348ms total 88.037ms
10-01 11:28:20.834  3238  3238 D TidaProvider: TidaProvider()
10-01 11:28:20.836  1457  1471 I UsageStatsService: User[999] Rollover scheduled @ 2018-10-01 09:48:59(1538367539098)
10-01 11:28:20.836  1457  1471 I UsageStatsService: User[999] Rolling over usage stats
10-01 11:28:20.841  1968  1991 D IccSmsInterfaceManager: [IccSmsInterfaceManager] Added GSM cell broadcast subscription for MID range 4379 to 4379 from client com.android.cellbroadcastreceiver
10-01 11:28:20.841  1968  1991 D IccSmsInterfaceManager: [IccSmsInterfaceManager] Calling setCellBroadcastActivation(true)
10-01 11:28:20.852  3002  3002 I miuisdk : loading module: com.miui.system
10-01 11:28:20.864  3238  3238 W ReflectionUtils: 
10-01 11:28:20.864  3238  3238 W ReflectionUtils: java.lang.NoSuchMethodException: android.os.MessageQueue#enableMonitor()#bestmatch
10-01 11:28:20.864  3238  3238 W ReflectionUtils: 	at miui.util.ReflectionUtils.findMethodBestMatch(ReflectionUtils.java:338)
10-01 11:28:20.864  3238  3238 W ReflectionUtils: 	at miui.util.ReflectionUtils.findMethodBestMatch(ReflectionUtils.java:375)
10-01 11:28:20.864  3238  3238 W ReflectionUtils: 	at miui.util.ReflectionUtils.callMethod(ReflectionUtils.java:800)
10-01 11:28:20.864  3238  3238 W ReflectionUtils: 	at miui.util.ReflectionUtils.tryCallMethod(ReflectionUtils.java:818)
10-01 11:28:20.864  3238  3238 W ReflectionUtils: 	at android.os.BaseLooper.enableMonitor(BaseLooper.java:47)
10-01 11:28:20.864  3238  3238 W ReflectionUtils: 	at android.os.Looper.prepareMainLooper(Looper.java:112)
10-01 11:28:20.864  3238  3238 W ReflectionUtils: 	at android.app.ActivityThread.main(ActivityThread.java:6211)
10-01 11:28:20.864  3238  3238 W ReflectionUtils: 	at java.lang.reflect.Method.invoke(Native Method)
10-01 11:28:20.864  3238  3238 W ReflectionUtils: 	at com.android.internal.os.ZygoteInit$MethodAndArgsCaller.run(ZygoteInit.java:904)
10-01 11:28:20.864  3238  3238 W ReflectionUtils: 	at com.android.internal.os.ZygoteInit.main(ZygoteInit.java:794)
10-01 11:28:20.864  3238  3238 V BoostFramework: BoostFramework() : mPerf = com.qualcomm.qti.Performance@7b7f5b0
10-01 11:28:20.866  2562  2991 I art     : Starting a blocking GC Explicit
10-01 11:28:20.869  1968  1991 D IccSmsInterfaceManager: [IccSmsInterfaceManager] Failed to remove GSM cell broadcast subscription for MID range 4380 to 4382 from client com.android.cellbroadcastreceiver
10-01 11:28:20.873  1629  1629 D wpa_supplicant: EAPOL: startWhen --> 0
10-01 11:28:20.874  1629  1629 D wpa_supplicant: EAPOL: disable timer tick
10-01 11:28:20.876  1457  1471 I UsageStatsService: User[999] Rollover scheduled @ 2018-10-02 11:28:20(1538459900426)
10-01 11:28:20.877  1457  1471 I UsageStatsService: User[999] Rolling over usage stats complete. Took 41 milliseconds
10-01 11:28:20.884   709  1150 D QSEECOMAPI: QSEECom_get_handle sb_length = 0x2000
10-01 11:28:20.884   709  1150 D QSEECOMAPI: App is not loaded in QSEE
10-01 11:28:20.884   709  1150 D QSEECOMAPI: app_arch = 1, total_files = 8
10-01 11:28:20.899  2562  2991 I art     : Explicit concurrent mark sweep GC freed 23002(1941KB) AllocSpace objects, 0(0B) LOS objects, 53% free, 7MB/15MB, paused 989us total 31.694ms
10-01 11:28:20.899  2562  2991 I art     : Starting a blocking GC Explicit
10-01 11:28:20.908  2824  2824 W art     : Verification of void com.google.android.accessibility.talkback.TalkBackService.suspendInfrastructure() took 125.794ms
10-01 11:28:20.910   709  1150 D QSEECOMAPI: Loaded image: APP id = 524290
10-01 11:28:20.910  2833  2833 D CrashHandler: init
10-01 11:28:20.911   709  1150 D MTService: load app cardapp from /firmware/image OK
10-01 11:28:20.916   491   495 E rpmb_emmc: ----------------------------rpmb_emmc_read-----------------------------
10-01 11:28:20.920  1968  1991 D IccSmsInterfaceManager: [IccSmsInterfaceManager] Calling setGsmBroadcastConfig with 4 configurations
10-01 11:28:20.920  1457  1584 D ConnectivityService: NetworkAgentInfo [WIFI () - 101] validation passed
10-01 11:28:20.923  1629  1629 D wpa_supplicant: wlan0: Control interface command 'SIGNAL_POLL'
10-01 11:28:20.927  1629  1629 D wpa_supplicant: CTRL-DEBUG: global_ctrl_sock-sendto: sock=8 sndbuf=212992 outq=0 send_len=48
10-01 11:28:20.927  1629  1629 D wpa_supplicant: EAPOL: EAP Session-Id not available
10-01 11:28:20.927  1629  1629 D wpa_supplicant: CTRL-DEBUG: global_ctrl_sock-sendto: sock=8 sndbuf=212992 outq=0 send_len=366
10-01 11:28:20.931  1457  3260 I chatty  : uid=1000 system_server expire 58 lines
10-01 11:28:20.938  2562  2991 I art     : Explicit concurrent mark sweep GC freed 599(42KB) AllocSpace objects, 0(0B) LOS objects, 53% free, 6MB/14MB, paused 763us total 39.127ms
10-01 11:28:20.938   709  1150 D MTService: Response OK, size: 64
10-01 11:28:20.938   709  1150 D QSEECOMAPI: QSEECom_dealloc_memory 
10-01 11:28:20.938   709  1150 D QSEECOMAPI: QSEECom_shutdown_app, app_id = 524290
10-01 11:28:20.943   709  1150 D IMTService: sign length: 128
10-01 11:28:20.945   709  1150 D QSEECOMAPI: QSEECom_get_handle sb_length = 0x2000
10-01 11:28:20.945   709  1150 D QSEECOMAPI: App is not loaded in QSEE
10-01 11:28:20.945   709  1150 D QSEECOMAPI: app_arch = 1, total_files = 8
10-01 11:28:20.962   709  1150 D QSEECOMAPI: Loaded image: APP id = 589826
10-01 11:28:20.963   709  1150 D MTService: load app cardapp from /firmware/image OK
10-01 11:28:20.967   491   495 E rpmb_emmc: ----------------------------rpmb_emmc_read-----------------------------
10-01 11:28:20.970   632  1449 I miuiFirewall: miui firewall always allow android
10-01 11:28:20.970  1457  3214 I chatty  : uid=1000 system_server expire 2 lines
10-01 11:28:20.971  3204  3204 I art     : Starting a blocking GC AddRemoveAppImageSpace
10-01 11:28:20.972  3204  3204 W System  : ClassLoader referenced unknown path: /system/app/KeyChain/lib/arm64
10-01 11:28:20.980   709  1150 D MTService: Response OK, size: 64
10-01 11:28:20.981   709  1150 D QSEECOMAPI: QSEECom_dealloc_memory 
10-01 11:28:20.981   709  1150 D QSEECOMAPI: QSEECom_shutdown_app, app_id = 589826
10-01 11:28:20.988   709  1150 D IMTService: sign length: 128
10-01 11:28:20.991  2663  3187 I XSpaceInitTask: XSpace has not pkg to delete.
10-01 11:28:21.001   709  1150 D QSEECOMAPI: QSEECom_get_handle sb_length = 0x2000
10-01 11:28:21.001   709  1150 D QSEECOMAPI: App is not loaded in QSEE
10-01 11:28:21.001   709  1150 D QSEECOMAPI: app_arch = 1, total_files = 8
10-01 11:28:21.010  1457  1618 I chatty  : uid=1000(system) PhotonicModulat expire 10 lines
10-01 11:28:21.018   709  1150 D QSEECOMAPI: Loaded image: APP id = 655362
10-01 11:28:21.019   709  1150 D MTService: load app cardapp from /firmware/image OK
10-01 11:28:21.030   709  1150 D MTService: Response OK, size: 32
10-01 11:28:21.030   709  1150 D QSEECOMAPI: QSEECom_dealloc_memory 
10-01 11:28:21.030   709  1150 D QSEECOMAPI: QSEECom_shutdown_app, app_id = 655362
10-01 11:28:21.038  2663  3187 I XSpaceService: XSpace miss pkg: com.xiaomi.gamecenter.sdk.service, auto installed.
10-01 11:28:21.041  2373  2682 W PushService: 2018-10-01 11:28:21,041 - [WARN::PushService] - [Thread:80] tcp connected
10-01 11:28:21.042  1457  1481 D AutomaticBrightnessController: luxvalue = 141.0
10-01 11:28:21.042  1457  1481 D DisplayPowerController: getScreenDarkenRate: brighten rate=50
10-01 11:28:21.048  2824  2824 W art     : Verification of void com.google.android.accessibility.talkback.TalkBackService.onAccessibilityEvent(android.view.accessibility.AccessibilityEvent) took 138.475ms
10-01 11:28:21.054  2373  2682 W PushService: 2018-10-01 11:28:21,054 - [WARN::PushService] - [Thread:80] load config failure: /data/user/0/com.xiaomi.xmsf/files/XMCloudCfg (No such file or directory)
10-01 11:28:21.054  2562  2803 D CloudTelephonyManager: blockingGetDeviceId is called by com.xiaomi.finddevice with timeout: 60000
10-01 11:28:21.055  2861  2861 I DynamicDumpReceiver: Dynamic receiver registered
10-01 11:28:21.056  2373  2682 W PushService: 2018-10-01 11:28:21,055 - [WARN::PushService] - [Thread:80] [slim] open conn: andver=25 sdk=37 hash=2jmj7l5rSw0yVb_v tz=5:0 Model=Redmi 5A os=V9.6.5.0.NCKMIFD
10-01 11:28:21.056  2373  2682 W PushService: 2018-10-01 11:28:21,056 - [WARN::PushService] - [Thread:80] connected to idmb-app-chat-global-xiaomi02-1415306822.ap-south-1.elb.amazonaws.com:5222 in 376
10-01 11:28:21.076  2861  3270 I ActivateService: uid:9810 pid:2562 ts:48675 start action:com.xiaomi.activate.service.ACTION_ACTIVATE_SIM_COMMEND
10-01 11:28:21.077  2861  3271 I ActivateService: uid:9810 pid:2562 ts:48674 start action:com.xiaomi.activate.service.ACTION_ACTIVATE_SIM_COMMEND
10-01 11:28:21.079  2861  3197 I ActivateService: uid:9810 pid:2562 m:getMXPhoneTicket slotId:0 subId:1 ts:48678
10-01 11:28:21.079  2861  2887 I ActivateService: uid:9810 pid:2562 m:getActivateInfo2 slotId:0 subId:1 ts:48679
10-01 11:28:21.096  2695  3159 I FeatureParser: can't find riva.xml in assets/device_features/,it may be in /system/etc/device_features
10-01 11:28:21.097  2861  2887 V SimIdHelper: phone type: 1
10-01 11:28:21.117  1968  1991 D IccSmsInterfaceManager: [IccSmsInterfaceManager] Added GSM cell broadcast subscription for MID range 4383 to 4383 from client com.android.cellbroadcastreceiver
10-01 11:28:21.117  1968  1991 D IccSmsInterfaceManager: [IccSmsInterfaceManager] Calling setCellBroadcastActivation(true)
10-01 11:28:21.119  2861  3277 D PassportLoginRequest: CA-Request not ready for login byPassToken, fallback to https way
10-01 11:28:21.119  2824  2824 I art     : Rejecting re-init on previously-failed class java.lang.Class<com.google.android.accessibility.talkback.TalkBackService$6>: java.lang.NoClassDefFoundError: Failed resolution of: Landroid/accessibilityservice/FingerprintGestureController$FingerprintGestureCallback;
10-01 11:28:21.119  2824  2824 I art     :   at void com.google.android.accessibility.talkback.BootReceiver.onReceive(android.content.Context, android.content.Intent) (BootReceiver.java:1160)
10-01 11:28:21.119  2824  2824 I art     :   at void android.app.ActivityThread.handleReceiver(android.app.ActivityThread$ReceiverData) (ActivityThread.java:3096)
10-01 11:28:21.119  2824  2824 I art     :   at void android.app.ActivityThread.-wrap18(android.app.ActivityThread, android.app.ActivityThread$ReceiverData) (ActivityThread.java:-1)
10-01 11:28:21.119  2824  2824 I art     :   at void android.app.ActivityThread$H.handleMessage(android.os.Message) (ActivityThread.java:1607)
10-01 11:28:21.119  2824  2824 I art     :   at void android.os.Handler.dispatchMessage(android.os.Message) (Handler.java:102)
10-01 11:28:21.119  2824  2824 I art     :   at void android.os.Looper.loop() (Looper.java:163)
10-01 11:28:21.119  2824  2824 I art     :   at void android.app.ActivityThread.main(java.lang.String[]) (ActivityThread.java:6228)
10-01 11:28:21.119  2824  2824 I art     :   at java.lang.Object java.lang.reflect.Method.invoke!(java.lang.Object, java.lang.Object[]) (Method.java:-2)
10-01 11:28:21.119  2824  2824 I art     :   at void com.android.internal.os.ZygoteInit$MethodAndArgsCaller.run() (ZygoteInit.java:904)
10-01 11:28:21.119  2824  2824 I art     :   at void com.android.internal.os.ZygoteInit.main(java.lang.String[]) (ZygoteInit.java:794)
10-01 11:28:21.119  2824  2824 I art     : Caused by: java.lang.ClassNotFoundException: Didn't find class "android.accessibilityservice.FingerprintGestureController$FingerprintGestureCallback" on path: DexPathList[[zip file "/data/app/com.google.android.marvin.talkback-2/base.apk"],nativeLibraryDirectories=[/data/app/com.google.android.marvin.talkback-2/lib/arm64, /system/lib64, /vendor/lib64]]
10-01 11:28:21.119  2824  2824 I art     :   at java.lang.Class dalvik.system.BaseDexClassLoader.findClass(java.lang.String) (BaseDexClassLoader.java:56)
10-01 11:28:21.119  2824  2824 I art     :   at java.lang.Class java.lang.ClassLoader.loadClass(java.lang.String, boolean) (ClassLoader.java:380)
10-01 11:28:21.119  2824  2824 I art     :   at java.lang.Class java.lang.ClassLoader.loadClass(java.lang.String) (ClassLoader.java:312)
10-01 11:28:21.119  2824  2824 I art     :   at void com.google.android.accessibility.talkback.BootReceiver.onReceive(android.content.Context, android.content.Intent) (BootReceiver.java:1160)
10-01 11:28:21.119  2824  2824 I art     :   at void android.app.ActivityThread.handleReceiver(android.app.ActivityThread$ReceiverData) (ActivityThread.java:3096)
10-01 11:28:21.119  2824  2824 I art     :   at void android.app.ActivityThread.-wrap18(android.app.ActivityThread, android.app.ActivityThread$ReceiverData) (ActivityThread.java:-1)
10-01 11:28:21.119  2824  2824 I art     :   at void android.app.ActivityThread$H.handleMessage(android.os.Message) (ActivityThread.java:1607)
10-01 11:28:21.119  2824  2824 I art     :   at void android.os.Handler.dispatchMessage(android.os.Message) (Handler.java:102)
10-01 11:28:21.119  2824  2824 I art     :   at void android.os.Looper.loop() (Looper.java:163)
10-01 11:28:21.119  2824  2824 I art     :   at void android.app.ActivityThread.main(java.lang.String[]) (ActivityThread.java:6228)
10-01 11:28:21.119  2824  2824 I art     :   at java.lang.Object java.lang.reflect.Method.invoke!(java.lang.Object, java.lang.Object[]) (Method.java:-2)
10-01 11:28:21.119  2824  2824 I art     :   at void com.android.internal.os.ZygoteInit$MethodAndArgsCaller.run() (ZygoteInit.java:904)
10-01 11:28:21.119  2824  2824 I art     :   at void com.android.internal.os.ZygoteInit.main(java.lang.String[]) (ZygoteInit.java:794)
10-01 11:28:21.119  2824  2824 I art     : 
10-01 11:28:21.121  2861  3277 I SecurityDeviceCredentialManager: getService: sService == null. 
10-01 11:28:21.121  2861  3277 W SecurityDeviceCredentialManager: getService: binder not alive. 
10-01 11:28:21.131  2861  3271 I ActivateInfoStorage: subId 2147483644 simState not ready : 1
10-01 11:28:21.344  3007  3007 W pool-2-thread-1: type=1400 audit(0.0:125): avc: denied { execute } for path="/data/data/com.miui.whetstone/app_dex/analytics.dex" dev="dm-1" ino=129916 scontext=u:r:system_app:s0 tcontext=u:object_r:system_app_data_file:s0 tclass=file permissive=0
10-01 11:28:21.344  3007  3007 W pool-2-thread-1: type=1400 audit(0.0:126): avc: denied { execute } for path="/data/data/com.miui.whetstone/app_dex/analytics.dex" dev="dm-1" ino=129916 scontext=u:r:system_app:s0 tcontext=u:object_r:system_app_data_file:s0 tclass=file permissive=0
10-01 11:28:21.138  2861  2887 I ActivateService: uid:9810 pid:2562 m:getActivateInfo2 slotId:0 subId:1 ts:48679 onResult ACTIVATED
10-01 11:28:21.144  1968  1986 D IccSmsInterfaceManager: [IccSmsInterfaceManager] Calling setGsmBroadcastConfig with 5 configurations
10-01 11:28:21.149  2652  3266 D DataUpdateManager: {serviceName:com.miui.telocation, packageName:com.miui.core}
10-01 11:28:21.149  2652  3266 D DataUpdateManager: {serviceName:com.miui.holiday, packageName:com.android.providers.calendar}
10-01 11:28:21.161  1457  2726 D Boost   : hostingType=service, hostingName=com.google.android.googlequicksearchbox/com.google.android.hotword.service.HotwordService, callerPackage=com.google.android.googlequicksearchbox, isSystem=true, isBoostNeeded=false.
10-01 11:28:21.161  1457  2726 I ActivityManager: Start proc 3282:com.google.android.googlequicksearchbox:search/u0a48 for service com.google.android.googlequicksearchbox/com.google.android.hotword.service.HotwordService caller=com.google.android.googlequicksearchbox
10-01 11:28:21.161  2861  3281 I ActivateInfoStorage: sim is absent
10-01 11:28:21.163  2652  3263 W System.err: java.lang.SecurityException: getDeviceId: Neither user 10119 nor current process has android.permission.READ_PHONE_STATE.
10-01 11:28:21.164  2652  3263 W System.err: 	at android.os.Parcel.readException(Parcel.java:1684)
10-01 11:28:21.164  2652  3263 W System.err: 	at android.os.Parcel.readException(Parcel.java:1637)
10-01 11:28:21.164  2652  3263 W System.err: 	at com.android.internal.telephony.ITelephony$Stub$Proxy.getDeviceId(ITelephony.java:4665)
10-01 11:28:21.164  2652  3263 W System.err: 	at android.telephony.TelephonyManager.getDeviceId(TelephonyManager.java:851)
10-01 11:28:21.164  2652  3263 W System.err: 	at com.miui.internal.server.DataUpdateManager.hA(SourceFile:266)
10-01 11:28:21.164  2652  3263 W System.err: 	at com.miui.internal.server.DataUpdateManager.hF(SourceFile:164)
10-01 11:28:21.164  2652  3263 W System.err: 	at com.miui.internal.server.DataUpdateManager.update(SourceFile:118)
10-01 11:28:21.164  2652  3263 W System.err: 	at com.miui.internal.server.CoreJobService$AnyNetworkJob.run(SourceFile:99)
10-01 11:28:21.164  2652  3263 W System.err: 	at java.lang.Thread.run(Thread.java:760)
10-01 11:28:21.165  2861  3281 I SimActivateExecutor: subId: 2147483644 ActivateException
10-01 11:28:21.165  2861  3281 I SimActivateExecutor: error:SIM_ABSENT com.xiaomi.activate.exception.ActivateException
10-01 11:28:21.165  2861  3281 I SimActivateExecutor: 	at com.xiaomi.activate.simactivate.ActivateTask.start(ActivateTask.java:97)
10-01 11:28:21.165  2861  3281 I SimActivateExecutor: 	at com.xiaomi.activate.simactivate.SimActivateExecutor$1.run(SimActivateExecutor.java:60)
10-01 11:28:21.165  2861  3281 I SimActivateExecutor: 	at android.os.Handler.handleCallback(Handler.java:754)
10-01 11:28:21.165  2861  3281 I SimActivateExecutor: 	at android.os.Handler.dispatchMessage(Handler.java:95)
10-01 11:28:21.165  2861  3281 I SimActivateExecutor: 	at android.os.Looper.loop(Looper.java:163)
10-01 11:28:21.165  2861  3281 I SimActivateExecutor: 	at android.os.HandlerThread.run(HandlerThread.java:61)
10-01 11:28:21.165  2562  2802 V ActivateStatusReceiver: Updating activate info for sim 0 inserted=true status=3
10-01 11:28:21.172  2373  3267 W PushService: 2018-10-01 11:28:21,172 - [WARN::PushService] - [Thread:89] setChallenge hash = 9a56dbdf
10-01 11:28:21.173  2373  3267 W PushService: 2018-10-01 11:28:21,173 - [WARN::PushService] - [Thread:89] update the connection status. connecting -> connected : ERROR_OK 
10-01 11:28:21.173  2861  3277 I SecurityDeviceCredentialManager: getService: sService != null. 
10-01 11:28:21.173  2861  3277 I SecurityDeviceCredentialManager: getService: binder alive. 
10-01 11:28:21.182   709  1150 D QSEECOMAPI: QSEECom_get_handle sb_length = 0x2000
10-01 11:28:21.183   709  1150 D QSEECOMAPI: App is not loaded in QSEE
10-01 11:28:21.183   709  1150 D QSEECOMAPI: app_arch = 1, total_files = 8
10-01 11:28:21.187  3282  3282 D TidaProvider: TidaProvider()
10-01 11:28:21.189  2373  2682 W PushService: 2018-10-01 11:28:21,189 - [WARN::PushService] - [Thread:80] JOB: bind the client. 5
10-01 11:28:21.190  2373  2682 W PushService: 2018-10-01 11:28:21,190 - [WARN::PushService] - [Thread:80] update the client 5 status. unbind->binding unknown ERROR_OK null null
10-01 11:28:21.191  2373  2682 W PushService: 2018-10-01 11:28:21,191 - [WARN::PushService] - [Thread:80] [Slim]: bind id=430s1-0
10-01 11:28:21.193  2373  3267 W PushService: 2018-10-01 11:28:21,192 - [WARN::PushService] - [Thread:89] [Slim] CONN: host = a18f
10-01 11:28:21.195  3282  3282 W ReflectionUtils: 
10-01 11:28:21.195  3282  3282 W ReflectionUtils: java.lang.NoSuchMethodException: android.os.MessageQueue#enableMonitor()#bestmatch
10-01 11:28:21.195  3282  3282 W ReflectionUtils: 	at miui.util.ReflectionUtils.findMethodBestMatch(ReflectionUtils.java:338)
10-01 11:28:21.195  3282  3282 W ReflectionUtils: 	at miui.util.ReflectionUtils.findMethodBestMatch(ReflectionUtils.java:375)
10-01 11:28:21.195  3282  3282 W ReflectionUtils: 	at miui.util.ReflectionUtils.callMethod(ReflectionUtils.java:800)
10-01 11:28:21.195  3282  3282 W ReflectionUtils: 	at miui.util.ReflectionUtils.tryCallMethod(ReflectionUtils.java:818)
10-01 11:28:21.195  3282  3282 W ReflectionUtils: 	at android.os.BaseLooper.enableMonitor(BaseLooper.java:47)
10-01 11:28:21.195  3282  3282 W ReflectionUtils: 	at android.os.Looper.prepareMainLooper(Looper.java:112)
10-01 11:28:21.195  3282  3282 W ReflectionUtils: 	at android.app.ActivityThread.main(ActivityThread.java:6211)
10-01 11:28:21.195  3282  3282 W ReflectionUtils: 	at java.lang.reflect.Method.invoke(Native Method)
10-01 11:28:21.195  3282  3282 W ReflectionUtils: 	at com.android.internal.os.ZygoteInit$MethodAndArgsCaller.run(ZygoteInit.java:904)
10-01 11:28:21.195  3282  3282 W ReflectionUtils: 	at com.android.internal.os.ZygoteInit.main(ZygoteInit.java:794)
10-01 11:28:21.195  3282  3282 V BoostFramework: BoostFramework() : mPerf = com.qualcomm.qti.Performance@7b7f5b0
10-01 11:28:21.196  2850  2850 I GoogleHttpClient: GMS http client unavailable, use old client
10-01 11:28:21.204  3238  3238 I art     : Starting a blocking GC AddRemoveAppImageSpace
10-01 11:28:21.209  2466  2466 I Launcher.ApplicationsMessage: onReceive true
10-01 11:28:21.209  2466  2466 I Launcher.ApplicationsMessage: update com.android.systemui/ to null
10-01 11:28:21.216  3002  3002 D miuisdk : process com.miui.system successful
10-01 11:28:21.216  3002  3002 D miuisdk : process modules finished
10-01 11:28:21.220   709  1150 D QSEECOMAPI: Loaded image: APP id = 720898
10-01 11:28:21.227   709  1150 D MTService: load app cardapp from /firmware/image OK
10-01 11:28:21.228  3175  3175 D miuisdk : current sdk level is 14
10-01 11:28:21.228  3175  3175 D         : InitMiuiSdkHookClasses
10-01 11:28:21.228  3175  3175 I         : create_mem miui-classproxy page:0x7fa20f2000, size:4096
10-01 11:28:21.233  2466  2722 D IconCustomizer: Content Ratio = 1.0
10-01 11:28:21.234  3204  3204 I LoadedApk: No resource references to update in package com.android.keychain
10-01 11:28:21.238   491   495 E rpmb_emmc: ----------------------------rpmb_emmc_read-----------------------------
10-01 11:28:21.244  2861  2887 I ActivateService: uid:9810 pid:2562 m:getActivateInfo2 slotId:1 subId:2147483644 ts:48843
10-01 11:28:21.253  2861  2887 I ActivateInfoStorage: subId 2147483644 simState not ready : 1
10-01 11:28:21.253  1457  1608 V PerfShielderService: Miui performance service started
10-01 11:28:21.253  2861  2887 I ActivateService: uid:9810 pid:2562 m:getActivateInfo2 slotId:1 subId:2147483644 ts:48843 onResult not inserted
10-01 11:28:21.257  2562  2802 V ActivateStatusReceiver: Updating activate info for sim 1 inserted=false status=-1
10-01 11:28:21.258  2652  3266 I art     : Waiting for a blocking GC DisableMovingGc
10-01 11:28:21.265  2605  3007 I chatty  : uid=1000(system) pool-2-thread-1 expire 1 line
